Archive member included to satisfy reference by file (symbol)

contiki-srf06-cc26xx.a(contiki-main.o)
                              obj_srf06-cc26xx/startup_gcc.o (main)
contiki-srf06-cc26xx.a(sensors.o)
                              border-router.co (sensors_event)
contiki-srf06-cc26xx.a(leds.o)
                              contiki-srf06-cc26xx.a(contiki-main.o) (leds_init)
contiki-srf06-cc26xx.a(board.o)
                              contiki-srf06-cc26xx.a(contiki-main.o) (board_init)
contiki-srf06-cc26xx.a(launchpad-senso)
                              contiki-srf06-cc26xx.a(sensors.o) (sensors_flags)
contiki-srf06-cc26xx.a(leds-arch.o)
                              contiki-srf06-cc26xx.a(leds.o) (leds_arch_init)
contiki-srf06-cc26xx.a(button-sensor.o)
                              contiki-srf06-cc26xx.a(launchpad-senso) (button_right_sensor)
contiki-srf06-cc26xx.a(ext-flash.o)
                              contiki-srf06-cc26xx.a(board.o) (ext_flash_init)
contiki-srf06-cc26xx.a(board-spi.o)
                              contiki-srf06-cc26xx.a(ext-flash.o) (board_spi_write)
contiki-srf06-cc26xx.a(prop-mode.o)
                              contiki-srf06-cc26xx.a(contiki-main.o) (prop_mode_driver)
contiki-srf06-cc26xx.a(clock.o)
                              contiki-srf06-cc26xx.a(contiki-main.o) (clock_init)
contiki-srf06-cc26xx.a(rtimer-arch.o)
                              contiki-srf06-cc26xx.a(prop-mode.o) (rtimer_arch_now)
contiki-srf06-cc26xx.a(soc-rtc.o)
                              contiki-srf06-cc26xx.a(contiki-main.o) (soc_rtc_init)
contiki-srf06-cc26xx.a(contiki-watchdo)
                              contiki-srf06-cc26xx.a(contiki-main.o) (watchdog_init)
contiki-srf06-cc26xx.a(putchar.o)
                              border-router.co (putchar)
contiki-srf06-cc26xx.a(ieee-addr.o)
                              contiki-srf06-cc26xx.a(contiki-main.o) (ieee_addr_cpy_to)
contiki-srf06-cc26xx.a(slip-arch.o)
                              obj_srf06-cc26xx/slip-bridge.o (slip_arch_init)
contiki-srf06-cc26xx.a(slip.o)
                              obj_srf06-cc26xx/slip-bridge.o (slip_set_input_callback)
contiki-srf06-cc26xx.a(cc26xx-uart.o)
                              contiki-srf06-cc26xx.a(contiki-main.o) (cc26xx_uart_init)
contiki-srf06-cc26xx.a(lpm.o)
                              contiki-srf06-cc26xx.a(button-sensor.o) (lpm_shutdown)
contiki-srf06-cc26xx.a(gpio-interrupt.)
                              contiki-srf06-cc26xx.a(button-sensor.o) (gpio_interrupt_register_handler)
contiki-srf06-cc26xx.a(oscillators.o)
                              contiki-srf06-cc26xx.a(contiki-main.o) (oscillators_select_lf_xosc)
contiki-srf06-cc26xx.a(rf-core.o)
                              contiki-srf06-cc26xx.a(prop-mode.o) (rf_core_is_accessible)
contiki-srf06-cc26xx.a(rf-ble.o)
                              contiki-srf06-cc26xx.a(prop-mode.o) (rf_ble_is_active)
contiki-srf06-cc26xx.a(random.o)
                              contiki-srf06-cc26xx.a(contiki-main.o) (random_init)
contiki-srf06-cc26xx.a(soc-trng.o)
                              contiki-srf06-cc26xx.a(random.o) (soc_trng_rand_synchronous)
contiki-srf06-cc26xx.a(dbg-printf.o)
                              obj_srf06-cc26xx/slip-bridge.o (printf)
contiki-srf06-cc26xx.a(dbg-snprintf.o)
                              border-router.co (snprintf)
contiki-srf06-cc26xx.a(strformat.o)
                              contiki-srf06-cc26xx.a(dbg-printf.o) (format_str_v)
contiki-srf06-cc26xx.a(autostart.o)
                              contiki-srf06-cc26xx.a(contiki-main.o) (autostart_start)
contiki-srf06-cc26xx.a(ctimer.o)
                              contiki-srf06-cc26xx.a(contiki-main.o) (ctimer_init)
contiki-srf06-cc26xx.a(energest.o)
                              contiki-srf06-cc26xx.a(contiki-main.o) (energest_init)
contiki-srf06-cc26xx.a(etimer.o)
                              contiki-srf06-cc26xx.a(clock.o) (etimer_request_poll)
contiki-srf06-cc26xx.a(process.o)
                              contiki-srf06-cc26xx.a(sensors.o) (process_alloc_event)
contiki-srf06-cc26xx.a(rtimer.o)
                              contiki-srf06-cc26xx.a(contiki-main.o) (rtimer_init)
contiki-srf06-cc26xx.a(timer.o)
                              obj_srf06-cc26xx/httpd-simple.o (timer_set)
contiki-srf06-cc26xx.a(serial-line.o)
                              contiki-srf06-cc26xx.a(contiki-main.o) (serial_line_init)
contiki-srf06-cc26xx.a(ringbuf.o)
                              contiki-srf06-cc26xx.a(serial-line.o) (ringbuf_init)
contiki-srf06-cc26xx.a(list.o)
                              contiki-srf06-cc26xx.a(lpm.o) (list_init)
contiki-srf06-cc26xx.a(memb.o)
                              obj_srf06-cc26xx/httpd-simple.o (memb_init)
contiki-srf06-cc26xx.a(uip-ds6.o)
                              border-router.co (uip_ds6_if)
contiki-srf06-cc26xx.a(uip-ds6-route.o)
                              contiki-srf06-cc26xx.a(uip-ds6.o) (uip_ds6_route_init)
contiki-srf06-cc26xx.a(uip6.o)
[...]
Memory Configuration

Name             Origin             Length             Attributes
FLASH            0x00000000         0x0001ffa8         xr
FLASH_CCFG       0x0001ffa8         0x00000058         xr
SRAM             0x20000000         0x00005000         xrw
GPRAM            0x11000000         0x00002000         xrw
*default*        0x00000000         0xffffffff

Linker script and memory map

LOAD obj_srf06-cc26xx/fault-handlers.o
LOAD obj_srf06-cc26xx/ccfg.o
LOAD obj_srf06-cc26xx/startup_gcc.o
LOAD border-router.co
LOAD obj_srf06-cc26xx/slip-bridge.o
LOAD obj_srf06-cc26xx/httpd-simple.o
LOAD contiki-srf06-cc26xx.a
LOAD /usr/lib/gcc/arm-none-eabi/4.9.3/../../../arm-none-eabi/lib/armv7-m/libm.a
START GROUP
LOAD /usr/lib/gcc/arm-none-eabi/4.9.3/armv7-m/libgcc.a
LOAD /usr/lib/gcc/arm-none-eabi/4.9.3/../../../arm-none-eabi/lib/armv7-m/libc.a
END GROUP
                0x20005000                _estack = (ORIGIN (SRAM) + LENGTH (SRAM))
                0x00000000                _Min_Heap_Size = 0x0
                0x00000100                _Min_Stack_Size = 0x100

.text           0x00000000     0xd553
                0x00000000                _text = .
 *(SORT(.vectors))
 .vectors       0x00000000       0xc8 obj_srf06-cc26xx/startup_gcc.o
                0x00000000                g_pfnVectors
 *(SORT(.text*))
 .text.FaultISR
                0x000000c8       0x18 obj_srf06-cc26xx/fault-handlers.o
                0x000000c8                FaultISR
 .text.ResetISR
                0x000000e0       0x4c obj_srf06-cc26xx/startup_gcc.o
                0x000000e0                ResetISR
 .text.process_thread_webserver_nogui_process
                0x0000012c       0x34 border-router.co
 .text.ipaddr_add
                0x00000160       0xa0 border-router.co
 .text.generate_routes
                0x00000200      0x200 border-router.co
 .text.httpd_simple_get_script
                0x00000400        0x8 border-router.co
                0x00000400                httpd_simple_get_script
 .text.request_prefix
                0x00000408       0x24 border-router.co
                0x00000408                request_prefix
 .text.process_thread_border_router_process
                0x0000042c       0xf0 border-router.co
 .text.set_prefix_64
                0x0000051c       0x68 border-router.co
                0x0000051c                set_prefix_64
 .text.init     0x00000584       0x24 obj_srf06-cc26xx/slip-bridge.o
 .text.slip_input_callback
                0x000005a8       0xdc obj_srf06-cc26xx/slip-bridge.o
 .text.output   0x00000684       0x4c obj_srf06-cc26xx/slip-bridge.o
 .text.handle_input
                0x000006d0       0xc8 obj_srf06-cc26xx/httpd-simple.o
 .text.send_headers
                0x00000798       0x50 obj_srf06-cc26xx/httpd-simple.o
 .text.handle_output
                0x000007e8       0xcc obj_srf06-cc26xx/httpd-simple.o
 .text.httpd_appcall
                0x000008b4       0xd0 obj_srf06-cc26xx/httpd-simple.o
                0x000008b4                httpd_appcall
 .text.httpd_init
                0x00000984       0x18 obj_srf06-cc26xx/httpd-simple.o
                0x00000984                httpd_init
 .text.startup.main
                0x0000099c      0x24c contiki-srf06-cc26xx.a(contiki-main.o)
                0x0000099c                main
 .text.process_thread_sensors_process
                0x00000be8       0xd4 contiki-srf06-cc26xx.a(sensors.o)
 .text.sensors_changed
                0x00000cbc       0x38 contiki-srf06-cc26xx.a(sensors.o)
                0x00000cbc                sensors_changed
 .text.leds_init
                0x00000cf4       0x14 contiki-srf06-cc26xx.a(leds.o)
                0x00000cf4                leds_init
 .text.leds_on  0x00000d08       0x10 contiki-srf06-cc26xx.a(leds.o)
                0x00000d08                leds_on
 .text.leds_off
                0x00000d18       0x14 contiki-srf06-cc26xx.a(leds.o)
                0x00000d18                leds_off
 .text.wakeup_handler
                0x00000d2c       0x20 contiki-srf06-cc26xx.a(board.o)
 .text.board_init
                0x00000d4c       0x98 contiki-srf06-cc26xx.a(board.o)
                0x00000d4c                board_init
 .text.leds_arch_init
                0x00000de4       0x34 contiki-srf06-cc26xx.a(leds-arch.o)
                0x00000de4                leds_arch_init
 .text.leds_arch_set
                0x00000e18       0x2c contiki-srf06-cc26xx.a(leds-arch.o)
                0x00000e18                leds_arch_set
 .text.status.part.0
                0x00000e44       0x14 contiki-srf06-cc26xx.a(button-sensor.o)
 .text.value_left
                0x00000e58       0x24 contiki-srf06-cc26xx.a(button-sensor.o)
 .text.value_right
                0x00000e7c       0x18 contiki-srf06-cc26xx.a(button-sensor.o)
 .text.config_buttons
                0x00000e94       0x7c contiki-srf06-cc26xx.a(button-sensor.o)
 .text.button_press_handler
                0x00000f10       0x64 contiki-srf06-cc26xx.a(button-sensor.o)
 .text.verify_part
                0x00000f74       0x74 contiki-srf06-cc26xx.a(ext-flash.o)
 .text.wait_ready
                0x00000fe8       0x5c contiki-srf06-cc26xx.a(ext-flash.o)
 .text.ext_flash_open
                0x00001044       0x54 contiki-srf06-cc26xx.a(ext-flash.o)
                0x00001044                ext_flash_open
 .text.ext_flash_close
                0x00001098       0x4c contiki-srf06-cc26xx.a(ext-flash.o)
                0x00001098                ext_flash_close
 .text.accessible
                0x000010e4       0x24 contiki-srf06-cc26xx.a(board-spi.o)
 .text.board_spi_write
                0x00001108       0x3c contiki-srf06-cc26xx.a(board-spi.o)
                0x00001108                board_spi_write
 .text.board_spi_read
                0x00001144       0x48 contiki-srf06-cc26xx.a(board-spi.o)
                0x00001144                board_spi_read
 .text.board_spi_flush
                0x0000118c       0x24 contiki-srf06-cc26xx.a(board-spi.o)
                0x0000118c                board_spi_flush
 .text.board_spi_open
                0x000011b0       0xbc contiki-srf06-cc26xx.a(board-spi.o)
                0x000011b0                board_spi_open
 .text.board_spi_close
                0x0000126c       0x70 contiki-srf06-cc26xx.a(board-spi.o)
                0x0000126c                board_spi_close
 .text.get_channel
                0x000012dc       0x30 contiki-srf06-cc26xx.a(prop-mode.o)
 .text.rf_is_on
                0x0000130c       0x18 contiki-srf06-cc26xx.a(prop-mode.o)
 .text.soft_off_prop
                0x00001324       0x2c contiki-srf06-cc26xx.a(prop-mode.o)
 .text.rx_on_prop
                0x00001350       0x60 contiki-srf06-cc26xx.a(prop-mode.o)
 .text.prepare  0x000013b0       0x1c contiki-srf06-cc26xx.a(prop-mode.o)
 .text.pending_packet
                0x000013cc       0x2c contiki-srf06-cc26xx.a(prop-mode.o)
 .text.read_frame
                0x000013f8       0x4c contiki-srf06-cc26xx.a(prop-mode.o)
 .text.rx_off_prop
                0x00001444       0x40 contiki-srf06-cc26xx.a(prop-mode.o)
 .text.prop_div_radio_setup
                0x00001484       0x3c contiki-srf06-cc26xx.a(prop-mode.o)
 .text.prop_fs  0x000014c0       0x28 contiki-srf06-cc26xx.a(prop-mode.o)
 .text.off      0x000014e8       0x34 contiki-srf06-cc26xx.a(prop-mode.o)
 .text.on       0x0000151c       0xa4 contiki-srf06-cc26xx.a(prop-mode.o)
 .text.set_value
                0x000015c0       0xf4 contiki-srf06-cc26xx.a(prop-mode.o)
 .text.get_value
                0x000016b4       0xbc contiki-srf06-cc26xx.a(prop-mode.o)
 .text.transmit
                0x00001770       0x90 contiki-srf06-cc26xx.a(prop-mode.o)
 .text.channel_clear
                0x00001800       0x6c contiki-srf06-cc26xx.a(prop-mode.o)
 .text.init     0x0000186c       0xc0 contiki-srf06-cc26xx.a(prop-mode.o)
 .text.power_domain_on
                0x0000192c       0x20 contiki-srf06-cc26xx.a(clock.o)
 .text.update_clock_variable
                0x0000194c       0x2c contiki-srf06-cc26xx.a(clock.o)
 .text.clock_init
                0x00001978       0x94 contiki-srf06-cc26xx.a(clock.o)
                0x00001978                clock_init
 .text.clock_time
                0x00001a0c       0x14 contiki-srf06-cc26xx.a(clock.o)
                0x00001a0c                clock_time
 .text.clock_seconds
                0x00001a20       0x18 contiki-srf06-cc26xx.a(clock.o)
                0x00001a20                clock_seconds
 .text.soc_rtc_init
                0x00001a38       0xa0 contiki-srf06-cc26xx.a(soc-rtc.o)
                0x00001a38                soc_rtc_init
 .text.soc_rtc_schedule_one_shot
                0x00001ad8       0x5c contiki-srf06-cc26xx.a(soc-rtc.o)
                0x00001ad8                soc_rtc_schedule_one_shot
 .text.soc_rtc_last_isr_time
                0x00001b34        0xc contiki-srf06-cc26xx.a(soc-rtc.o)
                0x00001b34                soc_rtc_last_isr_time
 .text.AONRTCIntHandler
                0x00001b40       0x7c contiki-srf06-cc26xx.a(soc-rtc.o)
                0x00001b40                AONRTCIntHandler
 .text.lock_config
                0x00001bbc       0x18 contiki-srf06-cc26xx.a(contiki-watchdo)
 .text.unlock_config
                0x00001bd4       0x2c contiki-srf06-cc26xx.a(contiki-watchdo)
 .text.watchdog_init
                0x00001c00       0x18 contiki-srf06-cc26xx.a(contiki-watchdo)
                0x00001c00                watchdog_init
 .text.watchdog_periodic
                0x00001c18       0x14 contiki-srf06-cc26xx.a(contiki-watchdo)
                0x00001c18                watchdog_periodic
 .text.watchdog_start
                0x00001c2c       0x20 contiki-srf06-cc26xx.a(contiki-watchdo)
                0x00001c2c                watchdog_start
 .text.ieee_addr_cpy_to
                0x00001c4c       0x3c contiki-srf06-cc26xx.a(ieee-addr.o)
                0x00001c4c                ieee_addr_cpy_to
 .text.slip_arch_init
                0x00001c88        0xc contiki-srf06-cc26xx.a(slip-arch.o)
                0x00001c88                slip_arch_init
 .text.process_thread_slip_process
                0x00001c94      0x224 contiki-srf06-cc26xx.a(slip.o)
 .text.slip_set_input_callback
                0x00001eb8        0xc contiki-srf06-cc26xx.a(slip.o)
                0x00001eb8                slip_set_input_callback
 .text.slip_send
                0x00001ec4       0x5c contiki-srf06-cc26xx.a(slip.o)
                0x00001ec4                slip_send
 .text.slip_input_byte
                0x00001f20       0xb0 contiki-srf06-cc26xx.a(slip.o)
                0x00001f20                slip_input_byte
 .text.power_and_clock
                0x00001fd0       0x40 contiki-srf06-cc26xx.a(cc26xx-uart.o)
 .text.accessible
                0x00002010       0x24 contiki-srf06-cc26xx.a(cc26xx-uart.o)
 .text.disable_interrupts
                0x00002034       0x30 contiki-srf06-cc26xx.a(cc26xx-uart.o)
 .text.enable   0x00002064       0xcc contiki-srf06-cc26xx.a(cc26xx-uart.o)
 .text.lpm_drop_handler
                0x00002130       0xa0 contiki-srf06-cc26xx.a(cc26xx-uart.o)
 .text.cc26xx_uart_init
                0x000021d0       0x28 contiki-srf06-cc26xx.a(cc26xx-uart.o)
                0x000021d0                cc26xx_uart_init
 .text.cc26xx_uart_write_byte
                0x000021f8       0x28 contiki-srf06-cc26xx.a(cc26xx-uart.o)
                0x000021f8                cc26xx_uart_write_byte
 .text.cc26xx_uart_set_input
                0x00002220       0x60 contiki-srf06-cc26xx.a(cc26xx-uart.o)
                0x00002220                cc26xx_uart_set_input
 .text.cc26xx_uart_busy
                0x00002280       0x18 contiki-srf06-cc26xx.a(cc26xx-uart.o)
                0x00002280                cc26xx_uart_busy
 .text.UART0IntHandler
                0x00002298       0x50 contiki-srf06-cc26xx.a(cc26xx-uart.o)
                0x00002298                UART0IntHandler
 .text.lpm_shutdown
                0x000022e8      0x178 contiki-srf06-cc26xx.a(lpm.o)
                0x000022e8                lpm_shutdown
 .text.lpm_sleep
                0x00002460       0x14 contiki-srf06-cc26xx.a(lpm.o)
                0x00002460                lpm_sleep
 .text.lpm_drop
                0x00002474      0x208 contiki-srf06-cc26xx.a(lpm.o)
                0x00002474                lpm_drop
 .text.lpm_register_module
                0x0000267c        0xc contiki-srf06-cc26xx.a(lpm.o)
                0x0000267c                lpm_register_module
 .text.lpm_unregister_module
                0x00002688        0xc contiki-srf06-cc26xx.a(lpm.o)
                0x00002688                lpm_unregister_module
 .text.lpm_init
                0x00002694       0x20 contiki-srf06-cc26xx.a(lpm.o)
                0x00002694                lpm_init
 .text.lpm_pin_set_default_state
                0x000026b4       0x2c contiki-srf06-cc26xx.a(lpm.o)
                0x000026b4                lpm_pin_set_default_state
 .text.gpio_interrupt_register_handler
                0x000026e0       0x2c contiki-srf06-cc26xx.a(gpio-interrupt.)
                0x000026e0                gpio_interrupt_register_handler
 .text.gpio_interrupt_init
                0x0000270c       0x24 contiki-srf06-cc26xx.a(gpio-interrupt.)
                0x0000270c                gpio_interrupt_init
 .text.GPIOIntHandler
                0x00002730       0x30 contiki-srf06-cc26xx.a(gpio-interrupt.)
                0x00002730                GPIOIntHandler
 .text.oscillators_select_lf_xosc
                0x00002760       0x54 contiki-srf06-cc26xx.a(oscillators.o)
                0x00002760                oscillators_select_lf_xosc
 .text.oscillators_switch_to_hf_xosc
                0x000027b4       0x34 contiki-srf06-cc26xx.a(oscillators.o)
                0x000027b4                oscillators_switch_to_hf_xosc
 .text.oscillators_switch_to_hf_rc
                0x000027e8       0x38 contiki-srf06-cc26xx.a(oscillators.o)
                0x000027e8                oscillators_switch_to_hf_rc
 .text.process_thread_rf_core_process
                0x00002820       0x58 contiki-srf06-cc26xx.a(rf-core.o)
 .text.rf_core_is_accessible
                0x00002878       0x10 contiki-srf06-cc26xx.a(rf-core.o)
                0x00002878                rf_core_is_accessible
 .text.rf_core_send_cmd
                0x00002888       0x80 contiki-srf06-cc26xx.a(rf-core.o)
                0x00002888                rf_core_send_cmd
 .text.rf_core_wait_cmd_done
                0x00002908       0x2c contiki-srf06-cc26xx.a(rf-core.o)
                0x00002908                rf_core_wait_cmd_done
 .text.rf_core_power_up
                0x00002934       0xac contiki-srf06-cc26xx.a(rf-core.o)
                0x00002934                rf_core_power_up
 .text.rf_core_set_modesel
                0x000029e0       0x38 contiki-srf06-cc26xx.a(rf-core.o)
                0x000029e0                rf_core_set_modesel
 .text.rf_core_setup_interrupts
                0x00002a18       0x64 contiki-srf06-cc26xx.a(rf-core.o)
                0x00002a18                rf_core_setup_interrupts
 .text.rf_core_cmd_done_en
                0x00002a7c       0x28 contiki-srf06-cc26xx.a(rf-core.o)
                0x00002a7c                rf_core_cmd_done_en
 .text.rf_core_cmd_done_dis
                0x00002aa4       0x18 contiki-srf06-cc26xx.a(rf-core.o)
                0x00002aa4                rf_core_cmd_done_dis
 .text.rf_core_get_last_radio_op
                0x00002abc        0xc contiki-srf06-cc26xx.a(rf-core.o)
                0x00002abc                rf_core_get_last_radio_op
 .text.rf_core_start_rat
                0x00002ac8       0x3c contiki-srf06-cc26xx.a(rf-core.o)
                0x00002ac8                rf_core_start_rat
 .text.rf_core_stop_rat
                0x00002b04       0x44 contiki-srf06-cc26xx.a(rf-core.o)
                0x00002b04                rf_core_stop_rat
 .text.rf_core_power_down
                0x00002b48       0xbc contiki-srf06-cc26xx.a(rf-core.o)
                0x00002b48                rf_core_power_down
 .text.rf_core_primary_mode_register
                0x00002c04        0xc contiki-srf06-cc26xx.a(rf-core.o)
                0x00002c04                rf_core_primary_mode_register
 .text.RFCCPE1IntHandler
                0x00002c10       0x20 contiki-srf06-cc26xx.a(rf-core.o)
                0x00002c10                RFCCPE1IntHandler
 .text.RFCCPE0IntHandler
                0x00002c30       0x58 contiki-srf06-cc26xx.a(rf-core.o)
                0x00002c30                RFCCPE0IntHandler
 .text.rf_ble_is_active
                0x00002c88        0xc contiki-srf06-cc26xx.a(rf-ble.o)
                0x00002c88                rf_ble_is_active
 .text.request  0x00002c94       0x14 contiki-srf06-cc26xx.a(soc-trng.o)
 .text.read_number
                0x00002ca8       0x24 contiki-srf06-cc26xx.a(soc-trng.o)
 .text.accessible
                0x00002ccc       0x24 contiki-srf06-cc26xx.a(soc-trng.o)
 .text.process_thread_soc_trng_process
                0x00002cf0       0x74 contiki-srf06-cc26xx.a(soc-trng.o)
 .text.power_up
                0x00002d64       0x40 contiki-srf06-cc26xx.a(soc-trng.o)
 .text.soc_trng_rand_synchronous
                0x00002da4       0x9c contiki-srf06-cc26xx.a(soc-trng.o)
                0x00002da4                soc_trng_rand_synchronous
 .text.TRNGIntHandler
                0x00002e40       0x50 contiki-srf06-cc26xx.a(soc-trng.o)
                0x00002e40                TRNGIntHandler
 .text.soc_trng_init
                0x00002e90       0x28 contiki-srf06-cc26xx.a(soc-trng.o)
                0x00002e90                soc_trng_init
 .text.printf   0x00002eb8       0x20 contiki-srf06-cc26xx.a(dbg-printf.o)
                0x00002eb8                printf
 .text.vsnprintf
                0x00002ed8       0x28 contiki-srf06-cc26xx.a(dbg-snprintf.o)
                0x00002ed8                vsnprintf
 .text.fill_space
                0x00002f00       0x34 contiki-srf06-cc26xx.a(strformat.o)
 .text.format_str_v
                0x00002f34      0x6e8 contiki-srf06-cc26xx.a(strformat.o)
                0x00002f34                format_str_v
 .text.process_thread_ctimer_process
                0x0000361c       0x80 contiki-srf06-cc26xx.a(ctimer.o)
 .text.ctimer_init
                0x0000369c       0x28 contiki-srf06-cc26xx.a(ctimer.o)
                0x0000369c                ctimer_init
 .text.ctimer_set_with_process
                0x000036c4       0x44 contiki-srf06-cc26xx.a(ctimer.o)
                0x000036c4                ctimer_set_with_process
 .text.ctimer_set
                0x00003708       0x14 contiki-srf06-cc26xx.a(ctimer.o)
                0x00003708                ctimer_set
 .text.ctimer_reset
                0x0000371c       0x38 contiki-srf06-cc26xx.a(ctimer.o)
                0x0000371c                ctimer_reset
 .text.ctimer_restart
                0x00003754       0x38 contiki-srf06-cc26xx.a(ctimer.o)
                0x00003754                ctimer_restart
 .text.ctimer_stop
                0x0000378c       0x2c contiki-srf06-cc26xx.a(ctimer.o)
                0x0000378c                ctimer_stop
 .text.update_time
                0x000037b8       0x44 contiki-srf06-cc26xx.a(etimer.o)
 .text.etimer_request_poll
                0x000037fc        0xc contiki-srf06-cc26xx.a(etimer.o)
                0x000037fc                etimer_request_poll
 .text.process_thread_etimer_process
                0x00003808       0x94 contiki-srf06-cc26xx.a(etimer.o)
 .text.add_timer
                0x0000389c       0x40 contiki-srf06-cc26xx.a(etimer.o)
 .text.etimer_pending
                0x000038dc       0x10 contiki-srf06-cc26xx.a(etimer.o)
                0x000038dc                etimer_pending
 .text.etimer_next_expiration_time
                0x000038ec       0x14 contiki-srf06-cc26xx.a(etimer.o)
                0x000038ec                etimer_next_expiration_time
 .text.etimer_stop
                0x00003900       0x34 contiki-srf06-cc26xx.a(etimer.o)
                0x00003900                etimer_stop
 .text.call_process.part.0
                0x00003934       0x38 contiki-srf06-cc26xx.a(process.o)
 .text.exit_process
                0x0000396c       0x80 contiki-srf06-cc26xx.a(process.o)
 .text.do_poll  0x000039ec       0x30 contiki-srf06-cc26xx.a(process.o)
 .text.process_alloc_event
                0x00003a1c       0x10 contiki-srf06-cc26xx.a(process.o)
                0x00003a1c                process_alloc_event
 .text.process_init
                0x00003a2c       0x30 contiki-srf06-cc26xx.a(process.o)
                0x00003a2c                process_init
 .text.process_run
                0x00003a5c       0x84 contiki-srf06-cc26xx.a(process.o)
                0x00003a5c                process_run
 .text.process_nevents
                0x00003ae0       0x14 contiki-srf06-cc26xx.a(process.o)
                0x00003ae0                process_nevents
 .text.process_post
                0x00003af4       0x3c contiki-srf06-cc26xx.a(process.o)
                0x00003af4                process_post
 .text.process_post_synch
                0x00003b30       0x14 contiki-srf06-cc26xx.a(process.o)
                0x00003b30                process_post_synch
 .text.process_start
                0x00003b44       0x30 contiki-srf06-cc26xx.a(process.o)
                0x00003b44                process_start
 .text.process_poll
                0x00003b74       0x18 contiki-srf06-cc26xx.a(process.o)
                0x00003b74                process_poll
 .text.rtimer_set
                0x00003b8c       0x24 contiki-srf06-cc26xx.a(rtimer.o)
                0x00003b8c                rtimer_set
 .text.rtimer_run_next
                0x00003bb0       0x28 contiki-srf06-cc26xx.a(rtimer.o)
                0x00003bb0                rtimer_run_next
 .text.process_thread_serial_line_process
                0x00003bd8       0x98 contiki-srf06-cc26xx.a(serial-line.o)
 .text.serial_line_init
                0x00003c70       0x24 contiki-srf06-cc26xx.a(serial-line.o)
                0x00003c70                serial_line_init
 .text.uip_ds6_prefix_add
                0x00003c94       0x64 contiki-srf06-cc26xx.a(uip-ds6.o)
                0x00003c94                uip_ds6_prefix_add
 .text.uip_ds6_is_addr_onlink
                0x00003cf8       0x40 contiki-srf06-cc26xx.a(uip-ds6.o)
                0x00003cf8                uip_ds6_is_addr_onlink
 .text.uip_ds6_addr_lookup
                0x00003d38       0x2c contiki-srf06-cc26xx.a(uip-ds6.o)
                0x00003d38                uip_ds6_addr_lookup
 .text.uip_ds6_get_link_local
                0x00003d64       0x40 contiki-srf06-cc26xx.a(uip-ds6.o)
                0x00003d64                uip_ds6_get_link_local
 .text.uip_ds6_maddr_add
                0x00003da4       0x4c contiki-srf06-cc26xx.a(uip-ds6.o)
                0x00003da4                uip_ds6_maddr_add
 .text.uip_ds6_addr_add
                0x00003df0       0x94 contiki-srf06-cc26xx.a(uip-ds6.o)
                0x00003df0                uip_ds6_addr_add
 .text.uip_ds6_maddr_lookup
                0x00003e84       0x2c contiki-srf06-cc26xx.a(uip-ds6.o)
                0x00003e84                uip_ds6_maddr_lookup
 .text.uip_ds6_addr_rm
                0x00003eb0       0x44 contiki-srf06-cc26xx.a(uip-ds6.o)
                0x00003eb0                uip_ds6_addr_rm
 .text.uip_ds6_periodic
                0x00003ef4       0x4c contiki-srf06-cc26xx.a(uip-ds6.o)
                0x00003ef4                uip_ds6_periodic
 .text.uip_ds6_select_src
                0x00003f40       0x94 contiki-srf06-cc26xx.a(uip-ds6.o)
                0x00003f40                uip_ds6_select_src
 .text.uip_ds6_compute_reachable_time
                0x00003fd4       0x28 contiki-srf06-cc26xx.a(uip-ds6.o)
                0x00003fd4                uip_ds6_compute_reachable_time
 .text.uip_ds6_init
                0x00003ffc       0xe0 contiki-srf06-cc26xx.a(uip-ds6.o)
                0x00003ffc                uip_ds6_init
 .text.call_route_callback
                0x000040dc       0x48 contiki-srf06-cc26xx.a(uip-ds6-route.o)
 .text.uip_ds6_route_init
                0x00004124       0x4c contiki-srf06-cc26xx.a(uip-ds6-route.o)
                0x00004124                uip_ds6_route_init
 .text.uip_ds6_route_nexthop
                0x00004170       0x20 contiki-srf06-cc26xx.a(uip-ds6-route.o)
                0x00004170                uip_ds6_route_nexthop
 .text.uip_ds6_route_head
                0x00004190        0xc contiki-srf06-cc26xx.a(uip-ds6-route.o)
                0x00004190                uip_ds6_route_head
 .text.uip_ds6_route_is_nexthop
                0x0000419c       0x20 contiki-srf06-cc26xx.a(uip-ds6-route.o)
                0x0000419c                uip_ds6_route_is_nexthop
 .text.uip_ds6_route_lookup
                0x000041bc       0x64 contiki-srf06-cc26xx.a(uip-ds6-route.o)
                0x000041bc                uip_ds6_route_lookup
 .text.uip_ds6_route_rm
                0x00004220       0x9c contiki-srf06-cc26xx.a(uip-ds6-route.o)
                0x00004220                uip_ds6_route_rm
 .text.rm_routelist
                0x000042bc       0x30 contiki-srf06-cc26xx.a(uip-ds6-route.o)
 .text.uip_ds6_route_add
                0x000042ec      0x108 contiki-srf06-cc26xx.a(uip-ds6-route.o)
                0x000042ec                uip_ds6_route_add
 .text.uip_ds6_defrt_rm
                0x000043f4       0x44 contiki-srf06-cc26xx.a(uip-ds6-route.o)
                0x000043f4                uip_ds6_defrt_rm
 .text.uip_ds6_defrt_lookup
                0x00004438       0x2c contiki-srf06-cc26xx.a(uip-ds6-route.o)
                0x00004438                uip_ds6_defrt_lookup
 .text.uip_ds6_defrt_add
                0x00004464       0x64 contiki-srf06-cc26xx.a(uip-ds6-route.o)
                0x00004464                uip_ds6_defrt_add
 .text.uip_ds6_defrt_choose
                0x000044c8       0x30 contiki-srf06-cc26xx.a(uip-ds6-route.o)
                0x000044c8                uip_ds6_defrt_choose
 .text.uip_ds6_defrt_periodic
                0x000044f8       0x30 contiki-srf06-cc26xx.a(uip-ds6-route.o)
                0x000044f8                uip_ds6_defrt_periodic
 .text.upper_layer_chksum
                0x00004528       0x54 contiki-srf06-cc26xx.a(uip6.o)
 .text.ext_hdr_options_process
                0x0000457c       0xac contiki-srf06-cc26xx.a(uip6.o)
 .text.uip_add32
                0x00004628       0x54 contiki-srf06-cc26xx.a(uip6.o)
                0x00004628                uip_add32
 .text.unlikely.uip_add_rcv_nxt
                0x0000467c       0x2c contiki-srf06-cc26xx.a(uip6.o)
 .text.uip_init
                0x000046a8       0x5c contiki-srf06-cc26xx.a(uip6.o)
                0x000046a8                uip_init
 .text.remove_ext_hdr
                0x00004704       0x5c contiki-srf06-cc26xx.a(uip6.o)
                0x00004704                remove_ext_hdr
 .text.uip_unlisten
                0x00004760       0x20 contiki-srf06-cc26xx.a(uip6.o)
                0x00004760                uip_unlisten
 .text.uip_listen
                0x00004780       0x1c contiki-srf06-cc26xx.a(uip6.o)
                0x00004780                uip_listen
 .text.uip_process
                0x0000479c      0xd50 contiki-srf06-cc26xx.a(uip6.o)
                0x0000479c                uip_process
 .text.uip_send
                0x000054ec       0x44 contiki-srf06-cc26xx.a(uip6.o)
                0x000054ec                uip_send
 .text.uip_ds6_nbr_rm
                0x00005530       0x20 contiki-srf06-cc26xx.a(uip-ds6-nbr.o)
                0x00005530                uip_ds6_nbr_rm
 .text.uip_ds6_neighbors_init
                0x00005550       0x1c contiki-srf06-cc26xx.a(uip-ds6-nbr.o)
                0x00005550                uip_ds6_neighbors_init
 .text.uip_ds6_nbr_add
                0x0000556c       0x3c contiki-srf06-cc26xx.a(uip-ds6-nbr.o)
                0x0000556c                uip_ds6_nbr_add
 .text.uip_ds6_nbr_get_ll
                0x000055a8       0x10 contiki-srf06-cc26xx.a(uip-ds6-nbr.o)
                0x000055a8                uip_ds6_nbr_get_ll
 .text.uip_ds6_nbr_lookup
                0x000055b8       0x38 contiki-srf06-cc26xx.a(uip-ds6-nbr.o)
                0x000055b8                uip_ds6_nbr_lookup
 .text.uip_ds6_nbr_ll_lookup
                0x000055f0       0x10 contiki-srf06-cc26xx.a(uip-ds6-nbr.o)
                0x000055f0                uip_ds6_nbr_ll_lookup
 .text.uip_ds6_link_neighbor_callback
                0x00005600       0x34 contiki-srf06-cc26xx.a(uip-ds6-nbr.o)
                0x00005600                uip_ds6_link_neighbor_callback
 .text.clear_fragments
                0x00005634       0x3c contiki-srf06-cc26xx.a(sicslowpan.o)
 .text.sicslowpan_init
                0x00005670       0x24 contiki-srf06-cc26xx.a(sicslowpan.o)
                0x00005670                sicslowpan_init
 .text.compress_addr_64
                0x00005694       0x90 contiki-srf06-cc26xx.a(sicslowpan.o)
 .text.set_packet_attrs
                0x00005724       0x44 contiki-srf06-cc26xx.a(sicslowpan.o)
 .text.addr_context_lookup_by_prefix
                0x00005768       0x28 contiki-srf06-cc26xx.a(sicslowpan.o)
 .text.send_packet
                0x00005790       0x24 contiki-srf06-cc26xx.a(sicslowpan.o)
 .text.packet_sent
                0x000057b4       0x28 contiki-srf06-cc26xx.a(sicslowpan.o)
 .text.store_fragment
                0x000057dc       0x58 contiki-srf06-cc26xx.a(sicslowpan.o)
 .text.uncompress_addr
                0x00005834       0xa4 contiki-srf06-cc26xx.a(sicslowpan.o)
 .text.output   0x000058d8      0x6a0 contiki-srf06-cc26xx.a(sicslowpan.o)
 .text.add_fragment
                0x00005f78      0x124 contiki-srf06-cc26xx.a(sicslowpan.o)
 .text.input    0x0000609c      0x5ac contiki-srf06-cc26xx.a(sicslowpan.o)
 .text.uip_debug_ipaddr_print
                0x00006648       0xa0 contiki-srf06-cc26xx.a(uip-debug.o)
                0x00006648                uip_debug_ipaddr_print
 .text.psock_send
                0x000066e8       0x98 contiki-srf06-cc26xx.a(psock.o)
                0x000066e8                psock_send
 .text.psock_newdata
                0x00006780       0x28 contiki-srf06-cc26xx.a(psock.o)
                0x00006780                psock_newdata
 .text.psock_readto
                0x000067a8       0xa4 contiki-srf06-cc26xx.a(psock.o)
                0x000067a8                psock_readto
 .text.start_periodic_tcp_timer
                0x0000684c       0x1c contiki-srf06-cc26xx.a(tcpip.o)
 .text.tcpip_output
                0x00006868       0x10 contiki-srf06-cc26xx.a(tcpip.o)
                0x00006868                tcpip_output
 .text.tcpip_set_outputfunc
                0x00006878        0xc contiki-srf06-cc26xx.a(tcpip.o)
                0x00006878                tcpip_set_outputfunc
 .text.tcp_listen
                0x00006884       0x28 contiki-srf06-cc26xx.a(tcpip.o)
                0x00006884                tcp_listen
 .text.tcp_attach
                0x000068ac       0x10 contiki-srf06-cc26xx.a(tcpip.o)
                0x000068ac                tcp_attach
 .text.tcpip_icmp6_call
                0x000068bc       0x28 contiki-srf06-cc26xx.a(tcpip.o)
                0x000068bc                tcpip_icmp6_call
 .text.tcpip_input
                0x000068e4       0x24 contiki-srf06-cc26xx.a(tcpip.o)
                0x000068e4                tcpip_input
 .text.tcpip_ipv6_output
                0x00006908       0xe4 contiki-srf06-cc26xx.a(tcpip.o)
                0x00006908                tcpip_ipv6_output
 .text.process_thread_tcpip_process
                0x000069ec      0x1b8 contiki-srf06-cc26xx.a(tcpip.o)
 .text.tcpip_uipcall
                0x00006ba4       0x68 contiki-srf06-cc26xx.a(tcpip.o)
                0x00006ba4                tcpip_uipcall
 .text.rpl_set_preferred_parent
                0x00006c0c       0x28 contiki-srf06-cc26xx.a(rpl-dag.o)
 .text.set_ip_from_prefix
                0x00006c34       0x2c contiki-srf06-cc26xx.a(rpl-dag.o)
 .text.find_parent_any_dag_any_instance
                0x00006c60       0x1c contiki-srf06-cc26xx.a(rpl-dag.o)
 .text.rpl_dag_init
                0x00006c7c       0x14 contiki-srf06-cc26xx.a(rpl-dag.o)
                0x00006c7c                rpl_dag_init
 .text.rpl_get_parent
                0x00006c90       0x10 contiki-srf06-cc26xx.a(rpl-dag.o)
                0x00006c90                rpl_get_parent
 .text.rpl_get_parent_lladdr
                0x00006ca0       0x10 contiki-srf06-cc26xx.a(rpl-dag.o)
                0x00006ca0                rpl_get_parent_lladdr
 .text.best_parent
                0x00006cb0       0x74 contiki-srf06-cc26xx.a(rpl-dag.o)
 .text.rpl_alloc_instance
                0x00006d24       0x34 contiki-srf06-cc26xx.a(rpl-dag.o)
                0x00006d24                rpl_alloc_instance
 .text.rpl_add_parent
                0x00006d58       0x30 contiki-srf06-cc26xx.a(rpl-dag.o)
                0x00006d58                rpl_add_parent
 .text.rpl_remove_parent
                0x00006d88       0x1c contiki-srf06-cc26xx.a(rpl-dag.o)
                0x00006d88                rpl_remove_parent
 .text.remove_parents.constprop.5
                0x00006da4       0x2c contiki-srf06-cc26xx.a(rpl-dag.o)
 .text.rpl_get_any_dag
                0x00006dd0       0x18 contiki-srf06-cc26xx.a(rpl-dag.o)
                0x00006dd0                rpl_get_any_dag
 .text.rpl_get_instance
                0x00006de8       0x20 contiki-srf06-cc26xx.a(rpl-dag.o)
                0x00006de8                rpl_get_instance
 .text.rpl_find_of
                0x00006e08       0x14 contiki-srf06-cc26xx.a(rpl-dag.o)
                0x00006e08                rpl_find_of
 .text.rpl_set_root
                0x00006e1c      0x114 contiki-srf06-cc26xx.a(rpl-dag.o)
                0x00006e1c                rpl_set_root
 .text.rpl_join_instance
                0x00006f30      0x140 contiki-srf06-cc26xx.a(rpl-dag.o)
                0x00006f30                rpl_join_instance
 .text.rpl_local_repair
                0x00007070       0x70 contiki-srf06-cc26xx.a(rpl-dag.o)
                0x00007070                rpl_local_repair
 .text.rpl_recalculate_ranks
                0x000070e0       0x3c contiki-srf06-cc26xx.a(rpl-dag.o)
                0x000070e0                rpl_recalculate_ranks
 .text.new_dio_interval
                0x0000711c       0x58 contiki-srf06-cc26xx.a(rpl-timers.o)
 .text.handle_periodic_timer
                0x00007174       0x4c contiki-srf06-cc26xx.a(rpl-timers.o)
 .text.set_dao_lifetime_timer
                0x000071c0       0x4c contiki-srf06-cc26xx.a(rpl-timers.o)
 .text.handle_dio_timer
                0x0000720c       0x80 contiki-srf06-cc26xx.a(rpl-timers.o)
 .text.schedule_dao
                0x0000728c       0x54 contiki-srf06-cc26xx.a(rpl-timers.o)
 .text.handle_dao_timer
                0x000072e0       0x58 contiki-srf06-cc26xx.a(rpl-timers.o)
 .text.rpl_reset_periodic_timer
                0x00007338       0x34 contiki-srf06-cc26xx.a(rpl-timers.o)
                0x00007338                rpl_reset_periodic_timer
 .text.rpl_schedule_unicast_dio_immediately
                0x0000736c       0x14 contiki-srf06-cc26xx.a(rpl-timers.o)
                0x0000736c                rpl_schedule_unicast_dio_immediately
 .text.get_probing_target
                0x00007380       0xd4 contiki-srf06-cc26xx.a(rpl-timers.o)
                0x00007380                get_probing_target
 .text.rpl_schedule_probing
                0x00007454       0x20 contiki-srf06-cc26xx.a(rpl-timers.o)
                0x00007454                rpl_schedule_probing
 .text.update_hbh_header
                0x00007474       0xc4 contiki-srf06-cc26xx.a(rpl-ext-header.)
 .text.insert_hbh_header
                0x00007538       0xac contiki-srf06-cc26xx.a(rpl-ext-header.)
 .text.rpl_verify_hbh_header
                0x000075e4      0x100 contiki-srf06-cc26xx.a(rpl-ext-header.)
                0x000075e4                rpl_verify_hbh_header
 .text.rpl_remove_header
                0x000076e4       0x7c contiki-srf06-cc26xx.a(rpl-ext-header.)
                0x000076e4                rpl_remove_header
 .text.rpl_update_header
                0x00007760       0x64 contiki-srf06-cc26xx.a(rpl-ext-header.)
                0x00007760                rpl_update_header
 .text.rpl_get_mode
                0x000077c4        0xc contiki-srf06-cc26xx.a(rpl.o)
                0x000077c4                rpl_get_mode
 .text.rpl_purge_routes
                0x000077d0       0x64 contiki-srf06-cc26xx.a(rpl.o)
                0x000077d0                rpl_purge_routes
 .text.rpl_link_neighbor_callback
                0x00007834       0x54 contiki-srf06-cc26xx.a(rpl.o)
                0x00007834                rpl_link_neighbor_callback
 .text.rpl_ipv6_neighbor_callback
                0x00007888       0x28 contiki-srf06-cc26xx.a(rpl.o)
                0x00007888                rpl_ipv6_neighbor_callback
 .text.rpl_purge_dags
                0x000078b0       0x3c contiki-srf06-cc26xx.a(rpl.o)
                0x000078b0                rpl_purge_dags
 .text.rpl_init
                0x000078ec       0x4c contiki-srf06-cc26xx.a(rpl.o)
                0x000078ec                rpl_init
 .text.dao_ack_input
                0x00007938       0x14 contiki-srf06-cc26xx.a(rpl-icmp6.o)
 .text.dio_input
                0x0000794c      0x254 contiki-srf06-cc26xx.a(rpl-icmp6.o)
 .text.dao_input
                0x00007ba0      0x270 contiki-srf06-cc26xx.a(rpl-icmp6.o)
 .text.dis_output
                0x00007e10       0x54 contiki-srf06-cc26xx.a(rpl-icmp6.o)
                0x00007e10                dis_output
 .text.dio_output
                0x00007e64      0x218 contiki-srf06-cc26xx.a(rpl-icmp6.o)
                0x00007e64                dio_output
 .text.dis_input
                0x0000807c       0x50 contiki-srf06-cc26xx.a(rpl-icmp6.o)
 .text.dao_output_target
                0x000080cc      0x100 contiki-srf06-cc26xx.a(rpl-icmp6.o)
                0x000080cc                dao_output_target
 .text.dao_output
                0x000081cc       0x90 contiki-srf06-cc26xx.a(rpl-icmp6.o)
                0x000081cc                dao_output
 .text.rpl_icmp6_register_handlers
                0x0000825c       0x30 contiki-srf06-cc26xx.a(rpl-icmp6.o)
                0x0000825c                rpl_icmp6_register_handlers
 .text.TrimAfterColdResetWakeupFromShutDown
                0x0000828c       0xd4 contiki-srf06-cc26xx.a(setup.o)
 .text.NOROM_SetupTrimDevice
                0x00008360       0xa4 contiki-srf06-cc26xx.a(setup.o)
                0x00008360                NOROM_SetupTrimDevice
 .text.NOROM_TRNGConfigure
                0x00008404       0x38 contiki-srf06-cc26xx.a(trng.o)
                0x00008404                NOROM_TRNGConfigure
 .text.NOROM_OSCClockSourceSet
                0x0000843c       0x5c contiki-srf06-cc26xx.a(osc.o)
                0x0000843c                NOROM_OSCClockSourceSet
 .text.NOROM_OSCClockSourceGet
                0x00008498       0x2c contiki-srf06-cc26xx.a(osc.o)
                0x00008498                NOROM_OSCClockSourceGet
 .text.SafeHapiVoid
                0x000084c4       0x28 contiki-srf06-cc26xx.a(adi.o)
                0x000084c4                SafeHapiVoid
 .text.NOROM_AONRTCCurrentCompareValueGet
                0x000084ec       0x20 contiki-srf06-cc26xx.a(aon_rtc.o)
                0x000084ec                NOROM_AONRTCCurrentCompareValueGet
 .text.NOROM_PowerCtrlSourceSet
                0x0000850c       0x2c contiki-srf06-cc26xx.a(pwr_ctrl.o)
                0x0000850c                NOROM_PowerCtrlSourceSet
 .text.NOROM_AONBatMonTemperatureGetDegC
                0x00008538       0x30 contiki-srf06-cc26xx.a(aon_batmon.o)
                0x00008538                NOROM_AONBatMonTemperatureGetDegC
 .text.NOROM_SysCtrlSetRechargeBeforePowerDown
                0x00008568      0x220 contiki-srf06-cc26xx.a(sys_ctrl.o)
                0x00008568                NOROM_SysCtrlSetRechargeBeforePowerDown
 .text.NOROM_SysCtrlAdjustRechargeAfterPowerDown
                0x00008788       0x60 contiki-srf06-cc26xx.a(sys_ctrl.o)
                0x00008788                NOROM_SysCtrlAdjustRechargeAfterPowerDown
 .text.NOROM_SysCtrl_DCDC_VoltageConditionalControl
                0x000087e8       0x78 contiki-srf06-cc26xx.a(sys_ctrl.o)
                0x000087e8                NOROM_SysCtrl_DCDC_VoltageConditionalControl
 .text.NOROM_ChipInfo_GetSupportedProtocol_BV
                0x00008860       0x10 contiki-srf06-cc26xx.a(chipinfo.o)
                0x00008860                NOROM_ChipInfo_GetSupportedProtocol_BV
 .text.NOROM_ChipInfo_GetChipFamily
                0x00008870       0x4c contiki-srf06-cc26xx.a(chipinfo.o)
                0x00008870                NOROM_ChipInfo_GetChipFamily
 .text.NOROM_ChipInfo_GetChipType
                0x000088bc       0x30 contiki-srf06-cc26xx.a(chipinfo.o)
                0x000088bc                NOROM_ChipInfo_GetChipType
 .text.NOROM_ChipInfo_GetHwRevision
                0x000088ec       0x6c contiki-srf06-cc26xx.a(chipinfo.o)
                0x000088ec                NOROM_ChipInfo_GetHwRevision
 .text.queuebuf_init
                0x00008958       0x1c contiki-srf06-cc26xx.a(queuebuf.o)
                0x00008958                queuebuf_init
 .text.queuebuf_numfree
                0x00008974        0xc contiki-srf06-cc26xx.a(queuebuf.o)
                0x00008974                queuebuf_numfree
 .text.queuebuf_new_from_packetbuf
                0x00008980       0x44 contiki-srf06-cc26xx.a(queuebuf.o)
                0x00008980                queuebuf_new_from_packetbuf
 .text.queuebuf_free
                0x000089c4       0x2c contiki-srf06-cc26xx.a(queuebuf.o)
                0x000089c4                queuebuf_free
 .text.queuebuf_to_packetbuf
                0x000089f0       0x30 contiki-srf06-cc26xx.a(queuebuf.o)
                0x000089f0                queuebuf_to_packetbuf
 .text.key_from_index
                0x00008a20       0x18 contiki-srf06-cc26xx.a(nbr-table.o)
 .text.index_from_key
                0x00008a38       0x20 contiki-srf06-cc26xx.a(nbr-table.o)
 .text.index_from_lladdr
                0x00008a58       0x40 contiki-srf06-cc26xx.a(nbr-table.o)
 .text.nbr_get_bit.constprop.0
                0x00008a98       0x30 contiki-srf06-cc26xx.a(nbr-table.o)
 .text.remove_key
                0x00008ac8       0x58 contiki-srf06-cc26xx.a(nbr-table.o)
 .text.nbr_table_register
                0x00008b20       0x28 contiki-srf06-cc26xx.a(nbr-table.o)
                0x00008b20                nbr_table_register
 .text.nbr_table_head
                0x00008b48       0x34 contiki-srf06-cc26xx.a(nbr-table.o)
                0x00008b48                nbr_table_head
 .text.nbr_table_add_lladdr
                0x00008b7c      0x114 contiki-srf06-cc26xx.a(nbr-table.o)
                0x00008b7c                nbr_table_add_lladdr
 .text.nbr_table_remove
                0x00008c90       0x2c contiki-srf06-cc26xx.a(nbr-table.o)
                0x00008c90                nbr_table_remove
 .text.nbr_table_lock
                0x00008cbc       0x14 contiki-srf06-cc26xx.a(nbr-table.o)
                0x00008cbc                nbr_table_lock
 .text.nbr_table_unlock
                0x00008cd0       0x14 contiki-srf06-cc26xx.a(nbr-table.o)
                0x00008cd0                nbr_table_unlock
 .text.packetbuf_hdrreduce
                0x00008ce4       0x2c contiki-srf06-cc26xx.a(packetbuf.o)
                0x00008ce4                packetbuf_hdrreduce
 .text.packetbuf_set_datalen
                0x00008d10        0xc contiki-srf06-cc26xx.a(packetbuf.o)
                0x00008d10                packetbuf_set_datalen
 .text.packetbuf_hdrptr
                0x00008d1c        0x8 contiki-srf06-cc26xx.a(packetbuf.o)
                0x00008d1c                packetbuf_hdrptr
 .text.packetbuf_datalen
                0x00008d24        0xc contiki-srf06-cc26xx.a(packetbuf.o)
                0x00008d24                packetbuf_datalen
 .text.packetbuf_hdrlen
                0x00008d30       0x18 contiki-srf06-cc26xx.a(packetbuf.o)
                0x00008d30                packetbuf_hdrlen
 .text.packetbuf_dataptr
                0x00008d48       0x10 contiki-srf06-cc26xx.a(packetbuf.o)
                0x00008d48                packetbuf_dataptr
 .text.packetbuf_copyto
                0x00008d58       0x40 contiki-srf06-cc26xx.a(packetbuf.o)
                0x00008d58                packetbuf_copyto
 .text.packetbuf_totlen
                0x00008d98       0x14 contiki-srf06-cc26xx.a(packetbuf.o)
                0x00008d98                packetbuf_totlen
 .text.packetbuf_hdralloc
                0x00008dac       0x3c contiki-srf06-cc26xx.a(packetbuf.o)
                0x00008dac                packetbuf_hdralloc
 .text.packetbuf_attr_clear
                0x00008de8       0x34 contiki-srf06-cc26xx.a(packetbuf.o)
                0x00008de8                packetbuf_attr_clear
 .text.packetbuf_clear
                0x00008e1c       0x20 contiki-srf06-cc26xx.a(packetbuf.o)
                0x00008e1c                packetbuf_clear
 .text.packetbuf_copyfrom
                0x00008e3c       0x2c contiki-srf06-cc26xx.a(packetbuf.o)
                0x00008e3c                packetbuf_copyfrom
 .text.packetbuf_attr_copyto
                0x00008e68       0x34 contiki-srf06-cc26xx.a(packetbuf.o)
                0x00008e68                packetbuf_attr_copyto
 .text.packetbuf_attr_copyfrom
                0x00008e9c       0x34 contiki-srf06-cc26xx.a(packetbuf.o)
                0x00008e9c                packetbuf_attr_copyfrom
 .text.packetbuf_set_attr
                0x00008ed0       0x10 contiki-srf06-cc26xx.a(packetbuf.o)
                0x00008ed0                packetbuf_set_attr
 .text.packetbuf_attr
                0x00008ee0        0xc contiki-srf06-cc26xx.a(packetbuf.o)
                0x00008ee0                packetbuf_attr
 .text.packetbuf_set_addr
                0x00008eec       0x18 contiki-srf06-cc26xx.a(packetbuf.o)
                0x00008eec                packetbuf_set_addr
 .text.packetbuf_addr
                0x00008f04       0x10 contiki-srf06-cc26xx.a(packetbuf.o)
                0x00008f04                packetbuf_addr
 .text.packetbuf_holds_broadcast
                0x00008f14       0x10 contiki-srf06-cc26xx.a(packetbuf.o)
                0x00008f14                packetbuf_holds_broadcast
 .text.netstack_init
                0x00008f24       0x38 contiki-srf06-cc26xx.a(netstack.o)
                0x00008f24                netstack_init
 .text.periodic
                0x00008f5c       0x2c contiki-srf06-cc26xx.a(link-stats.o)
 .text.link_stats_from_lladdr
                0x00008f88        0xc contiki-srf06-cc26xx.a(link-stats.o)
                0x00008f88                link_stats_from_lladdr
 .text.link_stats_packet_sent
                0x00008f94       0x78 contiki-srf06-cc26xx.a(link-stats.o)
                0x00008f94                link_stats_packet_sent
 .text.link_stats_input_callback
                0x0000900c       0x4c contiki-srf06-cc26xx.a(link-stats.o)
                0x0000900c                link_stats_input_callback
 .text.link_stats_init
                0x00009058       0x28 contiki-srf06-cc26xx.a(link-stats.o)
                0x00009058                link_stats_init
 .text.input_packet
                0x00009080        0xc contiki-srf06-cc26xx.a(csma.o)
 .text.on       0x0000908c        0xc contiki-srf06-cc26xx.a(csma.o)
 .text.off      0x00009098        0xc contiki-srf06-cc26xx.a(csma.o)
 .text.channel_check_interval
                0x000090a4       0x10 contiki-srf06-cc26xx.a(csma.o)
 .text.transmit_packet_list
                0x000090b4       0x30 contiki-srf06-cc26xx.a(csma.o)
 .text.schedule_transmission
                0x000090e4       0x4c contiki-srf06-cc26xx.a(csma.o)
 .text.send_packet
                0x00009130      0x138 contiki-srf06-cc26xx.a(csma.o)
 .text.init     0x00009268       0x24 contiki-srf06-cc26xx.a(csma.o)
 .text.tx_done  0x0000928c       0x84 contiki-srf06-cc26xx.a(csma.o)
 .text.create_frame.isra.0
                0x00009310      0x128 contiki-srf06-cc26xx.a(framer-802154.o)
 .text.init     0x00009438       0x40 contiki-srf06-cc26xx.a(contikimac.o)
 .text.on       0x00009478       0x2c contiki-srf06-cc26xx.a(contikimac.o)
 .text.off      0x000094a4       0x38 contiki-srf06-cc26xx.a(contikimac.o)
 .text.recv_burst_off
                0x000094dc       0x14 contiki-srf06-cc26xx.a(contikimac.o)
 .text.input_packet
                0x000094f0      0x104 contiki-srf06-cc26xx.a(contikimac.o)
 .text.powercycle_turn_radio_off
                0x000095f4       0x1c contiki-srf06-cc26xx.a(contikimac.o)
 .text.turn_off
                0x00009610       0x38 contiki-srf06-cc26xx.a(contikimac.o)
 .text.turn_on  0x00009648       0x40 contiki-srf06-cc26xx.a(contikimac.o)
 .text.schedule_powercycle_fixed
                0x00009688       0x34 contiki-srf06-cc26xx.a(contikimac.o)
 .text.send_packet.isra.7
                0x000096bc      0x1fc contiki-srf06-cc26xx.a(contikimac.o)
 .text.qsend_list
                0x000098b8       0xc4 contiki-srf06-cc26xx.a(contikimac.o)
 .text.powercycle_wrapper
                0x0000997c      0x1ec contiki-srf06-cc26xx.a(contikimac.o)
 .text.input    0x00009b68        0xc contiki-srf06-cc26xx.a(nullsec.o)
 .text.send     0x00009b74       0x20 contiki-srf06-cc26xx.a(nullsec.o)
 .text.aux_ctrl_power_up
                0x00009b94       0x28 contiki-srf06-cc26xx.a(aux-ctrl.o)
                0x00009b94                aux_ctrl_power_up
 .text.aux_ctrl_register_consumer
                0x00009bbc       0x44 contiki-srf06-cc26xx.a(aux-ctrl.o)
                0x00009bbc                aux_ctrl_register_consumer
 .text.aux_ctrl_power_down
                0x00009c00       0x68 contiki-srf06-cc26xx.a(aux-ctrl.o)
                0x00009c00                aux_ctrl_power_down
 .text.aux_ctrl_unregister_consumer
                0x00009c68       0x28 contiki-srf06-cc26xx.a(aux-ctrl.o)
                0x00009c68                aux_ctrl_unregister_consumer
 .text.stimer_expired
                0x00009c90       0x20 contiki-srf06-cc26xx.a(stimer.o)
                0x00009c90                stimer_expired
 .text.echo_reply_input
                0x00009cb0       0x94 contiki-srf06-cc26xx.a(uip-icmp6.o)
 .text.echo_request_input
                0x00009d44       0xc8 contiki-srf06-cc26xx.a(uip-icmp6.o)
 .text.uip_icmp6_input
                0x00009e0c       0x38 contiki-srf06-cc26xx.a(uip-icmp6.o)
                0x00009e0c                uip_icmp6_input
 .text.uip_icmp6_register_input_handler
                0x00009e44        0xc contiki-srf06-cc26xx.a(uip-icmp6.o)
                0x00009e44                uip_icmp6_register_input_handler
 .text.uip_icmp6_error_output
                0x00009e50      0x144 contiki-srf06-cc26xx.a(uip-icmp6.o)
                0x00009e50                uip_icmp6_error_output
 .text.uip_icmp6_send
                0x00009f94       0x8c contiki-srf06-cc26xx.a(uip-icmp6.o)
                0x00009f94                uip_icmp6_send
 .text.uip_icmp6_init
                0x0000a020       0x1c contiki-srf06-cc26xx.a(uip-icmp6.o)
                0x0000a020                uip_icmp6_init
 .text.update_nbr
                0x0000a03c      0x10c contiki-srf06-cc26xx.a(rpl-nbr-policy.)
 .text.handle_periodic_timer
                0x0000a148       0x14 contiki-srf06-cc26xx.a(rpl-nbr-policy.)
 .text.find_removable_dis
                0x0000a15c       0x20 contiki-srf06-cc26xx.a(rpl-nbr-policy.)
                0x0000a15c                find_removable_dis
 .text.find_removable_dio
                0x0000a17c       0x40 contiki-srf06-cc26xx.a(rpl-nbr-policy.)
                0x0000a17c                find_removable_dio
 .text.find_removable_dao
                0x0000a1bc       0x38 contiki-srf06-cc26xx.a(rpl-nbr-policy.)
                0x0000a1bc                find_removable_dao
 .text.rpl_nbr_policy_find_removable
                0x0000a1f4       0x28 contiki-srf06-cc26xx.a(rpl-nbr-policy.)
                0x0000a1f4                rpl_nbr_policy_find_removable
 .text.NOROM_SetupSetVddrLevel
                0x0000a21c       0x7c contiki-srf06-cc26xx.a(setup_rom.o)
                0x0000a21c                NOROM_SetupSetVddrLevel
 .text.NOROM_SetupAfterColdResetWakeupFromShutDownCfg1
                0x0000a298       0xac contiki-srf06-cc26xx.a(setup_rom.o)
                0x0000a298                NOROM_SetupAfterColdResetWakeupFromShutDownCfg1
 .text.NOROM_SetupGetTrimForAnabypassValue1
                0x0000a344       0x5c contiki-srf06-cc26xx.a(setup_rom.o)
                0x0000a344                NOROM_SetupGetTrimForAnabypassValue1
 .text.NOROM_SetupGetTrimForRcOscLfRtuneCtuneTrim
                0x0000a3a0       0x18 contiki-srf06-cc26xx.a(setup_rom.o)
                0x0000a3a0                NOROM_SetupGetTrimForRcOscLfRtuneCtuneTrim
 .text.NOROM_SetupGetTrimForAmpcompTh2
                0x0000a3b8       0x10 contiki-srf06-cc26xx.a(setup_rom.o)
                0x0000a3b8                NOROM_SetupGetTrimForAmpcompTh2
 .text.NOROM_SetupGetTrimForAmpcompTh1
                0x0000a3c8       0x14 contiki-srf06-cc26xx.a(setup_rom.o)
                0x0000a3c8                NOROM_SetupGetTrimForAmpcompTh1
 .text.NOROM_SetupGetTrimForAmpcompCtrl
                0x0000a3dc       0x64 contiki-srf06-cc26xx.a(setup_rom.o)
                0x0000a3dc                NOROM_SetupGetTrimForAmpcompCtrl
 .text.NOROM_SetupGetTrimForDblrLoopFilterResetVoltage
                0x0000a440       0x14 contiki-srf06-cc26xx.a(setup_rom.o)
                0x0000a440                NOROM_SetupGetTrimForDblrLoopFilterResetVoltage
 .text.NOROM_SetupGetTrimForAdcShModeEn
                0x0000a454       0x14 contiki-srf06-cc26xx.a(setup_rom.o)
                0x0000a454                NOROM_SetupGetTrimForAdcShModeEn
 .text.NOROM_SetupGetTrimForAdcShVbufEn
                0x0000a468       0x14 contiki-srf06-cc26xx.a(setup_rom.o)
                0x0000a468                NOROM_SetupGetTrimForAdcShVbufEn
 .text.NOROM_SetupGetTrimForXoscHfCtl
                0x0000a47c       0x28 contiki-srf06-cc26xx.a(setup_rom.o)
                0x0000a47c                NOROM_SetupGetTrimForXoscHfCtl
 .text.NOROM_SetupGetTrimForXoscHfFastStart
                0x0000a4a4       0x10 contiki-srf06-cc26xx.a(setup_rom.o)
                0x0000a4a4                NOROM_SetupGetTrimForXoscHfFastStart
 .text.NOROM_SetupGetTrimForRadcExtCfg
                0x0000a4b4       0x2c contiki-srf06-cc26xx.a(setup_rom.o)
                0x0000a4b4                NOROM_SetupGetTrimForRadcExtCfg
 .text.NOROM_SetupGetTrimForRcOscLfIBiasTrim
                0x0000a4e0       0x14 contiki-srf06-cc26xx.a(setup_rom.o)
                0x0000a4e0                NOROM_SetupGetTrimForRcOscLfIBiasTrim
 .text.NOROM_SetupGetTrimForXoscLfRegulatorAndCmirrwrRatio
                0x0000a4f4       0x14 contiki-srf06-cc26xx.a(setup_rom.o)
                0x0000a4f4                NOROM_SetupGetTrimForXoscLfRegulatorAndCmirrwrRatio
 .text.NOROM_SetupAfterColdResetWakeupFromShutDownCfg2
                0x0000a508      0x110 contiki-srf06-cc26xx.a(setup_rom.o)
                0x0000a508                NOROM_SetupAfterColdResetWakeupFromShutDownCfg2
 .text.NOROM_SetupSetCacheModeAccordingToCcfgSetting
                0x0000a618       0x64 contiki-srf06-cc26xx.a(setup_rom.o)
                0x0000a618                NOROM_SetupSetCacheModeAccordingToCcfgSetting
 .text.NOROM_SetupSetAonRtcSubSecInc
                0x0000a67c       0x28 contiki-srf06-cc26xx.a(setup_rom.o)
                0x0000a67c                NOROM_SetupSetAonRtcSubSecInc
 .text.NOROM_SetupAfterColdResetWakeupFromShutDownCfg3
                0x0000a6a4      0x150 contiki-srf06-cc26xx.a(setup_rom.o)
                0x0000a6a4                NOROM_SetupAfterColdResetWakeupFromShutDownCfg3
 .text.AuxAdiDdiSafeWrite.constprop.1
                0x0000a7f4       0x28 contiki-srf06-cc26xx.a(ddi.o)
 .text.mac_sequence_is_duplicate
                0x0000a81c       0x4c contiki-srf06-cc26xx.a(mac-sequence.o)
                0x0000a81c                mac_sequence_is_duplicate
 .text.mac_sequence_register_seqno
                0x0000a868       0x64 contiki-srf06-cc26xx.a(mac-sequence.o)
                0x0000a868                mac_sequence_register_seqno
 .text.frame802154_get_pan_id
                0x0000a8cc        0xc contiki-srf06-cc26xx.a(frame802154.o)
                0x0000a8cc                frame802154_get_pan_id
 .text.frame802154_parse
                0x0000a8d8      0x174 contiki-srf06-cc26xx.a(frame802154.o)
                0x0000a8d8                frame802154_parse
 .text          0x0000aa4c       0x30 /usr/lib/gcc/arm-none-eabi/4.9.3/armv7-m/libgcc.a(_aeabi_uldivmod.o)
                0x0000aa4c                __aeabi_uldivmod
 .text          0x0000aa7c       0x60 /usr/lib/gcc/arm-none-eabi/4.9.3/armv7-m/libgcc.a(bpabi.o)
                0x0000aa7c                __gnu_ldivmod_helper
                0x0000aaac                __gnu_uldivmod_helper
 .text          0x0000aadc        0x4 /usr/lib/gcc/arm-none-eabi/4.9.3/armv7-m/libgcc.a(_dvmd_tls.o)
                0x0000aadc                __aeabi_ldiv0
                0x0000aadc                __aeabi_idiv0
 .text          0x0000aae0      0x2ac /usr/lib/gcc/arm-none-eabi/4.9.3/armv7-m/libgcc.a(_divdi3.o)
                0x0000aae0                __divdi3
 .text          0x0000ad8c      0x270 /usr/lib/gcc/arm-none-eabi/4.9.3/armv7-m/libgcc.a(_udivdi3.o)
                0x0000ad8c                __udivdi3
 .text.memcmp   0x0000affc       0x64 /usr/lib/gcc/arm-none-eabi/4.9.3/../../../arm-none-eabi/lib/armv7-m/libc.a(lib_a-memcmp.o)
                0x0000affc                memcmp
 .text          0x0000b060       0xec /usr/lib/gcc/arm-none-eabi/4.9.3/../../../arm-none-eabi/lib/armv7-m/libc.a(lib_a-memcpy.o)
                0x0000b060                memcpy
 .text.memmove  0x0000b14c       0xc8 /usr/lib/gcc/arm-none-eabi/4.9.3/../../../arm-none-eabi/lib/armv7-m/libc.a(lib_a-memmove.o)
                0x0000b14c                memmove
 .text.memset   0x0000b214       0x9c /usr/lib/gcc/arm-none-eabi/4.9.3/../../../arm-none-eabi/lib/armv7-m/libc.a(lib_a-memset.o)
                0x0000b214                memset
 .text.strcpy   0x0000b2b0       0xbc /usr/lib/gcc/arm-none-eabi/4.9.3/../../../arm-none-eabi/lib/armv7-m/libc.a(lib_a-strcpy.o)
                0x0000b2b0                strcpy
 .text.strlen   0x0000b36c       0x5c /usr/lib/gcc/arm-none-eabi/4.9.3/../../../arm-none-eabi/lib/armv7-m/libc.a(lib_a-strlen.o)
                0x0000b36c                strlen
 .text.strncmp  0x0000b3c8       0x94 /usr/lib/gcc/arm-none-eabi/4.9.3/../../../arm-none-eabi/lib/armv7-m/libc.a(lib_a-strncmp.o)
                0x0000b3c8                strncmp
 .text.strncpy  0x0000b45c       0x68 /usr/lib/gcc/arm-none-eabi/4.9.3/../../../arm-none-eabi/lib/armv7-m/libc.a(lib_a-strncpy.o)
                0x0000b45c                strncpy
 .text.NmiSRHandler
                0x0000b4c4        0x2 obj_srf06-cc26xx/startup_gcc.o
                0x0000b4c4                NmiSR
 .text.IntDefaultHandler
                0x0000b4c6        0x2 obj_srf06-cc26xx/startup_gcc.o
                0x0000b4c6                SSI0IntHandler
                0x0000b4c6                SWEvent0IntHandler
                0x0000b4c6                uDMAIntHandler
                0x0000b4c6                WatchdogIntHandler
                0x0000b4c6                RFCHardwareIntHandler
                0x0000b4c6                Timer1BIntHandler
                0x0000b4c6                I2SIntHandler
                0x0000b4c6                Timer2BIntHandler
                0x0000b4c6                Timer2AIntHandler
                0x0000b4c6                Timer1AIntHandler
                0x0000b4c6                AONIntHandler
                0x0000b4c6                AUXSWEvent0IntHandler
                0x0000b4c6                AUXADCIntHandler
                0x0000b4c6                PendSVIntHandler
                0x0000b4c6                AUXSWEvent1IntHandler
                0x0000b4c6                SVCallIntHandler
                0x0000b4c6                MPUFaultIntHandler
                0x0000b4c6                SysTickIntHandler
                0x0000b4c6                BusFaultIntHandler
                0x0000b4c6                AONProgIntHandler
                0x0000b4c6                AUXCompAIntHandler
                0x0000b4c6                SSI1IntHandler
                0x0000b4c6                FlashIntHandler
                0x0000b4c6                uDMAErrIntHandler
                0x0000b4c6                UsageFaultIntHandler
                0x0000b4c6                RFCCmdAckIntHandler
                0x0000b4c6                CryptoIntHandler
                0x0000b4c6                Timer0AIntHandler
                0x0000b4c6                I2CIntHandler
                0x0000b4c6                DebugMonIntHandler
                0x0000b4c6                Timer0BIntHandler
                0x0000b4c6                AUXCombEventIntHandler
                0x0000b4c6                Timer3AIntHandler
                0x0000b4c6                DynProgIntHandler
                0x0000b4c6                Timer3BIntHandler
 .text.fade     0x0000b4c8       0x54 contiki-srf06-cc26xx.a(contiki-main.o)
 .text.status_left
                0x0000b51c       0x10 contiki-srf06-cc26xx.a(button-sensor.o)
 .text.config_left
                0x0000b52c        0xc contiki-srf06-cc26xx.a(button-sensor.o)
 .text.config_right
                0x0000b538        0xc contiki-srf06-cc26xx.a(button-sensor.o)
 .text.status_right
                0x0000b544       0x10 contiki-srf06-cc26xx.a(button-sensor.o)
 .text.ext_flash_init
                0x0000b554        0xe contiki-srf06-cc26xx.a(ext-flash.o)
                0x0000b554                ext_flash_init
 .text.get_object
                0x0000b562        0x4 contiki-srf06-cc26xx.a(prop-mode.o)
 .text.set_object
                0x0000b566        0x4 contiki-srf06-cc26xx.a(prop-mode.o)
 .text.request  0x0000b56a       0x10 contiki-srf06-cc26xx.a(prop-mode.o)
 .text.soft_on_prop
                0x0000b57a       0x1e contiki-srf06-cc26xx.a(prop-mode.o)
 .text.send     0x0000b598       0x12 contiki-srf06-cc26xx.a(prop-mode.o)
 .text.receiving_packet
                0x0000b5aa       0x16 contiki-srf06-cc26xx.a(prop-mode.o)
 .text.clock_update
                0x0000b5c0       0x16 contiki-srf06-cc26xx.a(clock.o)
                0x0000b5c0                clock_update
 .text.rtimer_arch_init
                0x0000b5d6        0x2 contiki-srf06-cc26xx.a(rtimer-arch.o)
                0x0000b5d6                rtimer_arch_init
 .text.rtimer_arch_schedule
                0x0000b5d8        0x8 contiki-srf06-cc26xx.a(rtimer-arch.o)
                0x0000b5d8                rtimer_arch_schedule
 .text.rtimer_arch_now
                0x0000b5e0        0x4 contiki-srf06-cc26xx.a(rtimer-arch.o)
                0x0000b5e0                rtimer_arch_now
 .text.putchar  0x0000b5e4        0xe contiki-srf06-cc26xx.a(putchar.o)
                0x0000b5e4                putchar
 .text.puts     0x0000b5f2       0x2c contiki-srf06-cc26xx.a(putchar.o)
                0x0000b5f2                puts
 .text.dbg_send_bytes
                0x0000b61e       0x28 contiki-srf06-cc26xx.a(putchar.o)
                0x0000b61e                dbg_send_bytes
 .text.slip_arch_writeb
                0x0000b646        0x4 contiki-srf06-cc26xx.a(slip-arch.o)
                0x0000b646                slip_arch_writeb
 .text.oscillators_select_lf_rcosc
                0x0000b64a       0x3a contiki-srf06-cc26xx.a(oscillators.o)
                0x0000b64a                oscillators_select_lf_rcosc
 .text.oscillators_request_hf_xosc
                0x0000b684       0x2e contiki-srf06-cc26xx.a(oscillators.o)
                0x0000b684                oscillators_request_hf_xosc
 .text.IntMasterEnable
                0x0000b6b2        0xe contiki-srf06-cc26xx.a(rf-core.o)
 .text.rf_core_init_radio_op
                0x0000b6c0       0x1e contiki-srf06-cc26xx.a(rf-core.o)
                0x0000b6c0                rf_core_init_radio_op
 .text.random_rand
                0x0000b6de        0xa contiki-srf06-cc26xx.a(random.o)
                0x0000b6de                random_rand
 .text.random_init
                0x0000b6e8        0x4 contiki-srf06-cc26xx.a(random.o)
                0x0000b6e8                random_init
 .text.write_str
                0x0000b6ec       0x10 contiki-srf06-cc26xx.a(dbg-printf.o)
 .text.buffer_str
                0x0000b6fc       0x28 contiki-srf06-cc26xx.a(dbg-snprintf.o)
 .text.snprintf
                0x0000b724       0x1a contiki-srf06-cc26xx.a(dbg-snprintf.o)
                0x0000b724                snprintf
 .text.autostart_start
                0x0000b73e       0x14 contiki-srf06-cc26xx.a(autostart.o)
                0x0000b73e                autostart_start
 .text.energest_init
                0x0000b752        0x2 contiki-srf06-cc26xx.a(energest.o)
                0x0000b752                energest_init
 .text.etimer_set
                0x0000b754       0x12 contiki-srf06-cc26xx.a(etimer.o)
                0x0000b754                etimer_set
 .text.etimer_reset
                0x0000b766       0x12 contiki-srf06-cc26xx.a(etimer.o)
                0x0000b766                etimer_reset
 .text.etimer_restart
                0x0000b778       0x12 contiki-srf06-cc26xx.a(etimer.o)
                0x0000b778                etimer_restart
 .text.etimer_expired
                0x0000b78a        0xa contiki-srf06-cc26xx.a(etimer.o)
                0x0000b78a                etimer_expired
 .text.etimer_expiration_time
                0x0000b794        0x6 contiki-srf06-cc26xx.a(etimer.o)
                0x0000b794                etimer_expiration_time
 .text.call_process
                0x0000b79a        0xc contiki-srf06-cc26xx.a(process.o)
 .text.rtimer_init
                0x0000b7a6        0x4 contiki-srf06-cc26xx.a(rtimer.o)
                0x0000b7a6                rtimer_init
 .text.timer_set
                0x0000b7aa        0xe contiki-srf06-cc26xx.a(timer.o)
                0x0000b7aa                timer_set
 .text.timer_reset
                0x0000b7b8        0xa contiki-srf06-cc26xx.a(timer.o)
                0x0000b7b8                timer_reset
 .text.timer_restart
                0x0000b7c2        0xc contiki-srf06-cc26xx.a(timer.o)
                0x0000b7c2                timer_restart
 .text.timer_expired
                0x0000b7ce       0x1c contiki-srf06-cc26xx.a(timer.o)
                0x0000b7ce                timer_expired
 .text.ringbuf_init
                0x0000b7ea        0xe contiki-srf06-cc26xx.a(ringbuf.o)
                0x0000b7ea                ringbuf_init
 .text.ringbuf_get
                0x0000b7f8       0x20 contiki-srf06-cc26xx.a(ringbuf.o)
                0x0000b7f8                ringbuf_get
 .text.list_init
                0x0000b818        0x6 contiki-srf06-cc26xx.a(list.o)
                0x0000b818                list_init
 .text.list_head
                0x0000b81e        0x4 contiki-srf06-cc26xx.a(list.o)
                0x0000b81e                list_head
 .text.list_tail
                0x0000b822       0x10 contiki-srf06-cc26xx.a(list.o)
                0x0000b822                list_tail
 .text.list_remove
                0x0000b832       0x28 contiki-srf06-cc26xx.a(list.o)
                0x0000b832                list_remove
 .text.list_add
                0x0000b85a       0x1e contiki-srf06-cc26xx.a(list.o)
                0x0000b85a                list_add
 .text.list_push
                0x0000b878       0x12 contiki-srf06-cc26xx.a(list.o)
                0x0000b878                list_push
 .text.list_length
                0x0000b88a        0xe contiki-srf06-cc26xx.a(list.o)
                0x0000b88a                list_length
 .text.list_item_next
                0x0000b898        0x6 contiki-srf06-cc26xx.a(list.o)
                0x0000b898                list_item_next
 .text.memb_init
                0x0000b89e       0x20 contiki-srf06-cc26xx.a(memb.o)
                0x0000b89e                memb_init
 .text.memb_alloc
                0x0000b8be       0x28 contiki-srf06-cc26xx.a(memb.o)
                0x0000b8be                memb_alloc
 .text.memb_free
                0x0000b8e6       0x2c contiki-srf06-cc26xx.a(memb.o)
                0x0000b8e6                memb_free
 .text.memb_inmemb
                0x0000b912       0x1c contiki-srf06-cc26xx.a(memb.o)
                0x0000b912                memb_inmemb
 .text.memb_numfree
                0x0000b92e       0x1c contiki-srf06-cc26xx.a(memb.o)
                0x0000b92e                memb_numfree
 .text.uip_ds6_list_loop
                0x0000b94a       0x48 contiki-srf06-cc26xx.a(uip-ds6.o)
                0x0000b94a                uip_ds6_list_loop
 .text.uip_ds6_maddr_rm
                0x0000b992        0x8 contiki-srf06-cc26xx.a(uip-ds6.o)
                0x0000b992                uip_ds6_maddr_rm
 .text.uip_ds6_set_addr_iid
                0x0000b99a       0x12 contiki-srf06-cc26xx.a(uip-ds6.o)
                0x0000b99a                uip_ds6_set_addr_iid
 .text.get_match_length
                0x0000b9ac       0x3a contiki-srf06-cc26xx.a(uip-ds6.o)
                0x0000b9ac                get_match_length
 .text.uip_ds6_route_next
                0x0000b9e6        0x8 contiki-srf06-cc26xx.a(uip-ds6-route.o)
                0x0000b9e6                uip_ds6_route_next
 .text.rm_routelist_callback
                0x0000b9ee        0x4 contiki-srf06-cc26xx.a(uip-ds6-route.o)
 .text.chksum   0x0000b9f2       0x38 contiki-srf06-cc26xx.a(uip6.o)
 .text.uip_icmp6chksum
                0x0000ba2a        0x6 contiki-srf06-cc26xx.a(uip6.o)
                0x0000ba2a                uip_icmp6chksum
 .text.uip_tcpchksum
                0x0000ba30        0x6 contiki-srf06-cc26xx.a(uip6.o)
                0x0000ba30                uip_tcpchksum
 .text.uip_udpchksum
                0x0000ba36        0x6 contiki-srf06-cc26xx.a(uip6.o)
                0x0000ba36                uip_udpchksum
 .text.uip_htonl
                0x0000ba3c       0x14 contiki-srf06-cc26xx.a(uip6.o)
                0x0000ba3c                uip_htonl
 .text.uip_ds6_nbr_ipaddr_from_lladdr
                0x0000ba50        0x4 contiki-srf06-cc26xx.a(uip-ds6-nbr.o)
                0x0000ba50                uip_ds6_nbr_ipaddr_from_lladdr
 .text.uip_ds6_nbr_lladdr_from_ipaddr
                0x0000ba54       0x12 contiki-srf06-cc26xx.a(uip-ds6-nbr.o)
                0x0000ba54                uip_ds6_nbr_lladdr_from_ipaddr
 .text.uip_nd6_init
                0x0000ba66        0x2 contiki-srf06-cc26xx.a(uip-nd6.o)
                0x0000ba66                uip_nd6_init
 .text.psock_datalen
                0x0000ba68        0xa contiki-srf06-cc26xx.a(psock.o)
                0x0000ba68                psock_datalen
 .text.psock_init
                0x0000ba72       0x16 contiki-srf06-cc26xx.a(psock.o)
                0x0000ba72                psock_init
 .text.lollipop_greater_than
                0x0000ba88       0x34 contiki-srf06-cc26xx.a(rpl-dag.o)
 .text.check_prefix
                0x0000babc       0x58 contiki-srf06-cc26xx.a(rpl-dag.o)
 .text.rpl_rank_via_parent
                0x0000bb14       0x1a contiki-srf06-cc26xx.a(rpl-dag.o)
                0x0000bb14                rpl_rank_via_parent
 .text.rpl_get_parent_ipaddr
                0x0000bb2e        0xe contiki-srf06-cc26xx.a(rpl-dag.o)
                0x0000bb2e                rpl_get_parent_ipaddr
 .text.rpl_get_parent_link_stats
                0x0000bb3c        0xe contiki-srf06-cc26xx.a(rpl-dag.o)
                0x0000bb3c                rpl_get_parent_link_stats
 .text.rpl_parent_is_fresh
                0x0000bb4a        0xe contiki-srf06-cc26xx.a(rpl-dag.o)
                0x0000bb4a                rpl_parent_is_fresh
 .text.rpl_parent_is_reachable
                0x0000bb58       0x36 contiki-srf06-cc26xx.a(rpl-dag.o)
                0x0000bb58                rpl_parent_is_reachable
 .text.rpl_set_prefix
                0x0000bb8e       0x6c contiki-srf06-cc26xx.a(rpl-dag.o)
                0x0000bb8e                rpl_set_prefix
 .text.rpl_set_default_route
                0x0000bbfa       0x30 contiki-srf06-cc26xx.a(rpl-dag.o)
                0x0000bbfa                rpl_set_default_route
 .text.rpl_find_parent
                0x0000bc2a       0x16 contiki-srf06-cc26xx.a(rpl-dag.o)
                0x0000bc2a                rpl_find_parent
 .text.rpl_find_parent_any_dag
                0x0000bc40       0x1e contiki-srf06-cc26xx.a(rpl-dag.o)
                0x0000bc40                rpl_find_parent_any_dag
 .text.rpl_select_parent
                0x0000bc5e       0x4a contiki-srf06-cc26xx.a(rpl-dag.o)
                0x0000bc5e                rpl_select_parent
 .text.rpl_select_dag
                0x0000bca8      0x15c contiki-srf06-cc26xx.a(rpl-dag.o)
                0x0000bca8                rpl_select_dag
 .text.rpl_nullify_parent
                0x0000be04       0x54 contiki-srf06-cc26xx.a(rpl-dag.o)
                0x0000be04                rpl_nullify_parent
 .text.nbr_callback
                0x0000be58        0x4 contiki-srf06-cc26xx.a(rpl-dag.o)
 .text.rpl_free_dag
                0x0000be5c       0x3a contiki-srf06-cc26xx.a(rpl-dag.o)
                0x0000be5c                rpl_free_dag
 .text.rpl_move_parent
                0x0000be96       0x54 contiki-srf06-cc26xx.a(rpl-dag.o)
                0x0000be96                rpl_move_parent
 .text.rpl_repair_root
                0x0000beea       0x48 contiki-srf06-cc26xx.a(rpl-dag.o)
                0x0000beea                rpl_repair_root
 .text.rpl_alloc_dag
                0x0000bf32       0x48 contiki-srf06-cc26xx.a(rpl-dag.o)
                0x0000bf32                rpl_alloc_dag
 .text.rpl_process_parent_event
                0x0000bf7a       0x96 contiki-srf06-cc26xx.a(rpl-dag.o)
                0x0000bf7a                rpl_process_parent_event
 .text.rpl_add_dag
                0x0000c010      0x112 contiki-srf06-cc26xx.a(rpl-dag.o)
                0x0000c010                rpl_add_dag
 .text.rpl_process_dio
                0x0000c122      0x2e6 contiki-srf06-cc26xx.a(rpl-dag.o)
                0x0000c122                rpl_process_dio
 .text.handle_unicast_dio_timer
                0x0000c408       0x1c contiki-srf06-cc26xx.a(rpl-timers.o)
 .text.rpl_reset_dio_timer
                0x0000c424       0x1c contiki-srf06-cc26xx.a(rpl-timers.o)
                0x0000c424                rpl_reset_dio_timer
 .text.rpl_schedule_dao
                0x0000c440        0x8 contiki-srf06-cc26xx.a(rpl-timers.o)
                0x0000c440                rpl_schedule_dao
 .text.get_probing_delay
                0x0000c448       0x3a contiki-srf06-cc26xx.a(rpl-timers.o)
                0x0000c448                get_probing_delay
 .text.handle_probing_timer
                0x0000c482       0x32 contiki-srf06-cc26xx.a(rpl-timers.o)
 .text.rpl_remove_routes
                0x0000c4b4       0x1e contiki-srf06-cc26xx.a(rpl.o)
                0x0000c4b4                rpl_remove_routes
 .text.rpl_remove_routes_by_nexthop
                0x0000c4d2       0x30 contiki-srf06-cc26xx.a(rpl.o)
                0x0000c4d2                rpl_remove_routes_by_nexthop
 .text.rpl_add_route
                0x0000c502       0x2e contiki-srf06-cc26xx.a(rpl.o)
                0x0000c502                rpl_add_route
 .text.reset    0x0000c530        0x2 contiki-srf06-cc26xx.a(rpl-mrhof.o)
 .text.update_metric_container
                0x0000c532        0x6 contiki-srf06-cc26xx.a(rpl-mrhof.o)
 .text.parent_link_metric
                0x0000c538       0x12 contiki-srf06-cc26xx.a(rpl-mrhof.o)
 .text.parent_has_usable_link
                0x0000c54a       0x12 contiki-srf06-cc26xx.a(rpl-mrhof.o)
 .text.best_dag
                0x0000c55c       0x2c contiki-srf06-cc26xx.a(rpl-mrhof.o)
 .text.parent_path_cost
                0x0000c588       0x34 contiki-srf06-cc26xx.a(rpl-mrhof.o)
 .text.parent_is_acceptable
                0x0000c5bc       0x26 contiki-srf06-cc26xx.a(rpl-mrhof.o)
 .text.rank_via_parent
                0x0000c5e2       0x34 contiki-srf06-cc26xx.a(rpl-mrhof.o)
 .text.best_parent
                0x0000c616       0x68 contiki-srf06-cc26xx.a(rpl-mrhof.o)
 .text.get32    0x0000c67e       0x18 contiki-srf06-cc26xx.a(rpl-icmp6.o)
 .text.set32    0x0000c696       0x12 contiki-srf06-cc26xx.a(rpl-icmp6.o)
 .text.get16    0x0000c6a8        0xc contiki-srf06-cc26xx.a(rpl-icmp6.o)
 .text.set16    0x0000c6b4        0xa contiki-srf06-cc26xx.a(rpl-icmp6.o)
 .text.rpl_icmp6_update_nbr_table
                0x0000c6be       0x2e contiki-srf06-cc26xx.a(rpl-icmp6.o)
                0x0000c6be                rpl_icmp6_update_nbr_table
 .text.NOROM_CPUcpsid
                0x0000c6ec        0x8 contiki-srf06-cc26xx.a(cpu.o)
                0x0000c6ec                NOROM_CPUcpsid
 .text.NOROM_CPUcpsie
                0x0000c6f4        0x8 contiki-srf06-cc26xx.a(cpu.o)
                0x0000c6f4                NOROM_CPUcpsie
 .text.NOROM_ThisCodeIsBuiltForCC13xxHwRev20AndLater_HaltIfViolated
                0x0000c6fc       0x16 contiki-srf06-cc26xx.a(chipinfo.o)
                0x0000c6fc                NOROM_ThisCodeIsBuiltForCC13xxHwRev20AndLater_HaltIfViolated
 .text.queuebuf_update_attr_from_packetbuf
                0x0000c712        0xc contiki-srf06-cc26xx.a(queuebuf.o)
                0x0000c712                queuebuf_update_attr_from_packetbuf
 .text.queuebuf_update_from_packetbuf
                0x0000c71e       0x1c contiki-srf06-cc26xx.a(queuebuf.o)
                0x0000c71e                queuebuf_update_from_packetbuf
 .text.queuebuf_attr
                0x0000c73a        0xc contiki-srf06-cc26xx.a(queuebuf.o)
                0x0000c73a                queuebuf_attr
 .text.item_from_key
                0x0000c746       0x22 contiki-srf06-cc26xx.a(nbr-table.o)
 .text.nbr_set_bit
                0x0000c768       0x38 contiki-srf06-cc26xx.a(nbr-table.o)
 .text.nbr_table_next
                0x0000c7a0       0x3e contiki-srf06-cc26xx.a(nbr-table.o)
                0x0000c7a0                nbr_table_next
 .text.nbr_table_get_from_lladdr
                0x0000c7de       0x32 contiki-srf06-cc26xx.a(nbr-table.o)
                0x0000c7de                nbr_table_get_from_lladdr
 .text.nbr_table_get_lladdr
                0x0000c810       0x20 contiki-srf06-cc26xx.a(nbr-table.o)
                0x0000c810                nbr_table_get_lladdr
 .text.linkaddr_copy
                0x0000c830        0xa contiki-srf06-cc26xx.a(linkaddr.o)
                0x0000c830                linkaddr_copy
 .text.linkaddr_cmp
                0x0000c83a       0x10 contiki-srf06-cc26xx.a(linkaddr.o)
                0x0000c83a                linkaddr_cmp
 .text.link_stats_is_fresh
                0x0000c84a       0x24 contiki-srf06-cc26xx.a(link-stats.o)
                0x0000c84a                link_stats_is_fresh
 .text.packet_sent
                0x0000c86e       0xca contiki-srf06-cc26xx.a(csma.o)
 .text.mac_call_sent_callback
                0x0000c938       0x16 contiki-srf06-cc26xx.a(mac.o)
                0x0000c938                mac_call_sent_callback
 .text.parse    0x0000c94e       0x94 contiki-srf06-cc26xx.a(framer-802154.o)
 .text.create   0x0000c9e2        0x6 contiki-srf06-cc26xx.a(framer-802154.o)
 .text.hdr_length
                0x0000c9e8        0x6 contiki-srf06-cc26xx.a(framer-802154.o)
 .text.duty_cycle
                0x0000c9ee        0x4 contiki-srf06-cc26xx.a(contikimac.o)
 .text.qsend_packet
                0x0000c9f2       0x22 contiki-srf06-cc26xx.a(contikimac.o)
 .text.init     0x0000ca14        0x2 contiki-srf06-cc26xx.a(nullsec.o)
 .text.stimer_set
                0x0000ca16        0xe contiki-srf06-cc26xx.a(stimer.o)
                0x0000ca16                stimer_set
 .text.NOROM_DDI32RegWrite
                0x0000ca24        0x8 contiki-srf06-cc26xx.a(ddi.o)
                0x0000ca24                NOROM_DDI32RegWrite
 .text.frame802154_has_panid
                0x0000ca2c       0x62 contiki-srf06-cc26xx.a(frame802154.o)
                0x0000ca2c                frame802154_has_panid
 .text.field_len
                0x0000ca8e       0x84 contiki-srf06-cc26xx.a(frame802154.o)
 .text.frame802154_is_broadcast_addr
                0x0000cb12       0x1e contiki-srf06-cc26xx.a(frame802154.o)
                0x0000cb12                frame802154_is_broadcast_addr
 .text.frame802154_hdrlen
                0x0000cb30       0x32 contiki-srf06-cc26xx.a(frame802154.o)
                0x0000cb30                frame802154_hdrlen
 .text.frame802154_create
                0x0000cb62       0xe6 contiki-srf06-cc26xx.a(frame802154.o)
                0x0000cb62                frame802154_create
 *(SORT(.rodata*))
 .rodata.autostart_processes
                0x0000cc48        0xc border-router.co
                0x0000cc48                autostart_processes
 .rodata.rpl_interface
                0x0000cc54        0x8 obj_srf06-cc26xx/slip-bridge.o
                0x0000cc54                rpl_interface
 .rodata        0x0000cc5c       0x40 contiki-srf06-cc26xx.a(board.o)
 .rodata.button_left_sensor
                0x0000cc9c       0x10 contiki-srf06-cc26xx.a(button-sensor.o)
                0x0000cc9c                button_left_sensor
 .rodata.button_right_sensor
                0x0000ccac       0x10 contiki-srf06-cc26xx.a(button-sensor.o)
                0x0000ccac                button_right_sensor
 .rodata.output_power
                0x0000ccbc       0x80 contiki-srf06-cc26xx.a(prop-mode.o)
 .rodata.mode_prop
                0x0000cd3c        0x8 contiki-srf06-cc26xx.a(prop-mode.o)
 .rodata.prop_mode_driver
                0x0000cd44       0x38 contiki-srf06-cc26xx.a(prop-mode.o)
                0x0000cd44                prop_mode_driver
 .rodata.patchImageGenfsk
                0x0000cd7c      0x28c contiki-srf06-cc26xx.a(prop-mode.o)
 .rodata.sicslowpan_driver
                0x0000d008        0xc contiki-srf06-cc26xx.a(sicslowpan.o)
                0x0000d008                sicslowpan_driver
 .rodata.csma_driver
                0x0000d014       0x1c contiki-srf06-cc26xx.a(csma.o)
                0x0000d014                csma_driver
 .rodata.framer_802154
                0x0000d030        0xc contiki-srf06-cc26xx.a(framer-802154.o)
                0x0000d030                framer_802154
 .rodata.contikimac_driver
                0x0000d03c       0x20 contiki-srf06-cc26xx.a(contikimac.o)
                0x0000d03c                contikimac_driver
 .rodata.nullsec_driver
                0x0000d05c       0x10 contiki-srf06-cc26xx.a(nullsec.o)
                0x0000d05c                nullsec_driver
 .rodata.str1.1
                0x0000d06c       0xbc border-router.co
                                 0xc0 (size before relaxing)
 .rodata.str1.1
                0x0000d128       0xa1 obj_srf06-cc26xx/slip-bridge.o
 .rodata.http_index_html
                0x0000d1c9        0xc obj_srf06-cc26xx/httpd-simple.o
                0x0000d1c9                http_index_html
 .rodata.http_header_404
                0x0000d1d5       0x5d obj_srf06-cc26xx/httpd-simple.o
                0x0000d1d5                http_header_404
 .rodata.http_header_200
                0x0000d232       0x56 obj_srf06-cc26xx/httpd-simple.o
                0x0000d232                http_header_200
 .rodata.http_content_type_html
                0x0000d288       0x1c obj_srf06-cc26xx/httpd-simple.o
                0x0000d288                http_content_type_html
 .rodata.str1.1
                0x0000d2a4       0x68 obj_srf06-cc26xx/httpd-simple.o
 .rodata.http_get
                0x0000d30c        0x5 obj_srf06-cc26xx/httpd-simple.o
                0x0000d30c                http_get
 .rodata.str1.1
                0x0000d311       0xd4 contiki-srf06-cc26xx.a(contiki-main.o)
 .rodata.str1.1
                0x0000d3e5        0x8 contiki-srf06-cc26xx.a(sensors.o)
 .rodata.str1.1
                0x0000d3ed        0x7 contiki-srf06-cc26xx.a(button-sensor.o)
 .rodata        0x0000d3f4        0x4 contiki-srf06-cc26xx.a(ext-flash.o)
 .rodata.str1.1
                0x0000d3f8       0x21 contiki-srf06-cc26xx.a(slip.o)
 .rodata.str1.1
                0x0000d419       0x44 contiki-srf06-cc26xx.a(rf-core.o)
 .rodata.str1.1
                0x0000d45d       0x1b contiki-srf06-cc26xx.a(soc-trng.o)
 .rodata.str1.1
                0x0000d478       0x24 contiki-srf06-cc26xx.a(strformat.o)
                                 0x37 (size before relaxing)
 .rodata.buffer.4019
                0x0000d49c       0x10 contiki-srf06-cc26xx.a(strformat.o)
 .rodata.buffer.4028
                0x0000d4ac       0x10 contiki-srf06-cc26xx.a(strformat.o)
 .rodata.str1.1
                0x0000d4bc        0xf contiki-srf06-cc26xx.a(ctimer.o)
 .rodata.str1.1
                0x0000d4cb        0xc contiki-srf06-cc26xx.a(etimer.o)
 .rodata.str1.1
                0x0000d4d7        0xe contiki-srf06-cc26xx.a(serial-line.o)
 .rodata        0x0000d4e5        0x2 contiki-srf06-cc26xx.a(sicslowpan.o)
 .rodata.ttl_values
                0x0000d4e7        0x4 contiki-srf06-cc26xx.a(sicslowpan.o)
 .rodata.unc_llconf
                0x0000d4eb        0x4 contiki-srf06-cc26xx.a(sicslowpan.o)
                0x0000d4eb                unc_llconf
 .rodata.llprefix
                0x0000d4ef        0x2 contiki-srf06-cc26xx.a(sicslowpan.o)
                0x0000d4ef                llprefix
 .rodata.unc_mxconf
                0x0000d4f1        0x4 contiki-srf06-cc26xx.a(sicslowpan.o)
                0x0000d4f1                unc_mxconf
 .rodata.str1.1
                0x0000d4f5        0xb contiki-srf06-cc26xx.a(sicslowpan.o)
 .rodata.unc_ctxconf
                0x0000d500        0x4 contiki-srf06-cc26xx.a(sicslowpan.o)
                0x0000d500                unc_ctxconf
 .rodata.str1.1
                0x0000d504       0x22 contiki-srf06-cc26xx.a(uip-debug.o)
                                 0x28 (size before relaxing)
 .rodata.str1.1
                0x0000d526        0xd contiki-srf06-cc26xx.a(tcpip.o)
 .rodata.linkaddr_null
                0x0000d533        0x8 contiki-srf06-cc26xx.a(linkaddr.o)
                0x0000d533                linkaddr_null
 .rodata.str1.1
                0x0000d53b        0x5 contiki-srf06-cc26xx.a(csma.o)
 .rodata.str1.1
                0x0000d540        0xb contiki-srf06-cc26xx.a(contikimac.o)
 .rodata.str1.1
                0x0000d54b        0x8 contiki-srf06-cc26xx.a(nullsec.o)
                0x0000d553                _etext = .

.glue_7         0x0000d554        0x0
 .glue_7        0x0000d554        0x0 linker stubs

.glue_7t        0x0000d554        0x0
 .glue_7t       0x0000d554        0x0 linker stubs

.vfp11_veneer   0x0000d554        0x0
 .vfp11_veneer  0x0000d554        0x0 linker stubs

.v4_bx          0x0000d554        0x0
 .v4_bx         0x0000d554        0x0 linker stubs

.iplt           0x0000d554        0x0
 .iplt          0x0000d554        0x0 obj_srf06-cc26xx/startup_gcc.o

.data           0x20000000      0x321 load address 0x0000d553
                0x20000000                _data = .
 *(SORT(vtable))
 *(SORT(.data*))
 .data.border_router_process
                0x20000000       0x10 border-router.co
                0x20000000                border_router_process
 .data.webserver_nogui_process
                0x20000010       0x10 border-router.co
                0x20000010                webserver_nogui_process
 .data.conns    0x20000020        0xc obj_srf06-cc26xx/httpd-simple.o
 .data.sensors_process
                0x2000002c       0x10 contiki-srf06-cc26xx.a(sensors.o)
                0x2000002c                sensors_process
 .data.launchpad_module
                0x2000003c       0x14 contiki-srf06-cc26xx.a(board.o)
 .data.sensors  0x20000050        0xc contiki-srf06-cc26xx.a(launchpad-senso)
                0x20000050                sensors
 .data.prop_lpm_module
                0x2000005c       0x14 contiki-srf06-cc26xx.a(prop-mode.o)
 .data.tx_power_current
                0x20000070        0x4 contiki-srf06-cc26xx.a(prop-mode.o)
                0x20000070                tx_power_current
 .data.slip_process
                0x20000074       0x10 contiki-srf06-cc26xx.a(slip.o)
                0x20000074                slip_process
 .data.uart_module
                0x20000084       0x14 contiki-srf06-cc26xx.a(cc26xx-uart.o)
 .data.rf_core_process
                0x20000098       0x10 contiki-srf06-cc26xx.a(rf-core.o)
                0x20000098                rf_core_process
 .data.rng_module
                0x200000a8       0x14 contiki-srf06-cc26xx.a(soc-trng.o)
 .data.soc_trng_process
                0x200000bc       0x10 contiki-srf06-cc26xx.a(soc-trng.o)
                0x200000bc                soc_trng_process
 .data.ctxt     0x200000cc        0x8 contiki-srf06-cc26xx.a(dbg-printf.o)
 .data.ctimer_process
                0x200000d4       0x10 contiki-srf06-cc26xx.a(ctimer.o)
                0x200000d4                ctimer_process
 .data.etimer_process
                0x200000e4       0x10 contiki-srf06-cc26xx.a(etimer.o)
                0x200000e4                etimer_process
 .data.serial_line_process
                0x200000f4       0x10 contiki-srf06-cc26xx.a(serial-line.o)
                0x200000f4                serial_line_process
 .data.defaultroutermemb
                0x20000104        0xc contiki-srf06-cc26xx.a(uip-ds6-route.o)
 .data.nbr_routes_struct
                0x20000110       0x10 contiki-srf06-cc26xx.a(uip-ds6-route.o)
 .data.nbr_routes
                0x20000120        0x4 contiki-srf06-cc26xx.a(uip-ds6-route.o)
                0x20000120                nbr_routes
 .data.routememb
                0x20000124        0xc contiki-srf06-cc26xx.a(uip-ds6-route.o)
 .data.neighborroutememb
                0x20000130        0xc contiki-srf06-cc26xx.a(uip-ds6-route.o)
 .data.ds6_neighbors
                0x2000013c        0x4 contiki-srf06-cc26xx.a(uip-ds6-nbr.o)
                0x2000013c                ds6_neighbors
 .data.ds6_neighbors_struct
                0x20000140       0x10 contiki-srf06-cc26xx.a(uip-ds6-nbr.o)
 .data.tcpip_process
                0x20000150       0x10 contiki-srf06-cc26xx.a(tcpip.o)
                0x20000150                tcpip_process
 .data.rpl_parents
                0x20000160        0x4 contiki-srf06-cc26xx.a(rpl-dag.o)
                0x20000160                rpl_parents
 .data.rpl_parents_struct
                0x20000164       0x10 contiki-srf06-cc26xx.a(rpl-dag.o)
 .data.rpl_mrhof
                0x20000174       0x24 contiki-srf06-cc26xx.a(rpl-mrhof.o)
                0x20000174                rpl_mrhof
 .data.dao_ack_handler
                0x20000198        0xc contiki-srf06-cc26xx.a(rpl-icmp6.o)
 .data.dis_handler
                0x200001a4        0xc contiki-srf06-cc26xx.a(rpl-icmp6.o)
 .data.dao_handler
                0x200001b0        0xc contiki-srf06-cc26xx.a(rpl-icmp6.o)
 .data.dio_handler
                0x200001bc        0xc contiki-srf06-cc26xx.a(rpl-icmp6.o)
 .data.bufmem   0x200001c8        0xc contiki-srf06-cc26xx.a(queuebuf.o)
 .data.buframmem
                0x200001d4        0xc contiki-srf06-cc26xx.a(queuebuf.o)
 .data.neighbor_addr_mem
                0x200001e0        0xc contiki-srf06-cc26xx.a(nbr-table.o)
 .data.link_stats_struct
                0x200001ec       0x10 contiki-srf06-cc26xx.a(link-stats.o)
 .data.metadata_memb
                0x200001fc        0xc contiki-srf06-cc26xx.a(csma.o)
 .data.neighbor_memb
                0x20000208        0xc contiki-srf06-cc26xx.a(csma.o)
 .data.packet_memb
                0x20000214        0xc contiki-srf06-cc26xx.a(csma.o)
 .data.smartrf_settings_cmd_prop_rx_adv
                0x20000220       0x30 contiki-srf06-cc26xx.a(smartrf-setting)
                0x20000220                smartrf_settings_cmd_prop_rx_adv
 .data.smartrf_settings_cmd_fs
                0x20000250       0x18 contiki-srf06-cc26xx.a(smartrf-setting)
                0x20000250                smartrf_settings_cmd_fs
 .data.smartrf_settings_cmd_prop_radio_div_setup
                0x20000268       0x28 contiki-srf06-cc26xx.a(smartrf-setting)
                0x20000268                smartrf_settings_cmd_prop_radio_div_setup
 .data.smartrf_settings_cmd_prop_tx_adv
                0x20000290       0x20 contiki-srf06-cc26xx.a(smartrf-setting)
                0x20000290                smartrf_settings_cmd_prop_tx_adv
 .data.overrides
                0x200002b0       0x54 contiki-srf06-cc26xx.a(smartrf-setting)
                0x200002b0                overrides
 .data.echo_request_handler
                0x20000304        0xc contiki-srf06-cc26xx.a(uip-icmp6.o)
 .data.echo_reply_handler
                0x20000310        0xc contiki-srf06-cc26xx.a(uip-icmp6.o)
 .data.mac_pan_id
                0x2000031c        0x2 contiki-srf06-cc26xx.a(frame802154.o)
 .data.rssi_threshold
                0x2000031e        0x1 contiki-srf06-cc26xx.a(prop-mode.o)
 .data.rng_ready_event
                0x2000031f        0x1 contiki-srf06-cc26xx.a(soc-trng.o)
 .data.dao_sequence
                0x20000320        0x1 contiki-srf06-cc26xx.a(rpl-icmp6.o)
                0x20000321                _edata = .

.igot.plt       0x20000324        0x0 load address 0x0000d874
 .igot.plt      0x20000324        0x0 obj_srf06-cc26xx/startup_gcc.o

.ARM.exidx      0x0000d874        0x8
 *(SORT(.ARM.exidx*))
 .ARM.exidx     0x0000d874        0x8 /usr/lib/gcc/arm-none-eabi/4.9.3/armv7-m/libgcc.a(_divdi3.o)
 .ARM.exidx     0x0000d87c        0x0 /usr/lib/gcc/arm-none-eabi/4.9.3/armv7-m/libgcc.a(_udivdi3.o)
                                  0x8 (size before relaxing)

.bss            0x20000328     0x266e
                0x20000328                _bss = .
 *(SORT(.bss*))
 .bss.count     0x20000328        0x8 contiki-srf06-cc26xx.a(clock.o)
 .bss.rands_cache
                0x20000330       0x20 contiki-srf06-cc26xx.a(soc-trng.o)
 .bss.blen      0x20000350        0x4 border-router.co
 .bss.r.8067    0x20000354        0x4 border-router.co
 .bss.et.8107   0x20000358       0x10 border-router.co
 .bss.nbr.8068  0x20000368        0x4 border-router.co
 .bss.conns_memb_mem
                0x2000036c       0xf0 obj_srf06-cc26xx/httpd-simple.o
 .bss.events.4848
                0x2000045c        0x4 contiki-srf06-cc26xx.a(sensors.o)
 .bss.i.4847    0x20000460        0x4 contiki-srf06-cc26xx.a(sensors.o)