Archive member included to satisfy reference by file (symbol)

/usr/lib/gcc/arm-none-eabi/4.9.3/armv7-m/libgcc.a(_aeabi_uldivmod.o)
                              obj_cc2538dk/cc2538-rf.o (__aeabi_uldivmod)
/usr/lib/gcc/arm-none-eabi/4.9.3/armv7-m/libgcc.a(bpabi.o)
                              /usr/lib/gcc/arm-none-eabi/4.9.3/armv7-m/libgcc.a(_aeabi_uldivmod.o) (__gnu_uldivmod_helper)
/usr/lib/gcc/arm-none-eabi/4.9.3/armv7-m/libgcc.a(_dvmd_tls.o)
                              /usr/lib/gcc/arm-none-eabi/4.9.3/armv7-m/libgcc.a(_aeabi_uldivmod.o) (__aeabi_ldiv0)
/usr/lib/gcc/arm-none-eabi/4.9.3/armv7-m/libgcc.a(_divdi3.o)
                              /usr/lib/gcc/arm-none-eabi/4.9.3/armv7-m/libgcc.a(bpabi.o) (__divdi3)
/usr/lib/gcc/arm-none-eabi/4.9.3/armv7-m/libgcc.a(_udivdi3.o)
                              /usr/lib/gcc/arm-none-eabi/4.9.3/armv7-m/libgcc.a(bpabi.o) (__udivdi3)
/usr/lib/gcc/arm-none-eabi/4.9.3/../../../arm-none-eabi/lib/armv7-m/libc.a(lib_a-ctype_.o)
                              obj_cc2538dk/resolv.o (__ctype_ptr__)
/usr/lib/gcc/arm-none-eabi/4.9.3/../../../arm-none-eabi/lib/armv7-m/libc.a(lib_a-memcmp.o)
                              obj_cc2538dk/slip.o (memcmp)
/usr/lib/gcc/arm-none-eabi/4.9.3/../../../arm-none-eabi/lib/armv7-m/libc.a(lib_a-memcpy.o)
                              obj_cc2538dk/dbg-snprintf.o (memcpy)
/usr/lib/gcc/arm-none-eabi/4.9.3/../../../arm-none-eabi/lib/armv7-m/libc.a(lib_a-memmove.o)
                              obj_cc2538dk/mmem.o (memmove)
/usr/lib/gcc/arm-none-eabi/4.9.3/../../../arm-none-eabi/lib/armv7-m/libc.a(lib_a-memset.o)
                              obj_cc2538dk/gpio.o (memset)
/usr/lib/gcc/arm-none-eabi/4.9.3/../../../arm-none-eabi/lib/armv7-m/libc.a(lib_a-reent.o)
                              obj_cc2538dk/syscalls.o (errno)
/usr/lib/gcc/arm-none-eabi/4.9.3/../../../arm-none-eabi/lib/armv7-m/libc.a(lib_a-strcasecmp.o)
                              obj_cc2538dk/resolv.o (strcasecmp)
/usr/lib/gcc/arm-none-eabi/4.9.3/../../../arm-none-eabi/lib/armv7-m/libc.a(lib_a-strcat.o)
                              obj_cc2538dk/resolv.o (strcat)
/usr/lib/gcc/arm-none-eabi/4.9.3/../../../arm-none-eabi/lib/armv7-m/libc.a(lib_a-strcmp.o)
                              obj_cc2538dk/cfs-coffee.o (strcmp)
/usr/lib/gcc/arm-none-eabi/4.9.3/../../../arm-none-eabi/lib/armv7-m/libc.a(lib_a-strcpy.o)
                              border-router.co (strcpy)
/usr/lib/gcc/arm-none-eabi/4.9.3/../../../arm-none-eabi/lib/armv7-m/libc.a(lib_a-strlen.o)
                              obj_cc2538dk/sensors.o (strlen)
/usr/lib/gcc/arm-none-eabi/4.9.3/../../../arm-none-eabi/lib/armv7-m/libc.a(lib_a-strncasecmp.o)
                              obj_cc2538dk/resolv.o (strncasecmp)
/usr/lib/gcc/arm-none-eabi/4.9.3/../../../arm-none-eabi/lib/armv7-m/libc.a(lib_a-strncat.o)
                              obj_cc2538dk/resolv.o (strncat)
/usr/lib/gcc/arm-none-eabi/4.9.3/../../../arm-none-eabi/lib/armv7-m/libc.a(lib_a-strncmp.o)
                              obj_cc2538dk/sensors.o (strncmp)
/usr/lib/gcc/arm-none-eabi/4.9.3/../../../arm-none-eabi/lib/armv7-m/libc.a(lib_a-strncpy.o)
                              obj_cc2538dk/cfs-coffee.o (strncpy)
/usr/lib/gcc/arm-none-eabi/4.9.3/../../../arm-none-eabi/lib/armv7-m/libc.a(lib_a-freer.o)
                              /usr/lib/gcc/arm-none-eabi/4.9.3/../../../arm-none-eabi/lib/armv7-m/libc.a(lib_a-reent.o) (_free_r)
/usr/lib/gcc/arm-none-eabi/4.9.3/../../../arm-none-eabi/lib/armv7-m/libc.a(lib_a-impure.o)
                              /usr/lib/gcc/arm-none-eabi/4.9.3/../../../arm-none-eabi/lib/armv7-m/libc.a(lib_a-reent.o) (_impure_ptr)
/usr/lib/gcc/arm-none-eabi/4.9.3/../../../arm-none-eabi/lib/armv7-m/libc.a(lib_a-mallocr.o)
                              /usr/lib/gcc/arm-none-eabi/4.9.3/../../../arm-none-eabi/lib/armv7-m/libc.a(lib_a-freer.o) (__malloc_current_mallinfo)
/usr/lib/gcc/arm-none-eabi/4.9.3/../../../arm-none-eabi/lib/armv7-m/libc.a(lib_a-mlock.o)
                              /usr/lib/gcc/arm-none-eabi/4.9.3/../../../arm-none-eabi/lib/armv7-m/libc.a(lib_a-freer.o) (__malloc_lock)
/usr/lib/gcc/arm-none-eabi/4.9.3/../../../arm-none-eabi/lib/armv7-m/libc.a(lib_a-sbrkr.o)
                              /usr/lib/gcc/arm-none-eabi/4.9.3/../../../arm-none-eabi/lib/armv7-m/libc.a(lib_a-freer.o) (_sbrk_r)

Allocating common symbols
Common symbol       size              file

compower_idle_activity
                    0x8               obj_cc2538dk/compower.o
uip_ds6_timer_ra    0x8               obj_cc2538dk/uip-ds6.o
usb_setup_buffer    0x8               obj_cc2538dk/usb-core.o
uip_ds6_if          0xf8              obj_cc2538dk/uip-ds6.o
resolv_event_found  0x1               obj_cc2538dk/resolv.o
uip_ds6_netif_addr_list_offset
                    0x1               obj_cc2538dk/uip-ds6.o
uip_len             0x2               obj_cc2538dk/uip6.o
[...]
Memory Configuration

Name             Origin             Length             Attributes
FLASH_FW         0x00200000         0x0007ffd4         xr
FLASH_CCA        0x0027ffd4         0x0000002c         xr
NRSRAM           0x20000000         0x00000000         xrw
FRSRAM           0x20000000         0x00008000         xrw
*default*        0x00000000         0xffffffff

Linker script and memory map

LOAD obj_cc2538dk/startup-gcc.o
LOAD obj_cc2538dk/leds.o
LOAD obj_cc2538dk/leds-arch.o
LOAD obj_cc2538dk/contiki-main.o
LOAD obj_cc2538dk/sensors.o
LOAD obj_cc2538dk/smartrf-sensors.o
LOAD obj_cc2538dk/button-sensor.o
LOAD obj_cc2538dk/als-sensor.o
LOAD obj_cc2538dk/soc.o
LOAD obj_cc2538dk/clock.o
LOAD obj_cc2538dk/rtimer-arch.o
LOAD obj_cc2538dk/uart.o
LOAD obj_cc2538dk/watchdog.o
LOAD obj_cc2538dk/nvic.o
LOAD obj_cc2538dk/sys-ctrl.o
LOAD obj_cc2538dk/gpio.o
LOAD obj_cc2538dk/ioc.o
LOAD obj_cc2538dk/spi.o
LOAD obj_cc2538dk/adc.o
LOAD obj_cc2538dk/crypto.o
LOAD obj_cc2538dk/aes.o
LOAD obj_cc2538dk/ecb.o
LOAD obj_cc2538dk/cbc.o
LOAD obj_cc2538dk/ctr.o
LOAD obj_cc2538dk/cbc-mac.o
LOAD obj_cc2538dk/gcm.o
LOAD obj_cc2538dk/ccm.o
LOAD obj_cc2538dk/sha256.o
LOAD obj_cc2538dk/cc2538-aes-128.o
LOAD obj_cc2538dk/cc2538-ccm-star.o
LOAD obj_cc2538dk/cc2538-rf.o
LOAD obj_cc2538dk/udma.o
LOAD obj_cc2538dk/lpm.o
LOAD obj_cc2538dk/pka.o
LOAD obj_cc2538dk/bignum-driver.o
LOAD obj_cc2538dk/ecc-driver.o
LOAD obj_cc2538dk/ecc-algorithm.o
LOAD obj_cc2538dk/ecc-curve.o
LOAD obj_cc2538dk/dbg.o
LOAD obj_cc2538dk/ieee-addr.o
LOAD obj_cc2538dk/slip-arch.o
LOAD obj_cc2538dk/slip.o
LOAD obj_cc2538dk/i2c.o
LOAD obj_cc2538dk/cc2538-temp-sensor.o
LOAD obj_cc2538dk/vdd3-sensor.o
LOAD obj_cc2538dk/cfs-coffee.o
LOAD obj_cc2538dk/cfs-coffee-arch.o
LOAD obj_cc2538dk/pwm.o
LOAD obj_cc2538dk/dbg-printf.o
LOAD obj_cc2538dk/dbg-snprintf.o
LOAD obj_cc2538dk/dbg-sprintf.o
LOAD obj_cc2538dk/strformat.o
LOAD obj_cc2538dk/usb-core.o
LOAD obj_cc2538dk/cdc-acm.o
LOAD obj_cc2538dk/usb-arch.o
LOAD obj_cc2538dk/usb-serial.o
LOAD obj_cc2538dk/cdc-acm-descriptors.o
LOAD obj_cc2538dk/autostart.o
LOAD obj_cc2538dk/ctimer.o
LOAD obj_cc2538dk/energest.o
LOAD obj_cc2538dk/arg.o
LOAD obj_cc2538dk/stimer.o
LOAD obj_cc2538dk/etimer.o
LOAD obj_cc2538dk/compower.o
LOAD obj_cc2538dk/process.o
LOAD obj_cc2538dk/rtimer.o
LOAD obj_cc2538dk/mt.o
LOAD obj_cc2538dk/procinit.o
LOAD obj_cc2538dk/timer.o
LOAD obj_cc2538dk/serial-line.o
LOAD obj_cc2538dk/nullradio.o
LOAD obj_cc2538dk/settings.o
LOAD obj_cc2538dk/crc16.o
LOAD obj_cc2538dk/me.o
LOAD obj_cc2538dk/ringbuf.o
LOAD obj_cc2538dk/mmem.o
LOAD obj_cc2538dk/me_tabs.o
LOAD obj_cc2538dk/ccm-star.o
LOAD obj_cc2538dk/ifft.o
LOAD obj_cc2538dk/ringbufindex.o
LOAD obj_cc2538dk/list.o
LOAD obj_cc2538dk/aes-128.o
LOAD obj_cc2538dk/trickle-timer.o
LOAD obj_cc2538dk/print-stats.o
LOAD obj_cc2538dk/memb.o
LOAD obj_cc2538dk/petsciiconv.o
LOAD obj_cc2538dk/gcr.o
LOAD obj_cc2538dk/random.o
LOAD obj_cc2538dk/assert.o
LOAD obj_cc2538dk/uip-icmp6.o
LOAD obj_cc2538dk/uip-ds6.o
LOAD obj_cc2538dk/uip-ds6-route.o
LOAD obj_cc2538dk/uip6.o
LOAD obj_cc2538dk/uip-ds6-nbr.o
LOAD obj_cc2538dk/uip-nd6.o
LOAD obj_cc2538dk/sicslowpan.o
LOAD obj_cc2538dk/slipdev.o
LOAD obj_cc2538dk/dhcpc.o
LOAD obj_cc2538dk/uip-packetqueue.o
LOAD obj_cc2538dk/tcp-socket.o
LOAD obj_cc2538dk/uip-debug.o
LOAD obj_cc2538dk/ip64-addr.o
LOAD obj_cc2538dk/uip-udp-packet.o
LOAD obj_cc2538dk/psock.o
LOAD obj_cc2538dk/tcpip.o
LOAD obj_cc2538dk/resolv.o
LOAD obj_cc2538dk/uip-nameserver.o
LOAD obj_cc2538dk/uip-split.o
LOAD obj_cc2538dk/udp-socket.o
LOAD obj_cc2538dk/simple-udp.o
LOAD obj_cc2538dk/uiplib.o
LOAD obj_cc2538dk/rpl-nbr-policy.o
LOAD obj_cc2538dk/rpl-of0.o
LOAD obj_cc2538dk/rpl-dag.o
LOAD obj_cc2538dk/rpl-timers.o
LOAD obj_cc2538dk/rpl-ext-header.o
LOAD obj_cc2538dk/rpl.o
LOAD obj_cc2538dk/rpl-mrhof.o
LOAD obj_cc2538dk/rpl-ns.o
LOAD obj_cc2538dk/rpl-icmp6.o
LOAD obj_cc2538dk/rpl-dag-root.o
LOAD obj_cc2538dk/syscalls.o
LOAD obj_cc2538dk/mtarch.o
LOAD obj_cc2538dk/queuebuf.o
LOAD obj_cc2538dk/nbr-table.o
LOAD obj_cc2538dk/packetbuf.o
LOAD obj_cc2538dk/netstack.o
LOAD obj_cc2538dk/linkaddr.o
LOAD obj_cc2538dk/net-debug.o
LOAD obj_cc2538dk/link-stats.o
LOAD obj_cc2538dk/framer-nullmac.o
LOAD obj_cc2538dk/nullmac.o
LOAD obj_cc2538dk/nullrdc-noframer.o
LOAD obj_cc2538dk/frame802154e-ie.o
LOAD obj_cc2538dk/mac-sequence.o
LOAD obj_cc2538dk/nordc.o
LOAD obj_cc2538dk/csma.o
LOAD obj_cc2538dk/frame802154.o
LOAD obj_cc2538dk/mac.o
LOAD obj_cc2538dk/framer-802154.o
LOAD obj_cc2538dk/phase.o
LOAD obj_cc2538dk/nullrdc.o
LOAD obj_cc2538dk/contikimac.o
LOAD obj_cc2538dk/contikimac-framer.o
LOAD obj_cc2538dk/nullsec.o
LOAD obj_cc2538dk/anti-replay.o
LOAD obj_cc2538dk/ccm-star-packetbuf.o
LOAD obj_cc2538dk/noncoresec.o
LOAD border-router.co
LOAD obj_cc2538dk/slip-bridge.o
LOAD obj_cc2538dk/httpd-simple.o
START GROUP
LOAD /usr/lib/gcc/arm-none-eabi/4.9.3/armv7-m/libgcc.a
LOAD /usr/lib/gcc/arm-none-eabi/4.9.3/../../../arm-none-eabi/lib/armv7-m/libc.a
END GROUP

.text           0x00200000     0xbe5e
                0x00200000                _text = .
 *(SORT(.vectors))
 .vectors       0x00200000      0x28c obj_cc2538dk/startup-gcc.o
                0x00200000                vectors
 *(SORT(.text*))
 .text.reset_handler
                0x0020028c       0x40 obj_cc2538dk/startup-gcc.o
                0x0020028c                reset_handler
 .text.leds_init
                0x002002cc       0x14 obj_cc2538dk/leds.o
                0x002002cc                leds_init
 .text.leds_on  0x002002e0       0x10 obj_cc2538dk/leds.o
                0x002002e0                leds_on
 .text.leds_off
                0x002002f0       0x14 obj_cc2538dk/leds.o
                0x002002f0                leds_off
 .text.leds_arch_init
                0x00200304       0x10 obj_cc2538dk/leds-arch.o
                0x00200304                leds_arch_init
 .text.leds_arch_set
                0x00200314        0xc obj_cc2538dk/leds-arch.o
                0x00200314                leds_arch_set
 .text.startup.main
                0x00200320      0x1a8 obj_cc2538dk/contiki-main.o
                0x00200320                main
 .text.process_thread_sensors_process
                0x002004c8       0xd4 obj_cc2538dk/sensors.o
 .text.sensors_changed
                0x0020059c       0x38 obj_cc2538dk/sensors.o
                0x0020059c                sensors_changed
 .text.config_up
                0x002005d4       0x34 obj_cc2538dk/button-sensor.o
 .text.btn_callback
                0x00200608       0x64 obj_cc2538dk/button-sensor.o
 .text.config_down
                0x0020066c       0x34 obj_cc2538dk/button-sensor.o
 .text.config_select
                0x002006a0       0x34 obj_cc2538dk/button-sensor.o
 .text.config_left
                0x002006d4       0x34 obj_cc2538dk/button-sensor.o
 .text.config_right
                0x00200708       0x34 obj_cc2538dk/button-sensor.o
 .text.button_sensor_init
                0x0020073c        0xc obj_cc2538dk/button-sensor.o
                0x0020073c                button_sensor_init
 .text.value    0x00200748       0x24 obj_cc2538dk/als-sensor.o
 .text.configure
                0x0020076c       0x54 obj_cc2538dk/als-sensor.o
 .text.soc_get_rev
                0x002007c0       0x18 obj_cc2538dk/soc.o
                0x002007c0                soc_get_rev
 .text.soc_get_sram_size
                0x002007d8       0x1c obj_cc2538dk/soc.o
                0x002007d8                soc_get_sram_size
 .text.soc_print_info
                0x002007f4       0x70 obj_cc2538dk/soc.o
                0x002007f4                soc_print_info
 .text.update_ticks
                0x00200864       0x4c obj_cc2538dk/clock.o
 .text.clock_init
                0x002008b0       0x4c obj_cc2538dk/clock.o
                0x002008b0                clock_init
 .text.clock_time
                0x002008fc       0x14 obj_cc2538dk/clock.o
                0x002008fc                clock_time
 .text.clock_seconds
                0x00200910       0x14 obj_cc2538dk/clock.o
                0x00200910                clock_seconds
 .text.clock_delay_usec
                0x00200924       0x1c obj_cc2538dk/clock.o
                0x00200924                clock_delay_usec
 .text.clock_adjust
                0x00200940       0x20 obj_cc2538dk/clock.o
                0x00200940                clock_adjust
 .text.rtimer_arch_next_trigger
                0x00200960        0xc obj_cc2538dk/rtimer-arch.o
                0x00200960                rtimer_arch_next_trigger
 .text.rtimer_arch_now
                0x0020096c       0x2c obj_cc2538dk/rtimer-arch.o
                0x0020096c                rtimer_arch_now
 .text.rtimer_arch_schedule
                0x00200998       0x58 obj_cc2538dk/rtimer-arch.o
                0x00200998                rtimer_arch_schedule
 .text.rtimer_isr
                0x002009f0       0x2c obj_cc2538dk/rtimer-arch.o
                0x002009f0                rtimer_isr
 .text.permit_pm1
                0x00200a1c       0x24 obj_cc2538dk/uart.o
 .text.uart_isr
                0x00200a40       0x64 obj_cc2538dk/uart.o
 .text.uart_init
                0x00200aa4      0x1b8 obj_cc2538dk/uart.o
                0x00200aa4                uart_init
 .text.uart_set_input
                0x00200c5c       0x10 obj_cc2538dk/uart.o
                0x00200c5c                uart_set_input
 .text.uart_write_byte
                0x00200c6c       0x1c obj_cc2538dk/uart.o
                0x00200c6c                uart_write_byte
 .text.watchdog_init
                0x00200c88        0xc obj_cc2538dk/watchdog.o
                0x00200c88                watchdog_init
 .text.watchdog_start
                0x00200c94        0xc obj_cc2538dk/watchdog.o
                0x00200c94                watchdog_start
 .text.watchdog_periodic
                0x00200ca0       0x10 obj_cc2538dk/watchdog.o
                0x00200ca0                watchdog_periodic
 .text.nvic_init
                0x00200cb0       0x10 obj_cc2538dk/nvic.o
                0x00200cb0                nvic_init
 .text.sys_ctrl_get_reset_cause
                0x00200cc0       0x10 obj_cc2538dk/sys-ctrl.o
                0x00200cc0                sys_ctrl_get_reset_cause
 .text.sys_ctrl_get_reset_cause_str
                0x00200cd0       0x14 obj_cc2538dk/sys-ctrl.o
                0x00200cd0                sys_ctrl_get_reset_cause_str
 .text.sys_ctrl_init
                0x00200ce4       0x74 obj_cc2538dk/sys-ctrl.o
                0x00200ce4                sys_ctrl_init
 .text.sys_ctrl_get_sys_clock
                0x00200d58       0x18 obj_cc2538dk/sys-ctrl.o
                0x00200d58                sys_ctrl_get_sys_clock
 .text.sys_ctrl_get_io_clock
                0x00200d70       0x18 obj_cc2538dk/sys-ctrl.o
                0x00200d70                sys_ctrl_get_io_clock
 .text.gpio_register_callback
                0x00200d88       0x10 obj_cc2538dk/gpio.o
                0x00200d88                gpio_register_callback
 .text.notify   0x00200d98       0x30 obj_cc2538dk/gpio.o
                0x00200d98                notify
 .text.gpio_port_isr
                0x00200dc8       0x50 obj_cc2538dk/gpio.o
 .text.gpio_init
                0x00200e18       0x10 obj_cc2538dk/gpio.o
                0x00200e18                gpio_init
 .text.ioc_init
                0x00200e28       0x1c obj_cc2538dk/ioc.o
                0x00200e28                ioc_init
 .text.ioc_set_over
                0x00200e44       0x14 obj_cc2538dk/ioc.o
                0x00200e44                ioc_set_over
 .text.ioc_set_sel
                0x00200e58       0x14 obj_cc2538dk/ioc.o
                0x00200e58                ioc_set_sel
 .text.adc_init
                0x00200e6c       0x10 obj_cc2538dk/adc.o
                0x00200e6c                adc_init
 .text.adc_get  0x00200e7c       0x78 obj_cc2538dk/adc.o
                0x00200e7c                adc_get
 .text.permit_pm1
                0x00200ef4       0x10 obj_cc2538dk/crypto.o
 .text.crypto_isr
                0x00200f04       0x28 obj_cc2538dk/crypto.o
                0x00200f04                crypto_isr
 .text.crypto_enable
                0x00200f2c       0x20 obj_cc2538dk/crypto.o
                0x00200f2c                crypto_enable
 .text.crypto_init
                0x00200f4c       0x3c obj_cc2538dk/crypto.o
                0x00200f4c                crypto_init
 .text.crypto_disable
                0x00200f88       0x20 obj_cc2538dk/crypto.o
                0x00200f88                crypto_disable
 .text.on       0x00200fa8       0x2c obj_cc2538dk/cc2538-rf.o
 .text.off      0x00200fd4       0x40 obj_cc2538dk/cc2538-rf.o
 .text.set_channel
                0x00201014       0x48 obj_cc2538dk/cc2538-rf.o
 .text.channel_clear
                0x0020105c       0x3c obj_cc2538dk/cc2538-rf.o
 .text.receiving_packet
                0x00201098       0x18 obj_cc2538dk/cc2538-rf.o
 .text.pending_packet
                0x002010b0       0x10 obj_cc2538dk/cc2538-rf.o
 .text.get_value
                0x002010c0      0x164 obj_cc2538dk/cc2538-rf.o
 .text.prepare  0x00201224       0x64 obj_cc2538dk/cc2538-rf.o
 .text.transmit
                0x00201288       0x98 obj_cc2538dk/cc2538-rf.o
 .text.set_frame_filtering
                0x00201320       0x18 obj_cc2538dk/cc2538-rf.o
 .text.set_object
                0x00201338       0x30 obj_cc2538dk/cc2538-rf.o
 .text.read     0x00201368       0xe4 obj_cc2538dk/cc2538-rf.o
 .text.get_object
                0x0020144c      0x144 obj_cc2538dk/cc2538-rf.o
 .text.set_poll_mode
                0x00201590       0x9c obj_cc2538dk/cc2538-rf.o
 .text.set_value
                0x0020162c       0xe8 obj_cc2538dk/cc2538-rf.o
 .text.init     0x00201714       0xc8 obj_cc2538dk/cc2538-rf.o
 .text.process_thread_cc2538_rf_process
                0x002017dc       0x90 obj_cc2538dk/cc2538-rf.o
 .text.cc2538_rf_rx_tx_isr
                0x0020186c       0x24 obj_cc2538dk/cc2538-rf.o
                0x0020186c                cc2538_rf_rx_tx_isr
 .text.cc2538_rf_err_isr
                0x00201890       0x28 obj_cc2538dk/cc2538-rf.o
                0x00201890                cc2538_rf_err_isr
 .text.udma_init
                0x002018b8       0x34 obj_cc2538dk/udma.o
                0x002018b8                udma_init
 .text.udma_set_channel_src
                0x002018ec       0x10 obj_cc2538dk/udma.o
                0x002018ec                udma_set_channel_src
 .text.udma_set_channel_dst
                0x002018fc       0x14 obj_cc2538dk/udma.o
                0x002018fc                udma_set_channel_dst
 .text.udma_set_channel_control_word
                0x00201910       0x14 obj_cc2538dk/udma.o
                0x00201910                udma_set_channel_control_word
 .text.udma_channel_enable
                0x00201924       0x18 obj_cc2538dk/udma.o
                0x00201924                udma_channel_enable
 .text.udma_channel_mask_set
                0x0020193c       0x18 obj_cc2538dk/udma.o
                0x0020193c                udma_channel_mask_set
 .text.udma_channel_sw_request
                0x00201954       0x18 obj_cc2538dk/udma.o
                0x00201954                udma_channel_sw_request
 .text.udma_channel_get_mode
                0x0020196c       0x1c obj_cc2538dk/udma.o
                0x0020196c                udma_channel_get_mode
 .text.udma_isr
                0x00201988       0x10 obj_cc2538dk/udma.o
                0x00201988                udma_isr
 .text.udma_err_isr
                0x00201998        0xc obj_cc2538dk/udma.o
                0x00201998                udma_err_isr
 .text.select_32_mhz_xosc
                0x002019a4       0x2c obj_cc2538dk/lpm.o
 .text.lpm_exit
                0x002019d0       0x34 obj_cc2538dk/lpm.o
                0x002019d0                lpm_exit
 .text.lpm_enter
                0x00201a04       0xb0 obj_cc2538dk/lpm.o
                0x00201a04                lpm_enter
 .text.lpm_register_peripheral
                0x00201ab4       0x20 obj_cc2538dk/lpm.o
                0x00201ab4                lpm_register_peripheral
 .text.lpm_init
                0x00201ad4       0x24 obj_cc2538dk/lpm.o
                0x00201ad4                lpm_init
 .text.pka_isr  0x00201af8       0x28 obj_cc2538dk/pka.o
                0x00201af8                pka_isr
 .text.putchar  0x00201b20       0x40 obj_cc2538dk/dbg.o
                0x00201b20                putchar
 .text.ieee_addr_cpy_to
                0x00201b60       0x74 obj_cc2538dk/ieee-addr.o
                0x00201b60                ieee_addr_cpy_to
 .text.slip_arch_init
                0x00201bd4        0xc obj_cc2538dk/slip-arch.o
                0x00201bd4                slip_arch_init
 .text.process_thread_slip_process
                0x00201be0      0x224 obj_cc2538dk/slip.o
 .text.slip_set_input_callback
                0x00201e04        0xc obj_cc2538dk/slip.o
                0x00201e04                slip_set_input_callback
 .text.slip_send
                0x00201e10       0x5c obj_cc2538dk/slip.o
                0x00201e10                slip_send
 .text.slip_input_byte
                0x00201e6c       0xb0 obj_cc2538dk/slip.o
                0x00201e6c                slip_input_byte
 .text.printf   0x00201f1c       0x20 obj_cc2538dk/dbg-printf.o
                0x00201f1c                printf
 .text.vsnprintf
                0x00201f3c       0x28 obj_cc2538dk/dbg-snprintf.o
                0x00201f3c                vsnprintf
 .text.fill_space
                0x00201f64       0x34 obj_cc2538dk/strformat.o
 .text.format_str_v
                0x00201f98      0x6e8 obj_cc2538dk/strformat.o
                0x00201f98                format_str_v
 .text.process_thread_ctimer_process
                0x00202680       0x80 obj_cc2538dk/ctimer.o
 .text.ctimer_init
                0x00202700       0x28 obj_cc2538dk/ctimer.o
                0x00202700                ctimer_init
 .text.ctimer_set_with_process
                0x00202728       0x44 obj_cc2538dk/ctimer.o
                0x00202728                ctimer_set_with_process
 .text.ctimer_set
                0x0020276c       0x14 obj_cc2538dk/ctimer.o
                0x0020276c                ctimer_set
 .text.ctimer_reset
                0x00202780       0x38 obj_cc2538dk/ctimer.o
                0x00202780                ctimer_reset
 .text.ctimer_restart
                0x002027b8       0x38 obj_cc2538dk/ctimer.o
                0x002027b8                ctimer_restart
 .text.ctimer_stop
                0x002027f0       0x2c obj_cc2538dk/ctimer.o
                0x002027f0                ctimer_stop
 .text.stimer_expired
                0x0020281c       0x20 obj_cc2538dk/stimer.o
                0x0020281c                stimer_expired
 .text.update_time
                0x0020283c       0x44 obj_cc2538dk/etimer.o
 .text.etimer_request_poll
                0x00202880        0xc obj_cc2538dk/etimer.o
                0x00202880                etimer_request_poll
 .text.process_thread_etimer_process
                0x0020288c       0x94 obj_cc2538dk/etimer.o
 .text.add_timer
                0x00202920       0x40 obj_cc2538dk/etimer.o
 .text.etimer_pending
                0x00202960       0x10 obj_cc2538dk/etimer.o
                0x00202960                etimer_pending
 .text.etimer_stop
                0x00202970       0x34 obj_cc2538dk/etimer.o
                0x00202970                etimer_stop
 .text.call_process.part.0
                0x002029a4       0x38 obj_cc2538dk/process.o
 .text.exit_process
                0x002029dc       0x80 obj_cc2538dk/process.o
 .text.do_poll  0x00202a5c       0x30 obj_cc2538dk/process.o
 .text.process_alloc_event
                0x00202a8c       0x10 obj_cc2538dk/process.o
                0x00202a8c                process_alloc_event
 .text.process_init
                0x00202a9c       0x30 obj_cc2538dk/process.o
                0x00202a9c                process_init
 .text.process_run
                0x00202acc       0x84 obj_cc2538dk/process.o
                0x00202acc                process_run
 .text.process_nevents
                0x00202b50       0x14 obj_cc2538dk/process.o
                0x00202b50                process_nevents
 .text.process_post
                0x00202b64       0x3c obj_cc2538dk/process.o
                0x00202b64                process_post
 .text.process_post_synch
                0x00202ba0       0x14 obj_cc2538dk/process.o
                0x00202ba0                process_post_synch
 .text.process_start
                0x00202bb4       0x30 obj_cc2538dk/process.o
                0x00202bb4                process_start
 .text.process_poll
                0x00202be4       0x18 obj_cc2538dk/process.o
                0x00202be4                process_poll
 .text.rtimer_set
                0x00202bfc       0x24 obj_cc2538dk/rtimer.o
                0x00202bfc                rtimer_set
 .text.rtimer_run_next
                0x00202c20       0x28 obj_cc2538dk/rtimer.o
                0x00202c20                rtimer_run_next
 .text.process_thread_serial_line_process
                0x00202c48       0x98 obj_cc2538dk/serial-line.o
 .text.serial_line_input_byte
                0x00202ce0       0x44 obj_cc2538dk/serial-line.o
                0x00202ce0                serial_line_input_byte
 .text.serial_line_init
                0x00202d24       0x24 obj_cc2538dk/serial-line.o
                0x00202d24                serial_line_init
 .text.random_rand
                0x00202d48       0x20 obj_cc2538dk/random.o
                0x00202d48                random_rand
 .text.random_init
                0x00202d68       0x78 obj_cc2538dk/random.o
                0x00202d68                random_init
 .text.echo_reply_input
                0x00202de0       0x94 obj_cc2538dk/uip-icmp6.o
 .text.echo_request_input
                0x00202e74       0xc8 obj_cc2538dk/uip-icmp6.o
 .text.uip_icmp6_input
                0x00202f3c       0x38 obj_cc2538dk/uip-icmp6.o
                0x00202f3c                uip_icmp6_input
 .text.uip_icmp6_register_input_handler
                0x00202f74        0xc obj_cc2538dk/uip-icmp6.o
                0x00202f74                uip_icmp6_register_input_handler
 .text.uip_icmp6_error_output
                0x00202f80      0x144 obj_cc2538dk/uip-icmp6.o
                0x00202f80                uip_icmp6_error_output
 .text.uip_icmp6_send
                0x002030c4       0x8c obj_cc2538dk/uip-icmp6.o
                0x002030c4                uip_icmp6_send
 .text.uip_icmp6_init
                0x00203150       0x1c obj_cc2538dk/uip-icmp6.o
                0x00203150                uip_icmp6_init
 .text.uip_ds6_prefix_add
                0x0020316c       0x64 obj_cc2538dk/uip-ds6.o
                0x0020316c                uip_ds6_prefix_add
 .text.uip_ds6_is_addr_onlink
                0x002031d0       0x40 obj_cc2538dk/uip-ds6.o
                0x002031d0                uip_ds6_is_addr_onlink
 .text.uip_ds6_addr_lookup
                0x00203210       0x2c obj_cc2538dk/uip-ds6.o
                0x00203210                uip_ds6_addr_lookup
 .text.uip_ds6_get_link_local
                0x0020323c       0x40 obj_cc2538dk/uip-ds6.o
                0x0020323c                uip_ds6_get_link_local
 .text.uip_ds6_maddr_add
                0x0020327c       0x4c obj_cc2538dk/uip-ds6.o
                0x0020327c                uip_ds6_maddr_add
 .text.uip_ds6_addr_add
                0x002032c8       0x94 obj_cc2538dk/uip-ds6.o
                0x002032c8                uip_ds6_addr_add
 .text.uip_ds6_maddr_lookup
                0x0020335c       0x2c obj_cc2538dk/uip-ds6.o
                0x0020335c                uip_ds6_maddr_lookup
 .text.uip_ds6_addr_rm
                0x00203388       0x44 obj_cc2538dk/uip-ds6.o
                0x00203388                uip_ds6_addr_rm
 .text.uip_ds6_periodic
                0x002033cc       0x4c obj_cc2538dk/uip-ds6.o
                0x002033cc                uip_ds6_periodic
 .text.uip_ds6_select_src
                0x00203418       0x94 obj_cc2538dk/uip-ds6.o
                0x00203418                uip_ds6_select_src
 .text.uip_ds6_compute_reachable_time
                0x002034ac       0x28 obj_cc2538dk/uip-ds6.o
                0x002034ac                uip_ds6_compute_reachable_time
 .text.uip_ds6_init
                0x002034d4       0xe0 obj_cc2538dk/uip-ds6.o
                0x002034d4                uip_ds6_init
 .text.call_route_callback
                0x002035b4       0x48 obj_cc2538dk/uip-ds6-route.o
 .text.uip_ds6_route_init
                0x002035fc       0x4c obj_cc2538dk/uip-ds6-route.o
                0x002035fc                uip_ds6_route_init
 .text.uip_ds6_route_nexthop
                0x00203648       0x20 obj_cc2538dk/uip-ds6-route.o
                0x00203648                uip_ds6_route_nexthop
 .text.uip_ds6_route_head
                0x00203668        0xc obj_cc2538dk/uip-ds6-route.o
                0x00203668                uip_ds6_route_head
 .text.uip_ds6_route_is_nexthop
                0x00203674       0x20 obj_cc2538dk/uip-ds6-route.o
                0x00203674                uip_ds6_route_is_nexthop
 .text.uip_ds6_route_lookup
                0x00203694       0x64 obj_cc2538dk/uip-ds6-route.o
                0x00203694                uip_ds6_route_lookup
 .text.uip_ds6_route_rm
                0x002036f8       0x9c obj_cc2538dk/uip-ds6-route.o
                0x002036f8                uip_ds6_route_rm
 .text.rm_routelist
                0x00203794       0x30 obj_cc2538dk/uip-ds6-route.o
 .text.uip_ds6_route_add
                0x002037c4      0x108 obj_cc2538dk/uip-ds6-route.o
                0x002037c4                uip_ds6_route_add
 .text.uip_ds6_defrt_rm
                0x002038cc       0x44 obj_cc2538dk/uip-ds6-route.o
                0x002038cc                uip_ds6_defrt_rm
 .text.uip_ds6_defrt_lookup
                0x00203910       0x2c obj_cc2538dk/uip-ds6-route.o
                0x00203910                uip_ds6_defrt_lookup
 .text.uip_ds6_defrt_add
                0x0020393c       0x64 obj_cc2538dk/uip-ds6-route.o
                0x0020393c                uip_ds6_defrt_add
 .text.uip_ds6_defrt_choose
                0x002039a0       0x30 obj_cc2538dk/uip-ds6-route.o
                0x002039a0                uip_ds6_defrt_choose
 .text.uip_ds6_defrt_periodic
                0x002039d0       0x30 obj_cc2538dk/uip-ds6-route.o
                0x002039d0                uip_ds6_defrt_periodic
 .text.upper_layer_chksum
                0x00203a00       0x54 obj_cc2538dk/uip6.o
 .text.ext_hdr_options_process
                0x00203a54       0xac obj_cc2538dk/uip6.o
 .text.uip_add32
                0x00203b00       0x54 obj_cc2538dk/uip6.o
                0x00203b00                uip_add32
 .text.unlikely.uip_add_rcv_nxt
                0x00203b54       0x2c obj_cc2538dk/uip6.o
 .text.uip_init
                0x00203b80       0x5c obj_cc2538dk/uip6.o
                0x00203b80                uip_init
 .text.remove_ext_hdr
                0x00203bdc       0x5c obj_cc2538dk/uip6.o
                0x00203bdc                remove_ext_hdr
 .text.uip_unlisten
                0x00203c38       0x20 obj_cc2538dk/uip6.o
                0x00203c38                uip_unlisten
 .text.uip_listen
                0x00203c58       0x1c obj_cc2538dk/uip6.o
                0x00203c58                uip_listen
 .text.uip_process
                0x00203c74      0xd50 obj_cc2538dk/uip6.o
                0x00203c74                uip_process
 .text.uip_send
                0x002049c4       0x44 obj_cc2538dk/uip6.o
                0x002049c4                uip_send
 .text.uip_ds6_nbr_rm
                0x00204a08       0x20 obj_cc2538dk/uip-ds6-nbr.o
                0x00204a08                uip_ds6_nbr_rm
 .text.uip_ds6_neighbors_init
                0x00204a28       0x1c obj_cc2538dk/uip-ds6-nbr.o
                0x00204a28                uip_ds6_neighbors_init
 .text.uip_ds6_nbr_add
                0x00204a44       0x3c obj_cc2538dk/uip-ds6-nbr.o
                0x00204a44                uip_ds6_nbr_add
 .text.uip_ds6_nbr_get_ll
                0x00204a80       0x10 obj_cc2538dk/uip-ds6-nbr.o
                0x00204a80                uip_ds6_nbr_get_ll
 .text.uip_ds6_nbr_lookup
                0x00204a90       0x38 obj_cc2538dk/uip-ds6-nbr.o
                0x00204a90                uip_ds6_nbr_lookup
 .text.uip_ds6_nbr_ll_lookup
                0x00204ac8       0x10 obj_cc2538dk/uip-ds6-nbr.o
                0x00204ac8                uip_ds6_nbr_ll_lookup
 .text.uip_ds6_link_neighbor_callback
                0x00204ad8       0x34 obj_cc2538dk/uip-ds6-nbr.o
                0x00204ad8                uip_ds6_link_neighbor_callback
 .text.clear_fragments
                0x00204b0c       0x3c obj_cc2538dk/sicslowpan.o
 .text.sicslowpan_init
                0x00204b48       0x24 obj_cc2538dk/sicslowpan.o
                0x00204b48                sicslowpan_init
 .text.compress_addr_64
                0x00204b6c       0x90 obj_cc2538dk/sicslowpan.o
 .text.set_packet_attrs
                0x00204bfc       0x44 obj_cc2538dk/sicslowpan.o
 .text.addr_context_lookup_by_prefix
                0x00204c40       0x28 obj_cc2538dk/sicslowpan.o
 .text.send_packet
                0x00204c68       0x24 obj_cc2538dk/sicslowpan.o
 .text.packet_sent
                0x00204c8c       0x28 obj_cc2538dk/sicslowpan.o
 .text.store_fragment
                0x00204cb4       0x58 obj_cc2538dk/sicslowpan.o
 .text.uncompress_addr
                0x00204d0c       0xa4 obj_cc2538dk/sicslowpan.o
 .text.output   0x00204db0      0x6a0 obj_cc2538dk/sicslowpan.o
 .text.add_fragment
                0x00205450      0x124 obj_cc2538dk/sicslowpan.o
 .text.input    0x00205574      0x5ac obj_cc2538dk/sicslowpan.o
 .text.uip_debug_ipaddr_print
                0x00205b20       0xa0 obj_cc2538dk/uip-debug.o
                0x00205b20                uip_debug_ipaddr_print
 .text.psock_send
                0x00205bc0       0x98 obj_cc2538dk/psock.o
                0x00205bc0                psock_send
 .text.psock_newdata
                0x00205c58       0x28 obj_cc2538dk/psock.o
                0x00205c58                psock_newdata
 .text.psock_readto
                0x00205c80       0xa4 obj_cc2538dk/psock.o
                0x00205c80                psock_readto
 .text.start_periodic_tcp_timer
                0x00205d24       0x1c obj_cc2538dk/tcpip.o
 .text.tcpip_output
                0x00205d40       0x10 obj_cc2538dk/tcpip.o
                0x00205d40                tcpip_output
 .text.tcpip_set_outputfunc
                0x00205d50        0xc obj_cc2538dk/tcpip.o
                0x00205d50                tcpip_set_outputfunc
 .text.tcp_listen
                0x00205d5c       0x28 obj_cc2538dk/tcpip.o
                0x00205d5c                tcp_listen
 .text.tcp_attach
                0x00205d84       0x10 obj_cc2538dk/tcpip.o
                0x00205d84                tcp_attach
 .text.tcpip_icmp6_call
                0x00205d94       0x28 obj_cc2538dk/tcpip.o
                0x00205d94                tcpip_icmp6_call
 .text.tcpip_input
                0x00205dbc       0x24 obj_cc2538dk/tcpip.o
                0x00205dbc                tcpip_input
 .text.tcpip_ipv6_output
                0x00205de0       0xe4 obj_cc2538dk/tcpip.o
                0x00205de0                tcpip_ipv6_output
 .text.process_thread_tcpip_process
                0x00205ec4      0x1b4 obj_cc2538dk/tcpip.o
 .text.tcpip_uipcall
                0x00206078       0x68 obj_cc2538dk/tcpip.o
                0x00206078                tcpip_uipcall
 .text.update_nbr
                0x002060e0      0x10c obj_cc2538dk/rpl-nbr-policy.o
 .text.handle_periodic_timer
                0x002061ec       0x14 obj_cc2538dk/rpl-nbr-policy.o
 .text.find_removable_dis
                0x00206200       0x20 obj_cc2538dk/rpl-nbr-policy.o
                0x00206200                find_removable_dis
 .text.find_removable_dio
                0x00206220       0x40 obj_cc2538dk/rpl-nbr-policy.o
                0x00206220                find_removable_dio
 .text.find_removable_dao
                0x00206260       0x38 obj_cc2538dk/rpl-nbr-policy.o
                0x00206260                find_removable_dao
 .text.rpl_nbr_policy_find_removable
                0x00206298       0x28 obj_cc2538dk/rpl-nbr-policy.o
                0x00206298                rpl_nbr_policy_find_removable
 .text.rpl_set_preferred_parent
                0x002062c0       0x28 obj_cc2538dk/rpl-dag.o
 .text.set_ip_from_prefix
                0x002062e8       0x2c obj_cc2538dk/rpl-dag.o
 .text.find_parent_any_dag_any_instance
                0x00206314       0x1c obj_cc2538dk/rpl-dag.o
 .text.rpl_dag_init
                0x00206330       0x14 obj_cc2538dk/rpl-dag.o
                0x00206330                rpl_dag_init
 .text.rpl_get_parent
                0x00206344       0x10 obj_cc2538dk/rpl-dag.o
                0x00206344                rpl_get_parent
 .text.rpl_get_parent_lladdr
                0x00206354       0x10 obj_cc2538dk/rpl-dag.o
                0x00206354                rpl_get_parent_lladdr
 .text.best_parent
                0x00206364       0x74 obj_cc2538dk/rpl-dag.o
 .text.rpl_alloc_instance
                0x002063d8       0x34 obj_cc2538dk/rpl-dag.o
                0x002063d8                rpl_alloc_instance
 .text.rpl_add_parent
                0x0020640c       0x30 obj_cc2538dk/rpl-dag.o
                0x0020640c                rpl_add_parent
 .text.rpl_remove_parent
                0x0020643c       0x1c obj_cc2538dk/rpl-dag.o
                0x0020643c                rpl_remove_parent
 .text.remove_parents.constprop.5
                0x00206458       0x2c obj_cc2538dk/rpl-dag.o
 .text.rpl_get_any_dag
                0x00206484       0x18 obj_cc2538dk/rpl-dag.o
                0x00206484                rpl_get_any_dag
 .text.rpl_get_instance
                0x0020649c       0x20 obj_cc2538dk/rpl-dag.o
                0x0020649c                rpl_get_instance
 .text.rpl_find_of
                0x002064bc       0x14 obj_cc2538dk/rpl-dag.o
                0x002064bc                rpl_find_of
 .text.rpl_set_root
                0x002064d0      0x114 obj_cc2538dk/rpl-dag.o
                0x002064d0                rpl_set_root
 .text.rpl_join_instance
                0x002065e4      0x140 obj_cc2538dk/rpl-dag.o
                0x002065e4                rpl_join_instance
 .text.rpl_local_repair
                0x00206724       0x70 obj_cc2538dk/rpl-dag.o
                0x00206724                rpl_local_repair
 .text.rpl_recalculate_ranks
                0x00206794       0x3c obj_cc2538dk/rpl-dag.o
                0x00206794                rpl_recalculate_ranks
 .text.new_dio_interval
                0x002067d0       0x58 obj_cc2538dk/rpl-timers.o
 .text.handle_periodic_timer
                0x00206828       0x4c obj_cc2538dk/rpl-timers.o
 .text.set_dao_lifetime_timer
                0x00206874       0x4c obj_cc2538dk/rpl-timers.o
 .text.handle_dio_timer
                0x002068c0       0x80 obj_cc2538dk/rpl-timers.o
 .text.schedule_dao
                0x00206940       0x54 obj_cc2538dk/rpl-timers.o
 .text.handle_dao_timer
                0x00206994       0x58 obj_cc2538dk/rpl-timers.o
 .text.rpl_reset_periodic_timer
                0x002069ec       0x34 obj_cc2538dk/rpl-timers.o
                0x002069ec                rpl_reset_periodic_timer
 .text.rpl_schedule_unicast_dio_immediately
                0x00206a20       0x14 obj_cc2538dk/rpl-timers.o
                0x00206a20                rpl_schedule_unicast_dio_immediately
 .text.get_probing_target
                0x00206a34       0xd4 obj_cc2538dk/rpl-timers.o
                0x00206a34                get_probing_target
 .text.rpl_schedule_probing
                0x00206b08       0x20 obj_cc2538dk/rpl-timers.o
                0x00206b08                rpl_schedule_probing
 .text.update_hbh_header
                0x00206b28       0xc4 obj_cc2538dk/rpl-ext-header.o
 .text.insert_hbh_header
                0x00206bec       0xac obj_cc2538dk/rpl-ext-header.o
 .text.rpl_verify_hbh_header
                0x00206c98      0x100 obj_cc2538dk/rpl-ext-header.o
                0x00206c98                rpl_verify_hbh_header
 .text.rpl_remove_header
                0x00206d98       0x7c obj_cc2538dk/rpl-ext-header.o
                0x00206d98                rpl_remove_header
 .text.rpl_update_header
                0x00206e14       0x64 obj_cc2538dk/rpl-ext-header.o
                0x00206e14                rpl_update_header
 .text.rpl_get_mode
                0x00206e78        0xc obj_cc2538dk/rpl.o
                0x00206e78                rpl_get_mode
 .text.rpl_purge_routes
                0x00206e84       0x64 obj_cc2538dk/rpl.o
                0x00206e84                rpl_purge_routes
 .text.rpl_link_neighbor_callback
                0x00206ee8       0x54 obj_cc2538dk/rpl.o
                0x00206ee8                rpl_link_neighbor_callback
 .text.rpl_ipv6_neighbor_callback
                0x00206f3c       0x28 obj_cc2538dk/rpl.o
                0x00206f3c                rpl_ipv6_neighbor_callback
 .text.rpl_purge_dags
                0x00206f64       0x3c obj_cc2538dk/rpl.o
                0x00206f64                rpl_purge_dags
 .text.rpl_init
                0x00206fa0       0x4c obj_cc2538dk/rpl.o
                0x00206fa0                rpl_init
 .text.dao_ack_input
                0x00206fec       0x14 obj_cc2538dk/rpl-icmp6.o
 .text.dio_input
                0x00207000      0x254 obj_cc2538dk/rpl-icmp6.o
 .text.dao_input
                0x00207254      0x270 obj_cc2538dk/rpl-icmp6.o
 .text.dis_output
                0x002074c4       0x54 obj_cc2538dk/rpl-icmp6.o
                0x002074c4                dis_output
 .text.dio_output
                0x00207518      0x218 obj_cc2538dk/rpl-icmp6.o
                0x00207518                dio_output
 .text.dis_input
                0x00207730       0x50 obj_cc2538dk/rpl-icmp6.o
 .text.dao_output_target
                0x00207780      0x100 obj_cc2538dk/rpl-icmp6.o
                0x00207780                dao_output_target
 .text.dao_output
                0x00207880       0x90 obj_cc2538dk/rpl-icmp6.o
                0x00207880                dao_output
 .text.rpl_icmp6_register_handlers
                0x00207910       0x30 obj_cc2538dk/rpl-icmp6.o
                0x00207910                rpl_icmp6_register_handlers
 .text.queuebuf_init
                0x00207940       0x1c obj_cc2538dk/queuebuf.o
                0x00207940                queuebuf_init
 .text.queuebuf_numfree
                0x0020795c        0xc obj_cc2538dk/queuebuf.o
                0x0020795c                queuebuf_numfree
 .text.queuebuf_new_from_packetbuf
                0x00207968       0x44 obj_cc2538dk/queuebuf.o
                0x00207968                queuebuf_new_from_packetbuf
 .text.queuebuf_free
                0x002079ac       0x2c obj_cc2538dk/queuebuf.o
                0x002079ac                queuebuf_free
 .text.queuebuf_to_packetbuf
                0x002079d8       0x30 obj_cc2538dk/queuebuf.o
                0x002079d8                queuebuf_to_packetbuf
 .text.key_from_index
                0x00207a08       0x18 obj_cc2538dk/nbr-table.o
 .text.index_from_key
                0x00207a20       0x20 obj_cc2538dk/nbr-table.o
 .text.index_from_lladdr
                0x00207a40       0x40 obj_cc2538dk/nbr-table.o
 .text.nbr_get_bit.constprop.0
                0x00207a80       0x30 obj_cc2538dk/nbr-table.o
 .text.remove_key
                0x00207ab0       0x58 obj_cc2538dk/nbr-table.o
 .text.nbr_table_register
                0x00207b08       0x28 obj_cc2538dk/nbr-table.o
                0x00207b08                nbr_table_register
 .text.nbr_table_head
                0x00207b30       0x34 obj_cc2538dk/nbr-table.o
                0x00207b30                nbr_table_head
 .text.nbr_table_add_lladdr
                0x00207b64      0x114 obj_cc2538dk/nbr-table.o
                0x00207b64                nbr_table_add_lladdr
 .text.nbr_table_remove
                0x00207c78       0x2c obj_cc2538dk/nbr-table.o
                0x00207c78                nbr_table_remove
 .text.nbr_table_lock
                0x00207ca4       0x14 obj_cc2538dk/nbr-table.o
                0x00207ca4                nbr_table_lock
 .text.nbr_table_unlock
                0x00207cb8       0x14 obj_cc2538dk/nbr-table.o
                0x00207cb8                nbr_table_unlock
 .text.packetbuf_hdrreduce
                0x00207ccc       0x2c obj_cc2538dk/packetbuf.o
                0x00207ccc                packetbuf_hdrreduce
 .text.packetbuf_set_datalen
                0x00207cf8        0xc obj_cc2538dk/packetbuf.o
                0x00207cf8                packetbuf_set_datalen
 .text.packetbuf_hdrptr
                0x00207d04        0x8 obj_cc2538dk/packetbuf.o
                0x00207d04                packetbuf_hdrptr
 .text.packetbuf_datalen
                0x00207d0c        0xc obj_cc2538dk/packetbuf.o
                0x00207d0c                packetbuf_datalen
 .text.packetbuf_hdrlen
                0x00207d18       0x18 obj_cc2538dk/packetbuf.o
                0x00207d18                packetbuf_hdrlen
 .text.packetbuf_dataptr
                0x00207d30       0x10 obj_cc2538dk/packetbuf.o
                0x00207d30                packetbuf_dataptr
 .text.packetbuf_copyto
                0x00207d40       0x40 obj_cc2538dk/packetbuf.o
                0x00207d40                packetbuf_copyto
 .text.packetbuf_totlen
                0x00207d80       0x14 obj_cc2538dk/packetbuf.o
                0x00207d80                packetbuf_totlen
 .text.packetbuf_hdralloc
                0x00207d94       0x3c obj_cc2538dk/packetbuf.o
                0x00207d94                packetbuf_hdralloc
 .text.packetbuf_attr_clear
                0x00207dd0       0x34 obj_cc2538dk/packetbuf.o
                0x00207dd0                packetbuf_attr_clear
 .text.packetbuf_clear
                0x00207e04       0x20 obj_cc2538dk/packetbuf.o
                0x00207e04                packetbuf_clear
 .text.packetbuf_copyfrom
                0x00207e24       0x2c obj_cc2538dk/packetbuf.o
                0x00207e24                packetbuf_copyfrom
 .text.packetbuf_attr_copyto
                0x00207e50       0x34 obj_cc2538dk/packetbuf.o
                0x00207e50                packetbuf_attr_copyto
 .text.packetbuf_attr_copyfrom
                0x00207e84       0x34 obj_cc2538dk/packetbuf.o
                0x00207e84                packetbuf_attr_copyfrom
 .text.packetbuf_set_attr
                0x00207eb8       0x10 obj_cc2538dk/packetbuf.o
                0x00207eb8                packetbuf_set_attr
 .text.packetbuf_attr
                0x00207ec8        0xc obj_cc2538dk/packetbuf.o
                0x00207ec8                packetbuf_attr
 .text.packetbuf_set_addr
                0x00207ed4       0x18 obj_cc2538dk/packetbuf.o
                0x00207ed4                packetbuf_set_addr
 .text.packetbuf_addr
                0x00207eec       0x10 obj_cc2538dk/packetbuf.o
                0x00207eec                packetbuf_addr
 .text.packetbuf_holds_broadcast
                0x00207efc       0x10 obj_cc2538dk/packetbuf.o
                0x00207efc                packetbuf_holds_broadcast
 .text.netstack_init
                0x00207f0c       0x38 obj_cc2538dk/netstack.o
                0x00207f0c                netstack_init
 .text.periodic
                0x00207f44       0x2c obj_cc2538dk/link-stats.o
 .text.link_stats_from_lladdr
                0x00207f70        0xc obj_cc2538dk/link-stats.o
                0x00207f70                link_stats_from_lladdr
 .text.link_stats_packet_sent
                0x00207f7c       0x78 obj_cc2538dk/link-stats.o
                0x00207f7c                link_stats_packet_sent
 .text.link_stats_input_callback
                0x00207ff4       0x4c obj_cc2538dk/link-stats.o
                0x00207ff4                link_stats_input_callback
 .text.link_stats_init
                0x00208040       0x28 obj_cc2538dk/link-stats.o
                0x00208040                link_stats_init
 .text.mac_sequence_is_duplicate
                0x00208068       0x4c obj_cc2538dk/mac-sequence.o
                0x00208068                mac_sequence_is_duplicate
 .text.mac_sequence_register_seqno
                0x002080b4       0x64 obj_cc2538dk/mac-sequence.o
                0x002080b4                mac_sequence_register_seqno
 .text.input_packet
                0x00208118        0xc obj_cc2538dk/csma.o
 .text.on       0x00208124        0xc obj_cc2538dk/csma.o
 .text.off      0x00208130        0xc obj_cc2538dk/csma.o
 .text.channel_check_interval
                0x0020813c       0x10 obj_cc2538dk/csma.o
 .text.transmit_packet_list
                0x0020814c       0x30 obj_cc2538dk/csma.o
 .text.schedule_transmission
                0x0020817c       0x4c obj_cc2538dk/csma.o
 .text.send_packet
                0x002081c8      0x138 obj_cc2538dk/csma.o
 .text.init     0x00208300       0x24 obj_cc2538dk/csma.o
 .text.tx_done  0x00208324       0x84 obj_cc2538dk/csma.o
 .text.frame802154_get_pan_id
                0x002083a8        0xc obj_cc2538dk/frame802154.o
                0x002083a8                frame802154_get_pan_id
 .text.frame802154_parse
                0x002083b4      0x174 obj_cc2538dk/frame802154.o
                0x002083b4                frame802154_parse
 .text.create_frame.isra.0
                0x00208528      0x128 obj_cc2538dk/framer-802154.o
 .text.init     0x00208650       0x40 obj_cc2538dk/contikimac.o
 .text.on       0x00208690       0x2c obj_cc2538dk/contikimac.o
 .text.off      0x002086bc       0x38 obj_cc2538dk/contikimac.o
 .text.recv_burst_off
                0x002086f4       0x14 obj_cc2538dk/contikimac.o
 .text.powercycle_turn_radio_off
                0x00208708       0x1c obj_cc2538dk/contikimac.o
 .text.turn_off
                0x00208724       0x38 obj_cc2538dk/contikimac.o
 .text.turn_on  0x0020875c       0x40 obj_cc2538dk/contikimac.o
 .text.schedule_powercycle_fixed
                0x0020879c       0x34 obj_cc2538dk/contikimac.o
 .text.input_packet
                0x002087d0       0xa8 obj_cc2538dk/contikimac.o
 .text.send_packet.isra.8
                0x00208878      0x1f8 obj_cc2538dk/contikimac.o
 .text.qsend_list
                0x00208a70       0xc4 obj_cc2538dk/contikimac.o
 .text.powercycle_wrapper
                0x00208b34      0x1ec obj_cc2538dk/contikimac.o
 .text.input    0x00208d20        0xc obj_cc2538dk/nullsec.o
 .text.send     0x00208d2c       0x20 obj_cc2538dk/nullsec.o
 .text.process_thread_webserver_nogui_process
                0x00208d4c       0x34 border-router.co
 .text.ipaddr_add
                0x00208d80       0xa0 border-router.co
 .text.generate_routes
                0x00208e20      0x200 border-router.co
 .text.httpd_simple_get_script
                0x00209020        0x8 border-router.co
                0x00209020                httpd_simple_get_script
 .text.request_prefix
                0x00209028       0x24 border-router.co
                0x00209028                request_prefix
 .text.process_thread_border_router_process
                0x0020904c       0xf0 border-router.co
 .text.set_prefix_64
                0x0020913c       0x68 border-router.co
                0x0020913c                set_prefix_64
 .text.init     0x002091a4       0x24 obj_cc2538dk/slip-bridge.o
 .text.slip_input_callback
                0x002091c8       0xdc obj_cc2538dk/slip-bridge.o
 .text.output   0x002092a4       0x4c obj_cc2538dk/slip-bridge.o
 .text.handle_input
                0x002092f0       0xc8 obj_cc2538dk/httpd-simple.o
 .text.send_headers
                0x002093b8       0x50 obj_cc2538dk/httpd-simple.o
 .text.handle_output
                0x00209408       0xcc obj_cc2538dk/httpd-simple.o
 .text.httpd_appcall
                0x002094d4       0xd0 obj_cc2538dk/httpd-simple.o
                0x002094d4                httpd_appcall
 .text.httpd_init
                0x002095a4       0x18 obj_cc2538dk/httpd-simple.o
                0x002095a4                httpd_init
 .text          0x002095bc       0x30 /usr/lib/gcc/arm-none-eabi/4.9.3/armv7-m/libgcc.a(_aeabi_uldivmod.o)
                0x002095bc                __aeabi_uldivmod
 .text          0x002095ec       0x60 /usr/lib/gcc/arm-none-eabi/4.9.3/armv7-m/libgcc.a(bpabi.o)
                0x002095ec                __gnu_ldivmod_helper
                0x0020961c                __gnu_uldivmod_helper
 .text          0x0020964c        0x4 /usr/lib/gcc/arm-none-eabi/4.9.3/armv7-m/libgcc.a(_dvmd_tls.o)
                0x0020964c                __aeabi_ldiv0
                0x0020964c                __aeabi_idiv0
 .text          0x00209650      0x2ac /usr/lib/gcc/arm-none-eabi/4.9.3/armv7-m/libgcc.a(_divdi3.o)
                0x00209650                __divdi3
 .text          0x002098fc      0x270 /usr/lib/gcc/arm-none-eabi/4.9.3/armv7-m/libgcc.a(_udivdi3.o)
                0x002098fc                __udivdi3
 .text.memcmp   0x00209b6c       0x64 /usr/lib/gcc/arm-none-eabi/4.9.3/../../../arm-none-eabi/lib/armv7-m/libc.a(lib_a-memcmp.o)
                0x00209b6c                memcmp
 .text          0x00209bd0       0xec /usr/lib/gcc/arm-none-eabi/4.9.3/../../../arm-none-eabi/lib/armv7-m/libc.a(lib_a-memcpy.o)
                0x00209bd0                memcpy
 .text.memmove  0x00209cbc       0xc8 /usr/lib/gcc/arm-none-eabi/4.9.3/../../../arm-none-eabi/lib/armv7-m/libc.a(lib_a-memmove.o)
                0x00209cbc                memmove
 .text.memset   0x00209d84       0x9c /usr/lib/gcc/arm-none-eabi/4.9.3/../../../arm-none-eabi/lib/armv7-m/libc.a(lib_a-memset.o)
                0x00209d84                memset
 .text.strcpy   0x00209e20       0xbc /usr/lib/gcc/arm-none-eabi/4.9.3/../../../arm-none-eabi/lib/armv7-m/libc.a(lib_a-strcpy.o)
                0x00209e20                strcpy
 .text.strlen   0x00209edc       0x5c /usr/lib/gcc/arm-none-eabi/4.9.3/../../../arm-none-eabi/lib/armv7-m/libc.a(lib_a-strlen.o)
                0x00209edc                strlen
 .text.strncmp  0x00209f38       0x94 /usr/lib/gcc/arm-none-eabi/4.9.3/../../../arm-none-eabi/lib/armv7-m/libc.a(lib_a-strncmp.o)
                0x00209f38                strncmp
 .text.strncpy  0x00209fcc       0x68 /usr/lib/gcc/arm-none-eabi/4.9.3/../../../arm-none-eabi/lib/armv7-m/libc.a(lib_a-strncpy.o)
                0x00209fcc                strncpy
 .text.default_handler
                0x0020a034        0x2 obj_cc2538dk/startup-gcc.o
                0x0020a034                default_handler
 .text.nmi_handler
                0x0020a036        0x6 obj_cc2538dk/startup-gcc.o
                0x0020a036                nmi_handler
 .text.fade     0x0020a03c       0x54 obj_cc2538dk/contiki-main.o
 .text.config   0x0020a090       0x40 obj_cc2538dk/button-sensor.o
 .text.status   0x0020a0d0        0x4 obj_cc2538dk/als-sensor.o
 .text.clock_isr
                0x0020a0d4        0x4 obj_cc2538dk/clock.o
                0x0020a0d4                clock_isr
 .text.rtimer_arch_init
                0x0020a0d8        0x2 obj_cc2538dk/rtimer-arch.o
                0x0020a0d8                rtimer_arch_init
 .text.uart0_isr
                0x0020a0da        0x6 obj_cc2538dk/uart.o
                0x0020a0da                uart0_isr
 .text.uart1_isr
                0x0020a0e0        0x6 obj_cc2538dk/uart.o
                0x0020a0e0                uart1_isr
 .text.gpio_port_a_isr
                0x0020a0e6        0x6 obj_cc2538dk/gpio.o
                0x0020a0e6                gpio_port_a_isr
 .text.gpio_port_b_isr
                0x0020a0ec        0x6 obj_cc2538dk/gpio.o
                0x0020a0ec                gpio_port_b_isr
 .text.gpio_port_c_isr
                0x0020a0f2        0x6 obj_cc2538dk/gpio.o
                0x0020a0f2                gpio_port_c_isr
 .text.gpio_port_d_isr
                0x0020a0f8        0x6 obj_cc2538dk/gpio.o
                0x0020a0f8                gpio_port_d_isr
 .text.send     0x0020a0fe       0x12 obj_cc2538dk/cc2538-rf.o
 .text.dbg_send_bytes
                0x0020a110       0x20 obj_cc2538dk/dbg.o
                0x0020a110                dbg_send_bytes
 .text.puts     0x0020a130       0x20 obj_cc2538dk/dbg.o
                0x0020a130                puts
 .text.slip_arch_writeb
                0x0020a150        0x8 obj_cc2538dk/slip-arch.o
                0x0020a150                slip_arch_writeb
 .text.configure
                0x0020a158        0x4 obj_cc2538dk/cc2538-temp-sensor.o
 .text.status   0x0020a15c        0x4 obj_cc2538dk/cc2538-temp-sensor.o
 .text.value    0x0020a160       0x34 obj_cc2538dk/cc2538-temp-sensor.o
 .text.configure
                0x0020a194        0x4 obj_cc2538dk/vdd3-sensor.o
 .text.status   0x0020a198        0x4 obj_cc2538dk/vdd3-sensor.o
 .text.value    0x0020a19c       0x2a obj_cc2538dk/vdd3-sensor.o
 .text.write_str
                0x0020a1c6       0x10 obj_cc2538dk/dbg-printf.o
 .text.buffer_str
                0x0020a1d6       0x28 obj_cc2538dk/dbg-snprintf.o
 .text.snprintf
                0x0020a1fe       0x1a obj_cc2538dk/dbg-snprintf.o
                0x0020a1fe                snprintf
 .text.autostart_start
                0x0020a218       0x14 obj_cc2538dk/autostart.o
                0x0020a218                autostart_start
 .text.energest_init
                0x0020a22c        0x2 obj_cc2538dk/energest.o
                0x0020a22c                energest_init
 .text.stimer_set
                0x0020a22e        0xe obj_cc2538dk/stimer.o
                0x0020a22e                stimer_set
 .text.etimer_set
                0x0020a23c       0x12 obj_cc2538dk/etimer.o
                0x0020a23c                etimer_set
 .text.etimer_reset
                0x0020a24e       0x12 obj_cc2538dk/etimer.o
                0x0020a24e                etimer_reset
 .text.etimer_restart
                0x0020a260       0x12 obj_cc2538dk/etimer.o
                0x0020a260                etimer_restart
 .text.etimer_expired
                0x0020a272        0xa obj_cc2538dk/etimer.o
                0x0020a272                etimer_expired
 .text.etimer_expiration_time
                0x0020a27c        0x6 obj_cc2538dk/etimer.o
                0x0020a27c                etimer_expiration_time
 .text.call_process
                0x0020a282        0xc obj_cc2538dk/process.o
 .text.rtimer_init
                0x0020a28e        0x4 obj_cc2538dk/rtimer.o
                0x0020a28e                rtimer_init
 .text.timer_set
                0x0020a292        0xe obj_cc2538dk/timer.o
                0x0020a292                timer_set
 .text.timer_reset
                0x0020a2a0        0xa obj_cc2538dk/timer.o
                0x0020a2a0                timer_reset
 .text.timer_restart
                0x0020a2aa        0xc obj_cc2538dk/timer.o
                0x0020a2aa                timer_restart
 .text.timer_expired
                0x0020a2b6       0x1c obj_cc2538dk/timer.o
                0x0020a2b6                timer_expired
 .text.ringbuf_init
                0x0020a2d2        0xe obj_cc2538dk/ringbuf.o
                0x0020a2d2                ringbuf_init
 .text.ringbuf_put
                0x0020a2e0       0x28 obj_cc2538dk/ringbuf.o
                0x0020a2e0                ringbuf_put
 .text.ringbuf_get
                0x0020a308       0x20 obj_cc2538dk/ringbuf.o
                0x0020a308                ringbuf_get
 .text.list_init
                0x0020a328        0x6 obj_cc2538dk/list.o
                0x0020a328                list_init
 .text.list_head
                0x0020a32e        0x4 obj_cc2538dk/list.o
                0x0020a32e                list_head
 .text.list_tail
                0x0020a332       0x10 obj_cc2538dk/list.o
                0x0020a332                list_tail
 .text.list_remove
                0x0020a342       0x28 obj_cc2538dk/list.o
                0x0020a342                list_remove
 .text.list_add
                0x0020a36a       0x1e obj_cc2538dk/list.o
                0x0020a36a                list_add
 .text.list_push
                0x0020a388       0x12 obj_cc2538dk/list.o
                0x0020a388                list_push
 .text.list_length
                0x0020a39a        0xe obj_cc2538dk/list.o
                0x0020a39a                list_length
 .text.list_item_next
                0x0020a3a8        0x6 obj_cc2538dk/list.o
                0x0020a3a8                list_item_next
 .text.memb_init
                0x0020a3ae       0x20 obj_cc2538dk/memb.o
                0x0020a3ae                memb_init
 .text.memb_alloc
                0x0020a3ce       0x28 obj_cc2538dk/memb.o
                0x0020a3ce                memb_alloc
 .text.memb_free
                0x0020a3f6       0x2c obj_cc2538dk/memb.o
                0x0020a3f6                memb_free
 .text.memb_inmemb
                0x0020a422       0x1c obj_cc2538dk/memb.o
                0x0020a422                memb_inmemb
 .text.memb_numfree
                0x0020a43e       0x1c obj_cc2538dk/memb.o
                0x0020a43e                memb_numfree
 .text.uip_ds6_list_loop
                0x0020a45a       0x48 obj_cc2538dk/uip-ds6.o
                0x0020a45a                uip_ds6_list_loop
 .text.uip_ds6_maddr_rm
                0x0020a4a2        0x8 obj_cc2538dk/uip-ds6.o
                0x0020a4a2                uip_ds6_maddr_rm
 .text.uip_ds6_set_addr_iid
                0x0020a4aa       0x12 obj_cc2538dk/uip-ds6.o
                0x0020a4aa                uip_ds6_set_addr_iid
 .text.get_match_length
                0x0020a4bc       0x3a obj_cc2538dk/uip-ds6.o
                0x0020a4bc                get_match_length
 .text.uip_ds6_route_next
                0x0020a4f6        0x8 obj_cc2538dk/uip-ds6-route.o
                0x0020a4f6                uip_ds6_route_next
 .text.rm_routelist_callback
                0x0020a4fe        0x4 obj_cc2538dk/uip-ds6-route.o
 .text.chksum   0x0020a502       0x38 obj_cc2538dk/uip6.o
 .text.uip_icmp6chksum
                0x0020a53a        0x6 obj_cc2538dk/uip6.o
                0x0020a53a                uip_icmp6chksum
 .text.uip_tcpchksum
                0x0020a540        0x6 obj_cc2538dk/uip6.o
                0x0020a540                uip_tcpchksum
 .text.uip_udpchksum
                0x0020a546        0x6 obj_cc2538dk/uip6.o
                0x0020a546                uip_udpchksum
 .text.uip_htonl
                0x0020a54c       0x14 obj_cc2538dk/uip6.o
                0x0020a54c                uip_htonl
 .text.uip_ds6_nbr_ipaddr_from_lladdr
                0x0020a560        0x4 obj_cc2538dk/uip-ds6-nbr.o
                0x0020a560                uip_ds6_nbr_ipaddr_from_lladdr
 .text.uip_ds6_nbr_lladdr_from_ipaddr
                0x0020a564       0x12 obj_cc2538dk/uip-ds6-nbr.o
                0x0020a564                uip_ds6_nbr_lladdr_from_ipaddr
 .text.uip_nd6_init
                0x0020a576        0x2 obj_cc2538dk/uip-nd6.o
                0x0020a576                uip_nd6_init
 .text.psock_datalen
                0x0020a578        0xa obj_cc2538dk/psock.o
                0x0020a578                psock_datalen
 .text.psock_init
                0x0020a582       0x16 obj_cc2538dk/psock.o
                0x0020a582                psock_init
 .text.lollipop_greater_than
                0x0020a598       0x34 obj_cc2538dk/rpl-dag.o
 .text.check_prefix
                0x0020a5cc       0x58 obj_cc2538dk/rpl-dag.o
 .text.rpl_rank_via_parent
                0x0020a624       0x1a obj_cc2538dk/rpl-dag.o
                0x0020a624                rpl_rank_via_parent
 .text.rpl_get_parent_ipaddr
                0x0020a63e        0xe obj_cc2538dk/rpl-dag.o
                0x0020a63e                rpl_get_parent_ipaddr
 .text.rpl_get_parent_link_stats
                0x0020a64c        0xe obj_cc2538dk/rpl-dag.o
                0x0020a64c                rpl_get_parent_link_stats
 .text.rpl_parent_is_fresh
                0x0020a65a        0xe obj_cc2538dk/rpl-dag.o
                0x0020a65a                rpl_parent_is_fresh
 .text.rpl_parent_is_reachable
                0x0020a668       0x36 obj_cc2538dk/rpl-dag.o
                0x0020a668                rpl_parent_is_reachable
 .text.rpl_set_prefix
                0x0020a69e       0x6c obj_cc2538dk/rpl-dag.o
                0x0020a69e                rpl_set_prefix
 .text.rpl_set_default_route
                0x0020a70a       0x30 obj_cc2538dk/rpl-dag.o
                0x0020a70a                rpl_set_default_route
 .text.rpl_find_parent
                0x0020a73a       0x16 obj_cc2538dk/rpl-dag.o
                0x0020a73a                rpl_find_parent
 .text.rpl_find_parent_any_dag
                0x0020a750       0x1e obj_cc2538dk/rpl-dag.o
                0x0020a750                rpl_find_parent_any_dag
 .text.rpl_select_parent
                0x0020a76e       0x4a obj_cc2538dk/rpl-dag.o
                0x0020a76e                rpl_select_parent
 .text.rpl_select_dag
                0x0020a7b8      0x15c obj_cc2538dk/rpl-dag.o
                0x0020a7b8                rpl_select_dag
 .text.rpl_nullify_parent
                0x0020a914       0x54 obj_cc2538dk/rpl-dag.o
                0x0020a914                rpl_nullify_parent
 .text.nbr_callback
                0x0020a968        0x4 obj_cc2538dk/rpl-dag.o
 .text.rpl_free_dag
                0x0020a96c       0x3a obj_cc2538dk/rpl-dag.o
                0x0020a96c                rpl_free_dag
 .text.rpl_move_parent
                0x0020a9a6       0x54 obj_cc2538dk/rpl-dag.o
                0x0020a9a6                rpl_move_parent
 .text.rpl_repair_root
                0x0020a9fa       0x48 obj_cc2538dk/rpl-dag.o
                0x0020a9fa                rpl_repair_root
 .text.rpl_alloc_dag
                0x0020aa42       0x48 obj_cc2538dk/rpl-dag.o
                0x0020aa42                rpl_alloc_dag
 .text.rpl_process_parent_event
                0x0020aa8a       0x96 obj_cc2538dk/rpl-dag.o
                0x0020aa8a                rpl_process_parent_event
 .text.rpl_add_dag
                0x0020ab20      0x112 obj_cc2538dk/rpl-dag.o
                0x0020ab20                rpl_add_dag
 .text.rpl_process_dio
                0x0020ac32      0x2e6 obj_cc2538dk/rpl-dag.o
                0x0020ac32                rpl_process_dio
 .text.handle_unicast_dio_timer
                0x0020af18       0x1c obj_cc2538dk/rpl-timers.o
 .text.rpl_reset_dio_timer
                0x0020af34       0x1c obj_cc2538dk/rpl-timers.o
                0x0020af34                rpl_reset_dio_timer
 .text.rpl_schedule_dao
                0x0020af50        0x8 obj_cc2538dk/rpl-timers.o
                0x0020af50                rpl_schedule_dao
 .text.get_probing_delay
                0x0020af58       0x3a obj_cc2538dk/rpl-timers.o
                0x0020af58                get_probing_delay
 .text.handle_probing_timer
                0x0020af92       0x32 obj_cc2538dk/rpl-timers.o
 .text.rpl_remove_routes
                0x0020afc4       0x1e obj_cc2538dk/rpl.o
                0x0020afc4                rpl_remove_routes
 .text.rpl_remove_routes_by_nexthop
                0x0020afe2       0x30 obj_cc2538dk/rpl.o
                0x0020afe2                rpl_remove_routes_by_nexthop
 .text.rpl_add_route
                0x0020b012       0x2e obj_cc2538dk/rpl.o
                0x0020b012                rpl_add_route
 .text.reset    0x0020b040        0x2 obj_cc2538dk/rpl-mrhof.o
 .text.update_metric_container
                0x0020b042        0x6 obj_cc2538dk/rpl-mrhof.o
 .text.parent_link_metric
                0x0020b048       0x12 obj_cc2538dk/rpl-mrhof.o
 .text.parent_has_usable_link
                0x0020b05a       0x12 obj_cc2538dk/rpl-mrhof.o
 .text.best_dag
                0x0020b06c       0x2c obj_cc2538dk/rpl-mrhof.o
 .text.parent_path_cost
                0x0020b098       0x34 obj_cc2538dk/rpl-mrhof.o
 .text.parent_is_acceptable
                0x0020b0cc       0x26 obj_cc2538dk/rpl-mrhof.o
 .text.rank_via_parent
                0x0020b0f2       0x34 obj_cc2538dk/rpl-mrhof.o
 .text.best_parent
                0x0020b126       0x68 obj_cc2538dk/rpl-mrhof.o
 .text.get32    0x0020b18e       0x18 obj_cc2538dk/rpl-icmp6.o
 .text.set32    0x0020b1a6       0x12 obj_cc2538dk/rpl-icmp6.o
 .text.get16    0x0020b1b8        0xc obj_cc2538dk/rpl-icmp6.o
 .text.set16    0x0020b1c4        0xa obj_cc2538dk/rpl-icmp6.o
 .text.rpl_icmp6_update_nbr_table
                0x0020b1ce       0x2e obj_cc2538dk/rpl-icmp6.o
                0x0020b1ce                rpl_icmp6_update_nbr_table
 .text.svcall_handler
                0x0020b1fc       0x1e obj_cc2538dk/mtarch.o
                0x0020b1fc                svcall_handler
 .text.pendsv_handler
                0x0020b21a       0x18 obj_cc2538dk/mtarch.o
                0x0020b21a                pendsv_handler
 .text.queuebuf_update_attr_from_packetbuf
                0x0020b232        0xc obj_cc2538dk/queuebuf.o
                0x0020b232                queuebuf_update_attr_from_packetbuf
 .text.queuebuf_update_from_packetbuf
                0x0020b23e       0x1c obj_cc2538dk/queuebuf.o
                0x0020b23e                queuebuf_update_from_packetbuf
 .text.queuebuf_attr
                0x0020b25a        0xc obj_cc2538dk/queuebuf.o
                0x0020b25a                queuebuf_attr
 .text.item_from_key
                0x0020b266       0x22 obj_cc2538dk/nbr-table.o
 .text.nbr_set_bit
                0x0020b288       0x38 obj_cc2538dk/nbr-table.o
 .text.nbr_table_next
                0x0020b2c0       0x3e obj_cc2538dk/nbr-table.o
                0x0020b2c0                nbr_table_next
 .text.nbr_table_get_from_lladdr
                0x0020b2fe       0x32 obj_cc2538dk/nbr-table.o
                0x0020b2fe                nbr_table_get_from_lladdr
 .text.nbr_table_get_lladdr
                0x0020b330       0x20 obj_cc2538dk/nbr-table.o
                0x0020b330                nbr_table_get_lladdr
 .text.linkaddr_copy
                0x0020b350        0xa obj_cc2538dk/linkaddr.o
                0x0020b350                linkaddr_copy
 .text.linkaddr_cmp
                0x0020b35a       0x10 obj_cc2538dk/linkaddr.o
                0x0020b35a                linkaddr_cmp
 .text.link_stats_is_fresh
                0x0020b36a       0x24 obj_cc2538dk/link-stats.o
                0x0020b36a                link_stats_is_fresh
 .text.packet_sent
                0x0020b38e       0xca obj_cc2538dk/csma.o
 .text.frame802154_has_panid
                0x0020b458       0x62 obj_cc2538dk/frame802154.o
                0x0020b458                frame802154_has_panid
 .text.field_len
                0x0020b4ba       0x84 obj_cc2538dk/frame802154.o
 .text.frame802154_is_broadcast_addr
                0x0020b53e       0x1e obj_cc2538dk/frame802154.o
                0x0020b53e                frame802154_is_broadcast_addr
 .text.frame802154_hdrlen
                0x0020b55c       0x32 obj_cc2538dk/frame802154.o
                0x0020b55c                frame802154_hdrlen
 .text.frame802154_create
                0x0020b58e       0xe6 obj_cc2538dk/frame802154.o
                0x0020b58e                frame802154_create
 .text.mac_call_sent_callback
                0x0020b674       0x16 obj_cc2538dk/mac.o
                0x0020b674                mac_call_sent_callback
 .text.parse    0x0020b68a       0x94 obj_cc2538dk/framer-802154.o
 .text.create   0x0020b71e        0x6 obj_cc2538dk/framer-802154.o
 .text.hdr_length
                0x0020b724        0x6 obj_cc2538dk/framer-802154.o
 .text.duty_cycle
                0x0020b72a        0x4 obj_cc2538dk/contikimac.o
 .text.qsend_packet
                0x0020b72e       0x22 obj_cc2538dk/contikimac.o
 .text.init     0x0020b750        0x2 obj_cc2538dk/nullsec.o
 *(SORT(.rodata*))
 *fill*         0x0020b752        0x2 00000000
 .rodata.button_select_sensor
                0x0020b754       0x10 obj_cc2538dk/button-sensor.o
                0x0020b754                button_select_sensor
 .rodata.button_up_sensor
                0x0020b764       0x10 obj_cc2538dk/button-sensor.o
                0x0020b764                button_up_sensor
 .rodata.button_left_sensor
                0x0020b774       0x10 obj_cc2538dk/button-sensor.o
                0x0020b774                button_left_sensor
 .rodata.button_right_sensor
                0x0020b784       0x10 obj_cc2538dk/button-sensor.o
                0x0020b784                button_right_sensor
 .rodata.button_down_sensor
                0x0020b794       0x10 obj_cc2538dk/button-sensor.o
                0x0020b794                button_down_sensor
 .rodata.als_sensor
                0x0020b7a4       0x10 obj_cc2538dk/als-sensor.o
                0x0020b7a4                als_sensor
 .rodata.uart_regs
                0x0020b7b4       0x58 obj_cc2538dk/uart.o
 .rodata.reset_cause.5159
                0x0020b80c       0x10 obj_cc2538dk/sys-ctrl.o
 .rodata.output_power
                0x0020b81c       0x70 obj_cc2538dk/cc2538-rf.o
 .rodata.cc2538_rf_driver
                0x0020b88c       0x38 obj_cc2538dk/cc2538-rf.o
                0x0020b88c                cc2538_rf_driver
 .rodata.cc2538_temp_sensor
                0x0020b8c4       0x10 obj_cc2538dk/cc2538-temp-sensor.o
                0x0020b8c4                cc2538_temp_sensor
 .rodata.vdd3_sensor
                0x0020b8d4       0x10 obj_cc2538dk/vdd3-sensor.o
                0x0020b8d4                vdd3_sensor
 .rodata.sicslowpan_driver
                0x0020b8e4        0xc obj_cc2538dk/sicslowpan.o
                0x0020b8e4                sicslowpan_driver
 .rodata.csma_driver
                0x0020b8f0       0x1c obj_cc2538dk/csma.o
                0x0020b8f0                csma_driver
 .rodata.framer_802154
                0x0020b90c        0xc obj_cc2538dk/framer-802154.o
                0x0020b90c                framer_802154
 .rodata.contikimac_driver
                0x0020b918       0x20 obj_cc2538dk/contikimac.o
                0x0020b918                contikimac_driver
 .rodata.nullsec_driver
                0x0020b938       0x10 obj_cc2538dk/nullsec.o
                0x0020b938                nullsec_driver
 .rodata.autostart_processes
                0x0020b948        0xc border-router.co
                0x0020b948                autostart_processes
 .rodata.rpl_interface
                0x0020b954        0x8 obj_cc2538dk/slip-bridge.o
                0x0020b954                rpl_interface
 .rodata.str1.1
                0x0020b95c       0x63 obj_cc2538dk/contiki-main.o
 .rodata.str1.1
                0x0020b9bf        0x8 obj_cc2538dk/sensors.o
 .rodata.str1.1
                0x0020b9c7        0x7 obj_cc2538dk/button-sensor.o
 .rodata.str1.1
                0x0020b9ce        0x4 obj_cc2538dk/als-sensor.o
 .rodata.str1.1
                0x0020b9d2       0x94 obj_cc2538dk/soc.o
 .rodata.str1.1
                0x0020ba66       0x2d obj_cc2538dk/sys-ctrl.o
 .rodata.str1.1
                0x0020ba93       0x11 obj_cc2538dk/cc2538-rf.o
 .rodata.str1.1
                0x0020baa4       0x21 obj_cc2538dk/slip.o
 .rodata.str1.1
                0x0020bac5       0x14 obj_cc2538dk/cc2538-temp-sensor.o
 .rodata.str1.1
                0x0020bad9        0x5 obj_cc2538dk/vdd3-sensor.o
 .rodata.buffer.4159
                0x0020bade       0x10 obj_cc2538dk/strformat.o
 .rodata.str1.1
                0x0020baee       0x35 obj_cc2538dk/strformat.o
                                 0x37 (size before relaxing)
 .rodata.buffer.4150
                0x0020bb23       0x10 obj_cc2538dk/strformat.o
 .rodata.str1.1
                0x0020bb33        0xf obj_cc2538dk/ctimer.o
 .rodata.str1.1
                0x0020bb42        0xc obj_cc2538dk/etimer.o
 .rodata.str1.1
                0x0020bb4e        0xe obj_cc2538dk/serial-line.o
 .rodata        0x0020bb5c        0x2 obj_cc2538dk/sicslowpan.o
 .rodata.ttl_values
                0x0020bb5e        0x4 obj_cc2538dk/sicslowpan.o
 .rodata.unc_llconf
                0x0020bb62        0x4 obj_cc2538dk/sicslowpan.o
                0x0020bb62                unc_llconf
 .rodata.llprefix
                0x0020bb66        0x2 obj_cc2538dk/sicslowpan.o
                0x0020bb66                llprefix
 .rodata.unc_mxconf
                0x0020bb68        0x4 obj_cc2538dk/sicslowpan.o
                0x0020bb68                unc_mxconf
 .rodata.str1.1
                0x0020bb6c        0xb obj_cc2538dk/sicslowpan.o
 .rodata.unc_ctxconf
                0x0020bb77        0x4 obj_cc2538dk/sicslowpan.o
                0x0020bb77                unc_ctxconf
 .rodata.str1.1
                0x0020bb7b       0x28 obj_cc2538dk/uip-debug.o
 .rodata.str1.1
                0x0020bba3        0xd obj_cc2538dk/tcpip.o
 .rodata.linkaddr_null
                0x0020bbb0        0x8 obj_cc2538dk/linkaddr.o
                0x0020bbb0                linkaddr_null
 .rodata.str1.1
                0x0020bbb8        0x5 obj_cc2538dk/csma.o
 .rodata.str1.1
                0x0020bbbd        0xb obj_cc2538dk/contikimac.o
 .rodata.str1.1
                0x0020bbc8        0x8 obj_cc2538dk/nullsec.o
 .rodata.str1.1
                0x0020bbd0       0xb6 border-router.co
                                 0xc0 (size before relaxing)
 .rodata.str1.1
                0x0020bc86       0x90 obj_cc2538dk/slip-bridge.o
                                 0xa1 (size before relaxing)
 .rodata.http_index_html
                0x0020bd16        0xc obj_cc2538dk/httpd-simple.o
                0x0020bd16                http_index_html
 .rodata.http_header_404
                0x0020bd22       0x5d obj_cc2538dk/httpd-simple.o
                0x0020bd22                http_header_404
 .rodata.http_header_200
                0x0020bd7f       0x56 obj_cc2538dk/httpd-simple.o
                0x0020bd7f                http_header_200
 .rodata.http_content_type_html
                0x0020bdd5       0x1c obj_cc2538dk/httpd-simple.o
                0x0020bdd5                http_content_type_html
 .rodata.str1.1
                0x0020bdf1       0x68 obj_cc2538dk/httpd-simple.o
 .rodata.http_get
                0x0020be59        0x5 obj_cc2538dk/httpd-simple.o
                0x0020be59                http_get
                0x0020be5e                _etext = .

.glue_7         0x0020be60        0x0
 .glue_7        0x0020be60        0x0 linker stubs

.glue_7t        0x0020be60        0x0
 .glue_7t       0x0020be60        0x0 linker stubs

.vfp11_veneer   0x0020be60        0x0
 .vfp11_veneer  0x0020be60        0x0 linker stubs

.v4_bx          0x0020be60        0x0
 .v4_bx         0x0020be60        0x0 linker stubs

.iplt           0x0020be60        0x0
 .iplt          0x0020be60        0x0 obj_cc2538dk/startup-gcc.o

.socdata        0x20000000       0x40
 *(SORT(.udma_channel_control_table))
 .udma_channel_control_table
                0x20000000       0x40 obj_cc2538dk/udma.o

.data           0x20000040      0x1f1 load address 0x0020be60
                0x20000040                _data = .
 *(SORT(.data*))
 .data.sensors_process
                0x20000040       0x10 obj_cc2538dk/sensors.o
                0x20000040                sensors_process
 .data.sensors  0x20000050       0x24 obj_cc2538dk/smartrf-sensors.o
                0x20000050                sensors
 .data.cc2538_rf_process
                0x20000074       0x10 obj_cc2538dk/cc2538-rf.o
                0x20000074                cc2538_rf_process
 .data.slip_process
                0x20000084       0x10 obj_cc2538dk/slip.o
                0x20000084                slip_process
 .data.ctxt     0x20000094        0x8 obj_cc2538dk/dbg-printf.o
 .data.ctimer_process
                0x2000009c       0x10 obj_cc2538dk/ctimer.o
                0x2000009c                ctimer_process
 .data.etimer_process
                0x200000ac       0x10 obj_cc2538dk/etimer.o
                0x200000ac                etimer_process
 .data.serial_line_process
                0x200000bc       0x10 obj_cc2538dk/serial-line.o
                0x200000bc                serial_line_process
 .data.echo_request_handler
                0x200000cc        0xc obj_cc2538dk/uip-icmp6.o
 .data.echo_reply_handler
                0x200000d8        0xc obj_cc2538dk/uip-icmp6.o
 .data.defaultroutermemb
                0x200000e4        0xc obj_cc2538dk/uip-ds6-route.o
 .data.nbr_routes_struct
                0x200000f0       0x10 obj_cc2538dk/uip-ds6-route.o
 .data.nbr_routes
                0x20000100        0x4 obj_cc2538dk/uip-ds6-route.o
                0x20000100                nbr_routes
 .data.routememb
                0x20000104        0xc obj_cc2538dk/uip-ds6-route.o
 .data.neighborroutememb
                0x20000110        0xc obj_cc2538dk/uip-ds6-route.o
 .data.ds6_neighbors
                0x2000011c        0x4 obj_cc2538dk/uip-ds6-nbr.o
                0x2000011c                ds6_neighbors
 .data.ds6_neighbors_struct
                0x20000120       0x10 obj_cc2538dk/uip-ds6-nbr.o
 .data.tcpip_process
                0x20000130       0x10 obj_cc2538dk/tcpip.o
                0x20000130                tcpip_process
 .data.rpl_parents
                0x20000140        0x4 obj_cc2538dk/rpl-dag.o
                0x20000140                rpl_parents
 .data.rpl_parents_struct
                0x20000144       0x10 obj_cc2538dk/rpl-dag.o
 .data.rpl_mrhof
                0x20000154       0x24 obj_cc2538dk/rpl-mrhof.o
                0x20000154                rpl_mrhof
 .data.dao_ack_handler
                0x20000178        0xc obj_cc2538dk/rpl-icmp6.o
 .data.dis_handler
                0x20000184        0xc obj_cc2538dk/rpl-icmp6.o
 .data.dao_handler
                0x20000190        0xc obj_cc2538dk/rpl-icmp6.o
 .data.dio_handler
                0x2000019c        0xc obj_cc2538dk/rpl-icmp6.o
 .data.bufmem   0x200001a8        0xc obj_cc2538dk/queuebuf.o
 .data.buframmem
                0x200001b4        0xc obj_cc2538dk/queuebuf.o
 .data.neighbor_addr_mem
                0x200001c0        0xc obj_cc2538dk/nbr-table.o
 .data.link_stats_struct
                0x200001cc       0x10 obj_cc2538dk/link-stats.o
 .data.metadata_memb
                0x200001dc        0xc obj_cc2538dk/csma.o
 .data.neighbor_memb
                0x200001e8        0xc obj_cc2538dk/csma.o
 .data.packet_memb
                0x200001f4        0xc obj_cc2538dk/csma.o
 .data.border_router_process
                0x20000200       0x10 border-router.co
                0x20000200                border_router_process
 .data.webserver_nogui_process
                0x20000210       0x10 border-router.co
                0x20000210                webserver_nogui_process
 .data.conns    0x20000220        0xc obj_cc2538dk/httpd-simple.o
 .data.mac_pan_id
                0x2000022c        0x2 obj_cc2538dk/frame802154.o
 .data.send_on_cca
                0x2000022e        0x1 obj_cc2538dk/cc2538-rf.o
 .data.rf_channel
                0x2000022f        0x1 obj_cc2538dk/cc2538-rf.o
 .data.dao_sequence
                0x20000230        0x1 obj_cc2538dk/rpl-icmp6.o
                0x20000231                _edata = .
                0x0020be60                _ldata = LOADADDR (.data)

.igot.plt       0x20000234        0x0 load address 0x0020c051
 .igot.plt      0x20000234        0x0 obj_cc2538dk/startup-gcc.o

.ARM.exidx      0x0020c054        0x8
 *(SORT(.ARM.exidx*))
 .ARM.exidx     0x0020c054        0x8 /usr/lib/gcc/arm-none-eabi/4.9.3/armv7-m/libgcc.a(_divdi3.o)
 .ARM.exidx     0x0020c05c        0x0 /usr/lib/gcc/arm-none-eabi/4.9.3/armv7-m/libgcc.a(_udivdi3.o)
                                  0x8 (size before relaxing)

.bss            0x20000238     0x23f8
                0x20000238                _bss = .
 *(SORT(.bss*))
 .bss.rt_ticks_startup
                0x20000238        0x8 obj_cc2538dk/clock.o
 .bss.rt_ticks_epoch
                0x20000240        0x8 obj_cc2538dk/clock.o
 .bss.events.5194
                0x20000248        0x4 obj_cc2538dk/sensors.o
 .bss.i.5193    0x2000024c        0x4 obj_cc2538dk/sensors.o
 .bss.debouncetimer
                0x20000250        0x8 obj_cc2538dk/button-sensor.o
 .bss.next_trigger
                0x20000258        0x4 obj_cc2538dk/rtimer-arch.o
 .bss.input_handler
                0x2000025c        0x8 obj_cc2538dk/uart.o
 .bss.gpio_callbacks
                0x20000264       0x80 obj_cc2538dk/gpio.o
 .bss.ioc_sel   0x200002e4        0x4 obj_cc2538dk/ioc.o
 .bss.ioc_over  0x200002e8        0x4 obj_cc2538dk/ioc.o
 .bss.notification_process
                0x200002ec        0x4 obj_cc2538dk/crypto.o
 .bss.periph_permit_pm1_funcs
                0x200002f0       0x14 obj_cc2538dk/lpm.o
 .bss.notification_process
                0x20000304        0x4 obj_cc2538dk/pka.o
 .bss.input_callback
                0x20000308        0x4 obj_cc2538dk/slip.o
 .bss.ctimer_list_list
                0x2000030c        0x4 obj_cc2538dk/ctimer.o
 .bss.timerlist
                0x20000310        0x4 obj_cc2538dk/etimer.o
 .bss.next_expiration
                0x20000314        0x4 obj_cc2538dk/etimer.o
 .bss.process_current
                0x20000318        0x4 obj_cc2538dk/process.o
                0x20000318                process_current
 .bss.process_list
                0x2000031c        0x4 obj_cc2538dk/process.o
                0x2000031c                process_list
 .bss.events    0x20000320      0x180 obj_cc2538dk/process.o
 .bss.next_rtimer
                0x200004a0        0x4 obj_cc2538dk/rtimer.o
 .bss.rxbuf     0x200004a4        0x8 obj_cc2538dk/serial-line.o
 .bss.ptr.5178  0x200004ac        0x4 obj_cc2538dk/serial-line.o
 .bss.echo_reply_callback_list_list
                0x200004b0        0x4 obj_cc2538dk/uip-icmp6.o
 .bss.input_handler_list_list
                0x200004b4        0x4 obj_cc2538dk/uip-icmp6.o
 .bss.locmaddr  0x200004b8        0x4 obj_cc2538dk/uip-ds6.o
 .bss.locprefix
                0x200004bc        0x4 obj_cc2538dk/uip-ds6.o
 .bss.locaddr   0x200004c0        0x4 obj_cc2538dk/uip-ds6.o
 .bss.defaultroutermemb_memb_mem
                0x200004c4       0x40 obj_cc2538dk/uip-ds6-route.o
 .bss.num_routes
                0x20000504        0x4 obj_cc2538dk/uip-ds6-route.o
 .bss.defaultrouterlist_list
                0x20000508        0x4 obj_cc2538dk/uip-ds6-route.o
 .bss._nbr_routes_mem
                0x2000050c       0xa0 obj_cc2538dk/uip-ds6-route.o
 .bss.routelist_list
                0x200005ac        0x4 obj_cc2538dk/uip-ds6-route.o
 .bss.routememb_memb_mem
                0x200005b0      0x320 obj_cc2538dk/uip-ds6-route.o
 .bss.neighborroutememb_memb_mem
                0x200008d0       0xa0 obj_cc2538dk/uip-ds6-route.o
 .bss.notificationlist_list
                0x20000970        0x4 obj_cc2538dk/uip-ds6-route.o
 .bss.context   0x20000974        0x4 obj_cc2538dk/sicslowpan.o
 .bss.last_rssi
                0x20000978        0x4 obj_cc2538dk/sicslowpan.o
 .bss.hc06_ptr  0x2000097c        0x4 obj_cc2538dk/sicslowpan.o
 .bss.packetbuf_ptr
                0x20000980        0x4 obj_cc2538dk/sicslowpan.o
 .bss.packetbuf_payload_len
                0x20000984        0x4 obj_cc2538dk/sicslowpan.o
 .bss.last_tx_status
                0x20000988        0x4 obj_cc2538dk/sicslowpan.o
 .bss.callback  0x2000098c        0x4 obj_cc2538dk/sicslowpan.o
 .bss.frag_info
                0x20000990      0x170 obj_cc2538dk/sicslowpan.o
 .bss.s         0x20000b00       0x44 obj_cc2538dk/tcpip.o
 .bss.periodic  0x20000b44       0x10 obj_cc2538dk/tcpip.o
 .bss.outputfunc
                0x20000b54        0x4 obj_cc2538dk/tcpip.o
 .bss.periodic_timer
                0x20000b58       0x20 obj_cc2538dk/rpl-nbr-policy.o
 .bss.timer_init
                0x20000b78        0x4 obj_cc2538dk/rpl-nbr-policy.o
 .bss.num_children
                0x20000b7c        0x4 obj_cc2538dk/rpl-nbr-policy.o
 .bss.worst_rank_nbr
                0x20000b80        0x4 obj_cc2538dk/rpl-nbr-policy.o
 .bss.num_free  0x20000b84        0x4 obj_cc2538dk/rpl-nbr-policy.o
 .bss.num_parents
                0x20000b88        0x4 obj_cc2538dk/rpl-nbr-policy.o
 .bss._rpl_parents_mem
                0x20000b8c       0xa0 obj_cc2538dk/rpl-dag.o
 .bss.periodic_timer
                0x20000c2c       0x20 obj_cc2538dk/rpl-timers.o
 .bss.bufmem_memb_mem
                0x20000c4c       0x10 obj_cc2538dk/queuebuf.o
 .bss.nbr_table_keys_list
                0x20000c5c        0x4 obj_cc2538dk/nbr-table.o
 .bss.neighbor_addr_mem_memb_mem
                0x20000c60       0xf0 obj_cc2538dk/nbr-table.o
 .bss.all_tables
                0x20000d50       0x20 obj_cc2538dk/nbr-table.o
 .bss.num_tables
                0x20000d70        0x4 obj_cc2538dk/nbr-table.o
 .bss.packetbuf_aligned
                0x20000d74       0x80 obj_cc2538dk/packetbuf.o
 .bss._link_stats_mem
                0x20000df4       0xf0 obj_cc2538dk/link-stats.o
 .bss.received_seqnos
                0x20000ee4      0x100 obj_cc2538dk/mac-sequence.o
 .bss.metadata_memb_memb_mem
                0x20000fe4       0x30 obj_cc2538dk/csma.o
 .bss.neighbor_list_list
                0x20001014        0x4 obj_cc2538dk/csma.o
 .bss.packet_memb_memb_mem
                0x20001018       0x30 obj_cc2538dk/csma.o
 .bss.neighbor_memb_memb_mem
                0x20001048       0x70 obj_cc2538dk/csma.o
 .bss.cycle_start
                0x200010b8        0x4 obj_cc2538dk/contikimac.o
 .bss.we_are_receiving_burst
                0x200010bc        0x4 obj_cc2538dk/contikimac.o
 .bss.rt        0x200010c0        0xc obj_cc2538dk/contikimac.o
 .bss.ct.7543   0x200010cc       0x20 obj_cc2538dk/contikimac.o
 .bss.start.7468
                0x200010ec        0x4 obj_cc2538dk/contikimac.o
 .bss.nbr.8745  0x200010f0        0x4 border-router.co
 .bss.blen      0x200010f4        0x4 border-router.co
 .bss.et.8784   0x200010f8       0x10 border-router.co
 .bss.r.8744    0x20001108        0x4 border-router.co
 .bss.conns_memb_mem
                0x2000110c       0xf0 obj_cc2538dk/httpd-simple.o
 .bss.next_free
                0x200011fc        0x2 obj_cc2538dk/slip.o
 .bss.pkt_end   0x200011fe        0x2 obj_cc2538dk/slip.o
 .bss.begin     0x20001200        0x2 obj_cc2538dk/slip.o
 .bss.tmp_ipaddr
                0x20001202       0x10 obj_cc2538dk/uip-icmp6.o
 .bss.loc_fipaddr
                0x20001212       0x10 obj_cc2538dk/uip-ds6.o
 .bss.lastport  0x20001222        0x2 obj_cc2538dk/uip6.o
 .bss._ds6_neighbors_mem
                0x20001224      0x168 obj_cc2538dk/uip-ds6-nbr.o
 .bss.my_tag    0x2000138c        0x2 obj_cc2538dk/sicslowpan.o
 .bss.worst_rank
                0x2000138e        0x2 obj_cc2538dk/rpl-nbr-policy.o
 .bss.next_dis  0x20001390        0x2 obj_cc2538dk/rpl-timers.o
 .bss.buframmem_memb_mem
                0x20001392      0x2c0 obj_cc2538dk/queuebuf.o
 .bss.buflen    0x20001652        0x2 obj_cc2538dk/packetbuf.o
 .bss.bufptr    0x20001654        0x2 obj_cc2538dk/packetbuf.o
 .bss.seqno.6742
                0x20001656        0x2 obj_cc2538dk/csma.o
 .bss.pt        0x20001658        0x2 obj_cc2538dk/contikimac.o
 .bss.prefix    0x2000165a       0x10 border-router.co
 .bss.last_sender
                0x2000166a       0x10 obj_cc2538dk/slip-bridge.o
 .bss.leds      0x2000167a        0x1 obj_cc2538dk/leds.o
 .bss.num_sensors
                0x2000167b        0x1 obj_cc2538dk/sensors.o
 .bss.crc_corr  0x2000167c        0x1 obj_cc2538dk/cc2538-rf.o
 .bss.rssi      0x2000167d        0x1 obj_cc2538dk/cc2538-rf.o
 .bss.poll_mode
                0x2000167e        0x1 obj_cc2538dk/cc2538-rf.o
 .bss.rf_flags  0x2000167f        0x1 obj_cc2538dk/cc2538-rf.o
 .bss.max_pm    0x20001680        0x1 obj_cc2538dk/lpm.o
 .bss.debug_frame.5936
                0x20001681        0x1 obj_cc2538dk/dbg.o
 .bss.state     0x20001682        0x1 obj_cc2538dk/slip.o
 .bss.rxbuf     0x20001683       0x9c obj_cc2538dk/slip.o
 .bss.initialized
                0x2000171f        0x1 obj_cc2538dk/ctimer.o
 .bss.fevent    0x20001720        0x1 obj_cc2538dk/process.o
 .bss.nevents   0x20001721        0x1 obj_cc2538dk/process.o
 .bss.poll_requested
                0x20001722        0x1 obj_cc2538dk/process.o
 .bss.lastevent
                0x20001723        0x1 obj_cc2538dk/process.o
 .bss.rxbuf_data
                0x20001724       0x80 obj_cc2538dk/serial-line.o
 .bss.overflow.5171
                0x200017a4        0x1 obj_cc2538dk/serial-line.o
 .bss.buf.5177  0x200017a5       0x80 obj_cc2538dk/serial-line.o
 .bss.defaultroutermemb_memb_count
                0x20001825        0x2 obj_cc2538dk/uip-ds6-route.o
 .bss.neighborroutememb_memb_count
                0x20001827       0x14 obj_cc2538dk/uip-ds6-route.o
 .bss.routememb_memb_count
                0x2000183b       0x14 obj_cc2538dk/uip-ds6-route.o
 .bss.uip_ext_len
                0x2000184f        0x1 obj_cc2538dk/uip6.o
                0x2000184f                uip_ext_len
 .bss.uip_ext_bitmap
                0x20001850        0x1 obj_cc2538dk/uip6.o
                0x20001850                uip_ext_bitmap
 .bss.iss       0x20001851        0x4 obj_cc2538dk/uip6.o
 .bss.uip_ext_opt_offset
                0x20001855        0x1 obj_cc2538dk/uip6.o
                0x20001855                uip_ext_opt_offset
 .bss.uncomp_hdr_len
                0x20001856        0x1 obj_cc2538dk/sicslowpan.o
 .bss.addr_contexts
                0x20001857        0xa obj_cc2538dk/sicslowpan.o
 .bss.frag_buf  0x20001861      0x54c obj_cc2538dk/sicslowpan.o
 .bss.packetbuf_hdr_len
                0x20001dad        0x1 obj_cc2538dk/sicslowpan.o
 .bss.dio_send_ok
                0x20001dae        0x1 obj_cc2538dk/rpl-timers.o
 .bss.mode      0x20001daf        0x1 obj_cc2538dk/rpl.o
 .bss.buframmem_memb_count
                0x20001db0        0x4 obj_cc2538dk/queuebuf.o
 .bss.bufmem_memb_count
                0x20001db4        0x4 obj_cc2538dk/queuebuf.o
 .bss.neighbor_addr_mem_memb_count
                0x20001db8       0x14 obj_cc2538dk/nbr-table.o
 .bss.locked_map
                0x20001dcc       0x14 obj_cc2538dk/nbr-table.o
 .bss.used_map  0x20001de0       0x14 obj_cc2538dk/nbr-table.o
 .bss.hdrlen    0x20001df4        0x1 obj_cc2538dk/packetbuf.o
 .bss.initialized.6741
                0x20001df5        0x1 obj_cc2538dk/csma.o
 .bss.packet_memb_memb_count
                0x20001df6        0x4 obj_cc2538dk/csma.o
 .bss.metadata_memb_memb_count
                0x20001dfa        0x4 obj_cc2538dk/csma.o
 .bss.neighbor_memb_memb_count
                0x20001dfe        0x2 obj_cc2538dk/csma.o
 .bss.mac_dsn   0x20001e00        0x1 obj_cc2538dk/framer-802154.o
 .bss.initialized
                0x20001e01        0x1 obj_cc2538dk/framer-802154.o
 .bss.radio_is_on
                0x20001e02        0x1 obj_cc2538dk/contikimac.o
 .bss.we_are_sending
                0x20001e03        0x1 obj_cc2538dk/contikimac.o
 .bss.contikimac_keep_radio_on
                0x20001e04        0x1 obj_cc2538dk/contikimac.o
 .bss.silence_periods.7469
                0x20001e05        0x1 obj_cc2538dk/contikimac.o
 .bss.count.7463
                0x20001e06        0x1 obj_cc2538dk/contikimac.o
 .bss.packet_seen.7462
                0x20001e07        0x1 obj_cc2538dk/contikimac.o
 .bss.contikimac_is_on
                0x20001e08        0x1 obj_cc2538dk/contikimac.o
 .bss.periods.7470
                0x20001e09        0x1 obj_cc2538dk/contikimac.o
 .bss.prefix_set
                0x20001e0a        0x1 border-router.co
 .bss.buf       0x20001e0b      0x100 border-router.co
 .bss.conns_memb_count
                0x20001f0b        0x2 obj_cc2538dk/httpd-simple.o
 *(SORT(COMMON))
 *fill*         0x20001f0d        0x3 
 COMMON         0x20001f10      0x174 obj_cc2538dk/uip-ds6.o
                0x20001f10                uip_ds6_timer_ra
                0x20001f18                uip_ds6_if
                0x20002010                uip_ds6_netif_addr_list_offset
                0x20002011                uip_ds6_addr_size
                0x20002014                uip_ds6_prefix_list
                0x20002074                uip_ds6_timer_periodic
 COMMON         0x20002084      0x3f0 obj_cc2538dk/uip6.o
                0x20002084                uip_len
                0x20002088                uip_sappdata
                0x2000208c                uip_acc32
                0x20002090                uip_lladdr
                0x20002098                uip_aligned_buf
                0x20002124                uip_flags
                0x20002128                uip_next_hdr
                0x2000212c                uip_udp_conn
                0x20002130                uip_appdata
                0x20002134                uip_conn
                0x20002138                uip_conns
                0x20002318                uip_icmp6_conns
                0x20002320                uip_listenports
                0x20002330                uip_slen
                0x20002334                uip_udp_conns
 COMMON         0x20002474      0x158 obj_cc2538dk/rpl-dag.o
                0x20002474                default_instance
                0x20002478                instance_table
 COMMON         0x200025cc       0x20 obj_cc2538dk/link-stats.o
                0x200025cc                periodic_timer
 COMMON         0x200025ec       0x2e obj_cc2538dk/packetbuf.o
                0x200025ec                packetbuf_addrs
                0x200025fc                packetbuf_attrs
 COMMON         0x2000261a        0x1 obj_cc2538dk/sensors.o
                0x2000261a                sensors_event
 COMMON         0x2000261b        0x9 obj_cc2538dk/smartrf-sensors.o
                0x2000261b                sensors_flags
 COMMON         0x20002624        0x1 obj_cc2538dk/slip.o
                0x20002624                slip_active
 COMMON         0x20002625        0x1 obj_cc2538dk/serial-line.o
                0x20002625                serial_line_event_message
 COMMON         0x20002626        0x2 obj_cc2538dk/tcpip.o
                0x20002626                tcpip_event
                0x20002627                tcpip_icmp6_event
 COMMON         0x20002628        0x8 obj_cc2538dk/linkaddr.o
                0x20002628                linkaddr_node_addr
                0x20002630                _ebss = .

.stack          0x20002630      0x800
 *(SORT(.stack))
 .stack         0x20002630      0x800 obj_cc2538dk/startup-gcc.o
                0x20002e30                _heap = .
                0x20008000                _eheap = (ORIGIN (FRSRAM) + LENGTH (FRSRAM))

.nrdata         0x20000000        0x0
                0x20000000                _nrdata = .
 *(SORT(.nrdata*))
                0x20000000                _enrdata = .

.flashcca       0x0027ffd4       0x2c
 *(SORT(.flashcca))