Archive member included because of file (symbol)

contiki-sky.a(contiki-sky-pla)
                              obj_sky/contiki-sky-main.o (init_platform)
contiki-sky.a(button-sensor.o)
                              border-router.co (button_sensor)
contiki-sky.a(ds2411.o)       obj_sky/contiki-sky-main.o (ds2411_init)
contiki-sky.a(xmem.o)         obj_sky/contiki-sky-main.o (xmem_init)
contiki-sky.a(node-id.o)      obj_sky/contiki-sky-main.o (node_id_restore)
contiki-sky.a(sensors.o)      border-router.co (sensors_event)
contiki-sky.a(cc2420.o)       obj_sky/contiki-sky-main.o (cc2420_set_pan_addr)
contiki-sky.a(cc2420-arch.o)  contiki-sky.a(cc2420.o) (cc2420_arch_init)
contiki-sky.a(uart1.o)        obj_sky/contiki-sky-main.o (uart1_active)
contiki-sky.a(slip_uart1.o)   obj_sky/slip-bridge.o (slip_arch_writeb)
contiki-sky.a(slip.o)         obj_sky/slip-bridge.o (slip_process)
contiki-sky.a(msp430.o)       contiki-sky.a(uart1.o) (msp430_add_lpm_req)
contiki-sky.a(clock.o)        obj_sky/contiki-sky-main.o (clock_init)
contiki-sky.a(leds.o)         obj_sky/contiki-sky-main.o (leds_init)
contiki-sky.a(leds-arch.o)    contiki-sky.a(leds.o) (leds_arch_init)
contiki-sky.a(watchdog.o)     obj_sky/contiki-sky-main.o (watchdog_start)
contiki-sky.a(rtimer-arch.o)  obj_sky/contiki-sky-main.o (rtimer_arch_now)
contiki-sky.a(autostart.o)    obj_sky/contiki-sky-main.o (autostart_start)
contiki-sky.a(ctimer.o)       obj_sky/contiki-sky-main.o (ctimer_init)
contiki-sky.a(energest.o)     obj_sky/contiki-sky-main.o (energest_init)
contiki-sky.a(etimer.o)       contiki-sky.a(clock.o) (etimer_request_poll)
contiki-sky.a(process.o)      border-router.co (process_current)
contiki-sky.a(rtimer.o)       obj_sky/contiki-sky-main.o (rtimer_init)
contiki-sky.a(timer.o)        obj_sky/httpd-simple.o (timer_set)
contiki-sky.a(list.o)         contiki-sky.a(ctimer.o) (list_init)
contiki-sky.a(memb.o)         obj_sky/httpd-simple.o (memb_init)
contiki-sky.a(random.o)       obj_sky/contiki-sky-main.o (random_init)
contiki-sky.a(sicslowpan.o)   obj_sky/contiki-sky-main.o (sicslowpan_driver)
contiki-sky.a(uip6.o)         border-router.co (uip_aligned_buf)
contiki-sky.a(uip-ds6.o)      contiki-sky.a(uip6.o) (uip_ds6_is_addr_onlink)
contiki-sky.a(uip-ds6-nbr.o)  border-router.co (ds6_neighbors)
contiki-sky.a(uip-ds6-route.o)
                              contiki-sky.a(uip-ds6.o) (uip_ds6_route_init)
contiki-sky.a(uip-icmp6.o)    contiki-sky.a(uip6.o) (uip_icmp6_input)
contiki-sky.a(uip-nd6.o)      contiki-sky.a(uip6.o) (uip_nd6_init)
contiki-sky.a(psock.o)        border-router.co (psock_send)
contiki-sky.a(tcpip.o)        contiki-sky.a(sicslowpan.o) (tcpip_set_outputfunc)
contiki-sky.a(uip-debug.o)    border-router.co (uip_debug_ipaddr_print)
contiki-sky.a(rpl.o)          contiki-sky.a(uip-ds6-nbr.o) (rpl_link_neighbor_callback)
contiki-sky.a(rpl-dag.o)      contiki-sky.a(rpl.o) (rpl_dag_init)
contiki-sky.a(rpl-ext-header.)
                              contiki-sky.a(uip6.o) (rpl_verify_hbh_header)
contiki-sky.a(rpl-icmp6.o)    contiki-sky.a(rpl-dag.o) (rpl_icmp6_update_nbr_table)
contiki-sky.a(rpl-mrhof.o)    contiki-sky.a(rpl-dag.o) (rpl_mrhof)
contiki-sky.a(rpl-timers.o)   contiki-sky.a(rpl.o) (rpl_reset_periodic_timer)
contiki-sky.a(csma.o)         border-router.co (csma_driver)
contiki-sky.a(framer-802154.o)
                              contiki-sky.a(sicslowpan.o) (framer_802154)
contiki-sky.a(mac.o)          contiki-sky.a(csma.o) (mac_call_sent_callback)
contiki-sky.a(linkaddr.o)     obj_sky/contiki-sky-main.o (linkaddr_copy)
contiki-sky.a(nbr-table.o)    contiki-sky.a(uip-ds6-nbr.o) (nbr_table_register)
contiki-sky.a(packetbuf.o)    contiki-sky.a(framer-802154.o) (packetbuf_hdrreduce)
contiki-sky.a(queuebuf.o)     obj_sky/contiki-sky-main.o (queuebuf_init)
contiki-sky.a(contikimac.o)   obj_sky/contiki-sky-main.o (contikimac_driver)
contiki-sky.a(nullsec.o)      obj_sky/contiki-sky-main.o (nullsec_driver)
contiki-sky.a(rpl-nbr-policy.)
                              contiki-sky.a(nbr-table.o) (rpl_nbr_policy_find_removable)
contiki-sky.a(link-stats.o)   contiki-sky.a(rpl-dag.o) (link_stats_from_lladdr)
contiki-sky.a(spi.o)          contiki-sky.a(xmem.o) (spi_init)
contiki-sky.a(compower.o)     contiki-sky.a(contikimac.o) (compower_idle_activity)
contiki-sky.a(stimer.o)       contiki-sky.a(uip-ds6.o) (stimer_set)
contiki-sky.a(frame802154.o)  contiki-sky.a(framer-802154.o) (frame802154_get_pan_id)
contiki-sky.a(mac-sequence.o)
                              contiki-sky.a(contikimac.o) (mac_sequence_is_duplicate)
/usr/local/bin/../lib/gcc/msp430/4.7.2/mmpy-16/libgcc.a(_mulsi3.o)
                              contiki-sky.a(rpl-timers.o) (__mulsi3)
/usr/local/bin/../lib/gcc/msp430/4.7.2/mmpy-16/libgcc.a(_udivmod16.o)
                              contiki-sky.a(rpl-dag.o) (__udivhi3)
/usr/local/bin/../lib/gcc/msp430/4.7.2/mmpy-16/libgcc.a(_divmod16.o)
                              contiki-sky.a(sicslowpan.o) (__divhi3)
[...]
Memory Configuration

Name             Origin             Length             Attributes
sfr              0x00000000         0x00000010
peripheral_8bit  0x00000010         0x000000f0
peripheral_16bit 0x00000100         0x00000100
ram_mirror       0x00000200         0x00000800         xw
infomem          0x00001000         0x00000100
infob            0x00001000         0x00000080
infoa            0x00001080         0x00000080
ram              0x00001100         0x00002800         xw
rom              0x00004000         0x0000bfe0         xr
vectors          0x0000ffe0         0x00000020
bsl              0x00000000         0x00000000
infoc            0x00000000         0x00000000
infod            0x00000000         0x00000000
ram2             0x00000000         0x00000000         xw
usbram           0x00000000         0x00000000         xw
far_rom          0x00000000         0x00000000
*default*        0x00000000         0xffffffff

Linker script and memory map

LOAD /usr/local/bin/../lib/gcc/msp430/4.7.2/mmpy-16/crt0ivtbl16.o
LOAD border-router.co
LOAD obj_sky/slip-bridge.o
LOAD obj_sky/httpd-simple.o
LOAD obj_sky/contiki-sky-main.o
LOAD contiki-sky.a
LOAD /usr/local/bin/../lib/gcc/msp430/4.7.2/mmpy-16/libgcc.a
LOAD /usr/local/bin/../lib/gcc/msp430/4.7.2/../../../../msp430/lib/mmpy-16/libc.a
LOAD /usr/local/bin/../lib/gcc/msp430/4.7.2/mmpy-16/libgcc.a
LOAD /usr/local/bin/../lib/gcc/msp430/4.7.2/mmpy-16/libcrt0.a
                0x00000080                PROVIDE (__info_segment_size, 0x80)
                0x00001000                PROVIDE (__infob, 0x1000)
                0x00001080                PROVIDE (__infoa, 0x1080)
                0x00000000                __IE1 = 0x0
                0x00000002                __IFG1 = 0x2
                0x00000004                __ME1 = 0x4
                0x00000001                __IE2 = 0x1
                0x00000003                __IFG2 = 0x3
                0x00000005                __ME2 = 0x5
                0x00000120                __WDTCTL = 0x120
                0x00000130                __MPY = 0x130
                0x00000132                __MPYS = 0x132
                0x00000134                __MAC = 0x134
                0x00000136                __MACS = 0x136
                0x00000138                __OP2 = 0x138
                0x0000013a                __RESLO = 0x13a
                0x0000013c                __RESHI = 0x13c
                0x0000013e                __SUMEXT = 0x13e
                0x00000020                __P1IN = 0x20
                0x00000021                __P1OUT = 0x21
                0x00000022                __P1DIR = 0x22
                0x00000023                __P1IFG = 0x23
                0x00000024                __P1IES = 0x24
                0x00000025                __P1IE = 0x25
                0x00000026                __P1SEL = 0x26
                0x00000028                __P2IN = 0x28
                0x00000029                __P2OUT = 0x29
                0x0000002a                __P2DIR = 0x2a
                0x0000002b                __P2IFG = 0x2b
                0x0000002c                __P2IES = 0x2c
                0x0000002d                __P2IE = 0x2d
                0x0000002e                __P2SEL = 0x2e
                0x00000018                __P3IN = 0x18
                0x00000019                __P3OUT = 0x19
                0x0000001a                __P3DIR = 0x1a
                0x0000001b                __P3SEL = 0x1b
                0x0000001c                __P4IN = 0x1c
                0x0000001d                __P4OUT = 0x1d
                0x0000001e                __P4DIR = 0x1e
                0x0000001f                __P4SEL = 0x1f
                0x00000030                __P5IN = 0x30
                0x00000031                __P5OUT = 0x31
                0x00000032                __P5DIR = 0x32
                0x00000033                __P5SEL = 0x33
                0x00000034                __P6IN = 0x34
                0x00000035                __P6OUT = 0x35
                0x00000036                __P6DIR = 0x36
                0x00000037                __P6SEL = 0x37
                0x00000070                __U0CTL = 0x70
                0x00000071                __U0TCTL = 0x71
                0x00000072                __U0RCTL = 0x72
                0x00000073                __U0MCTL = 0x73
                0x00000074                __U0BR0 = 0x74
                0x00000075                __U0BR1 = 0x75
                0x00000076                __U0RXBUF = 0x76
                0x00000077                __U0TXBUF = 0x77
                0x00000078                __U1CTL = 0x78
                0x00000079                __U1TCTL = 0x79
                0x0000007a                __U1RCTL = 0x7a
                0x0000007b                __U1MCTL = 0x7b
                0x0000007c                __U1BR0 = 0x7c
                0x0000007d                __U1BR1 = 0x7d
                0x0000007e                __U1RXBUF = 0x7e
                0x0000007f                __U1TXBUF = 0x7f
                0x00000050                __I2CIE = 0x50
                0x00000051                __I2CIFG = 0x51
                0x00000052                __I2CNDAT = 0x52
                0x00000071                __I2CTCTL = 0x71
                0x00000072                __I2CDCTL = 0x72
                0x00000073                __I2CPSC = 0x73
                0x00000074                __I2CSCLH = 0x74
                0x00000075                __I2CSCLL = 0x75
                0x00000076                __I2CDRB = 0x76
                0x00000076                __I2CDRW = 0x76
                0x00000118                __I2COA = 0x118
                0x0000011a                __I2CSA = 0x11a
                0x0000011c                __I2CIV = 0x11c
                0x0000012e                __TAIV = 0x12e
                0x00000160                __TACTL = 0x160
                0x00000162                __TACCTL0 = 0x162
                0x00000164                __TACCTL1 = 0x164
                0x00000166                __TACCTL2 = 0x166
                0x00000170                __TAR = 0x170
                0x00000172                __TACCR0 = 0x172
                0x00000174                __TACCR1 = 0x174
                0x00000176                __TACCR2 = 0x176
                0x0000011e                __TBIV = 0x11e
                0x00000180                __TBCTL = 0x180
                0x00000182                __TBCCTL0 = 0x182
                0x00000184                __TBCCTL1 = 0x184
                0x00000186                __TBCCTL2 = 0x186
                0x00000188                __TBCCTL3 = 0x188
                0x0000018a                __TBCCTL4 = 0x18a
                0x0000018c                __TBCCTL5 = 0x18c
                0x0000018e                __TBCCTL6 = 0x18e
                0x00000190                __TBR = 0x190
                0x00000192                __TBCCR0 = 0x192
                0x00000194                __TBCCR1 = 0x194
                0x00000196                __TBCCR2 = 0x196
                0x00000198                __TBCCR3 = 0x198
                0x0000019a                __TBCCR4 = 0x19a
                0x0000019c                __TBCCR5 = 0x19c
                0x0000019e                __TBCCR6 = 0x19e
                0x00000056                __DCOCTL = 0x56
                0x00000057                __BCSCTL1 = 0x57
                0x00000058                __BCSCTL2 = 0x58
                0x00000055                __SVSCTL = 0x55
                0x00000128                __FCTL1 = 0x128
                0x0000012a                __FCTL2 = 0x12a
                0x0000012c                __FCTL3 = 0x12c
                0x00000059                __CACTL1 = 0x59
                0x0000005a                __CACTL2 = 0x5a
                0x0000005b                __CAPD = 0x5b
                0x000001a0                __ADC12CTL0 = 0x1a0
                0x000001a2                __ADC12CTL1 = 0x1a2
                0x000001a4                __ADC12IFG = 0x1a4
                0x000001a6                __ADC12IE = 0x1a6
                0x000001a8                __ADC12IV = 0x1a8
                0x00000140                __ADC12MEM0 = 0x140
                0x00000142                __ADC12MEM1 = 0x142
                0x00000144                __ADC12MEM2 = 0x144
                0x00000146                __ADC12MEM3 = 0x146
                0x00000148                __ADC12MEM4 = 0x148
                0x0000014a                __ADC12MEM5 = 0x14a
                0x0000014c                __ADC12MEM6 = 0x14c
                0x0000014e                __ADC12MEM7 = 0x14e
                0x00000150                __ADC12MEM8 = 0x150
                0x00000152                __ADC12MEM9 = 0x152
                0x00000154                __ADC12MEM10 = 0x154
                0x00000156                __ADC12MEM11 = 0x156
                0x00000158                __ADC12MEM12 = 0x158
                0x0000015a                __ADC12MEM13 = 0x15a
                0x0000015c                __ADC12MEM14 = 0x15c
                0x0000015e                __ADC12MEM15 = 0x15e
                0x00000080                __ADC12MCTL0 = 0x80
                0x00000081                __ADC12MCTL1 = 0x81
                0x00000082                __ADC12MCTL2 = 0x82
                0x00000083                __ADC12MCTL3 = 0x83
                0x00000084                __ADC12MCTL4 = 0x84
                0x00000085                __ADC12MCTL5 = 0x85
                0x00000086                __ADC12MCTL6 = 0x86
                0x00000087                __ADC12MCTL7 = 0x87
                0x00000088                __ADC12MCTL8 = 0x88
                0x00000089                __ADC12MCTL9 = 0x89
                0x0000008a                __ADC12MCTL10 = 0x8a
                0x0000008b                __ADC12MCTL11 = 0x8b
                0x0000008c                __ADC12MCTL12 = 0x8c
                0x0000008d                __ADC12MCTL13 = 0x8d
                0x0000008e                __ADC12MCTL14 = 0x8e
                0x0000008f                __ADC12MCTL15 = 0x8f
                0x000001c0                __DAC12_0CTL = 0x1c0
                0x000001c2                __DAC12_1CTL = 0x1c2
                0x000001c8                __DAC12_0DAT = 0x1c8
                0x000001ca                __DAC12_1DAT = 0x1ca
                0x00000122                __DMACTL0 = 0x122
                0x00000124                __DMACTL1 = 0x124
                0x000001e0                __DMA0CTL = 0x1e0
                0x000001e8                __DMA1CTL = 0x1e8
                0x000001f0                __DMA2CTL = 0x1f0
                0x000001e2                __DMA0SA = 0x1e2
                0x000001e4                __DMA0DA = 0x1e4
                0x000001e6                __DMA0SZ = 0x1e6
                0x000001ea                __DMA1SA = 0x1ea
                0x000001ec                __DMA1DA = 0x1ec
                0x000001ee                __DMA1SZ = 0x1ee
                0x000001f2                __DMA2SA = 0x1f2
                0x000001f4                __DMA2DA = 0x1f4
                0x000001f6                __DMA2SZ = 0x1f6

.hash
 *(.hash)

.dynsym
 *(.dynsym)

.dynstr
 *(.dynstr)

.gnu.version
 *(.gnu.version)

.gnu.version_d
 *(.gnu.version_d)

.gnu.version_r
 *(.gnu.version_r)

.rel.init
 *(.rel.init)

.rela.init
 *(.rela.init)

.rel.fini
 *(.rel.fini)

.rela.fini
 *(.rela.fini)

.rel.text
 *(.rel.text .rel.text.* .rel.gnu.linkonce.t.*)

.rela.text
 *(.rela.text .rela.text.* .rela.gnu.linkonce.t.*)

.rel.rodata
 *(.rel.rodata .rel.rodata.* .rel.gnu.linkonce.r.*)

.rela.rodata
 *(.rela.rodata .rela.rodata.* .rela.gnu.linkonce.r.*)

.rel.data
 *(.rel.data .rel.data.* .rel.gnu.linkonce.d.*)

.rela.data
 *(.rela.data .rela.data.* .rela.gnu.linkonce.d.*)

.rel.bss
 *(.rel.bss .rel.bss.* .rel.gnu.linkonce.b.*)

.rela.bss
 *(.rela.bss .rela.bss.* .rela.gnu.linkonce.b.*)

.rel.ctors
 *(.rel.ctors)

.rela.ctors
 *(.rela.ctors)

.rel.dtors
 *(.rel.dtors)

.rela.dtors
 *(.rela.dtors)

.rel.got
 *(.rel.got)

.rela.got
 *(.rela.got)

.rel.plt
 *(.rel.plt)

.rela.plt
 *(.rela.plt)

.text           0x00004000     0xbff0
                0x00004000                . = ALIGN (0x2)
 *(.init .init.*)
 *(.init0)
 .init0         0x00004000        0x0 /usr/local/bin/../lib/gcc/msp430/4.7.2/mmpy-16/libcrt0.a(_reset_vector__.o)
                0x00004000                _reset_vector__
 *(.init1)
 .init1         0x00004000        0xc /usr/local/bin/../lib/gcc/msp430/4.7.2/mmpy-16/libcrt0.a(__watchdog_support.o)
                0x00004000                __watchdog_support
 *(.init2)
 .init2         0x0000400c        0x4 /usr/local/bin/../lib/gcc/msp430/4.7.2/mmpy-16/libcrt0.a(__init_stack.o)
                0x0000400c                __init_stack
 *(.init3)
 .init3         0x00004010        0x0 /usr/local/bin/../lib/gcc/msp430/4.7.2/mmpy-16/libcrt0.a(__low_level_init.o)
                0x00004010                __low_level_init
 *(.init4)
 .init4         0x00004010       0x18 /usr/local/bin/../lib/gcc/msp430/4.7.2/mmpy-16/libcrt0.a(_copy_data.o)
                0x00004010                __do_copy_data
 .init4         0x00004028       0x16 /usr/local/bin/../lib/gcc/msp430/4.7.2/mmpy-16/libcrt0.a(_clear_bss.o)
                0x00004028                __do_clear_bss
 *(.init5)
 *(.init6)
 *(.init7)
 *(.init8)
 *(.init9)
 .init9         0x0000403e      0x33e obj_sky/contiki-sky-main.o
                0x0000403e                main
 *(.fini9)
 .fini9         0x0000437c        0x0 /usr/local/bin/../lib/gcc/msp430/4.7.2/mmpy-16/libcrt0.a(__stop_progExec__.o)
                0x0000437c                __stop_progExec__
 *(.fini8)
 *(.fini7)
 *(.fini6)
 *(.fini5)
 *(.fini4)
 *(.fini3)
 *(.fini2)
 *(.fini1)
 *(.fini0)
 .fini0         0x0000437c        0x6 /usr/local/bin/../lib/gcc/msp430/4.7.2/mmpy-16/libcrt0.a(_endless_loop__.o)
                0x0000437c                _endless_loop__
 *(.fini .fini.*)
                0x00004382                . = ALIGN (0x2)
                0x00004382                __ctors_start = .
 *(.ctors)
                0x00004382                __ctors_end = .
                0x00004382                __dtors_start = .
 *(.dtors)
                0x00004382                __dtors_end = .
                0x00004382                . = ALIGN (0x2)
 *(.text .text.* .gnu.linkonce.t.*)
 .text          0x00004382        0x4 /usr/local/bin/../lib/gcc/msp430/4.7.2/mmpy-16/crt0ivtbl16.o
                0x00004382                __isr_14
                0x00004382                __isr_11
                0x00004382                __isr_2
                0x00004382                __isr_7
                0x00004382                __isr_0
                0x00004382                __isr_8
                0x00004382                __isr_3
                0x00004382                __isr_12
                0x00004382                __isr_13
                0x00004382                __isr_9
 .text.process_thread_webserver_nogui_process
                0x00004386       0x40 border-router.co
 .text.ipaddr_add
                0x000043c6       0xc6 border-router.co
 .text.generate_routes
                0x0000448c      0x290 border-router.co
 .text.httpd_simple_get_script
                0x0000471c        0x6 border-router.co
                0x0000471c                httpd_simple_get_script
 .text.request_prefix
                0x00004722       0x1e border-router.co
                0x00004722                request_prefix
 .text.process_thread_border_router_process
                0x00004740      0x120 border-router.co
 .text.set_prefix_64
                0x00004860       0x5e border-router.co
                0x00004860                set_prefix_64
 .text.init     0x000048be       0x1e obj_sky/slip-bridge.o
 .text.slip_input_callback
                0x000048dc       0xe0 obj_sky/slip-bridge.o
 .text.output   0x000049bc       0x48 obj_sky/slip-bridge.o
 .text.putchar  0x00004a04       0x3c obj_sky/slip-bridge.o
                0x00004a04                putchar
 .text.handle_input
                0x00004a40       0xf2 obj_sky/httpd-simple.o
 .text.send_headers
                0x00004b32       0x6a obj_sky/httpd-simple.o
 .text.handle_output
                0x00004b9c       0xf4 obj_sky/httpd-simple.o
 .text.httpd_appcall
                0x00004c90       0xd0 obj_sky/httpd-simple.o
                0x00004c90                httpd_appcall
 .text.httpd_init
                0x00004d60       0x12 obj_sky/httpd-simple.o
                0x00004d60                httpd_init
 .text.init_platform
                0x00004d72        0xc contiki-sky.a(contiki-sky-pla)
                0x00004d72                init_platform
 .text.status   0x00004d7e       0x18 contiki-sky.a(button-sensor.o)
 .text.value    0x00004d96       0x20 contiki-sky.a(button-sensor.o)
 .text.configure
                0x00004db6       0x4c contiki-sky.a(button-sensor.o)
 .text.irq_p2   0x00004e02       0x88 contiki-sky.a(button-sensor.o)
                0x00004e02                irq_p2
                0x00004e02                __isr_1
 .text.owreadb  0x00004e8a       0x50 contiki-sky.a(ds2411.o)
 .text.ds2411_init
                0x00004eda      0x120 contiki-sky.a(ds2411.o)
                0x00004eda                ds2411_init
 .text.wait_ready
                0x00004ffa       0x4a contiki-sky.a(xmem.o)
 .text.xmem_init
                0x00005044       0x3c contiki-sky.a(xmem.o)
                0x00005044                xmem_init
 .text.xmem_pread
                0x00005080       0xda contiki-sky.a(xmem.o)
                0x00005080                xmem_pread
 .text.node_id_restore
                0x0000515a       0x38 contiki-sky.a(node-id.o)
                0x0000515a                node_id_restore
 .text.process_thread_sensors_process
                0x00005192       0xc2 contiki-sky.a(sensors.o)
 .text.sensors_changed
                0x00005254       0x2a contiki-sky.a(sensors.o)
                0x00005254                sensors_changed
 .text.get_object
                0x0000527e        0x4 contiki-sky.a(cc2420.o)
 .text.set_object
                0x00005282        0x4 contiki-sky.a(cc2420.o)
 .text.strobe   0x00005286       0x1c contiki-sky.a(cc2420.o)
 .text.getreg   0x000052a2       0x4c contiki-sky.a(cc2420.o)
 .text.setreg   0x000052ee       0x4c contiki-sky.a(cc2420.o)
 .text.write_ram
                0x0000533a       0x7c contiki-sky.a(cc2420.o)
 .text.write_fifo_buf
                0x000053b6       0x3c contiki-sky.a(cc2420.o)
 .text.get_status
                0x000053f2       0x20 contiki-sky.a(cc2420.o)
 .text.set_txpower
                0x00005412       0x24 contiki-sky.a(cc2420.o)
 .text.cc2420_receiving_packet
                0x00005436        0xc contiki-sky.a(cc2420.o)
 .text.pending_packet
                0x00005442        0x8 contiki-sky.a(cc2420.o)
 .text.on       0x0000544a       0x26 contiki-sky.a(cc2420.o)
 .text.wait_for_transmission
                0x00005470       0x22 contiki-sky.a(cc2420.o)
 .text.wait_for_status
                0x00005492       0x28 contiki-sky.a(cc2420.o)
 .text.getrxdata
                0x000054ba       0x50 contiki-sky.a(cc2420.o)
 .text.flushrx  0x0000550a       0x1a contiki-sky.a(cc2420.o)
 .text.off      0x00005524       0x5e contiki-sky.a(cc2420.o)
 .text.RELEASE_LOCK
                0x00005582       0x28 contiki-sky.a(cc2420.o)
 .text.set_key  0x000055aa       0x18 contiki-sky.a(cc2420.o)
 .text.set_frame_filtering
                0x000055c2       0x30 contiki-sky.a(cc2420.o)
 .text.set_auto_ack
                0x000055f2       0x30 contiki-sky.a(cc2420.o)
 .text.set_poll_mode
                0x00005622       0x2c contiki-sky.a(cc2420.o)
 .text.cc2420_prepare
                0x0000564e       0x3c contiki-sky.a(cc2420.o)
 .text.cc2420_on
                0x0000568a       0x22 contiki-sky.a(cc2420.o)
                0x0000568a                cc2420_on
 .text.cc2420_off
                0x000056ac       0x30 contiki-sky.a(cc2420.o)
                0x000056ac                cc2420_off
 .text.cc2420_cca
                0x000056dc       0x68 contiki-sky.a(cc2420.o)
 .text.cc2420_read
                0x00005744       0xbc contiki-sky.a(cc2420.o)
 .text.process_thread_cc2420_process
                0x00005800       0x5c contiki-sky.a(cc2420.o)
 .text.encrypt  0x0000585c       0x88 contiki-sky.a(cc2420.o)
 .text.cc2420_set_channel
                0x000058e4       0x3c contiki-sky.a(cc2420.o)
                0x000058e4                cc2420_set_channel
 .text.cc2420_set_pan_addr
                0x00005920       0x4c contiki-sky.a(cc2420.o)
                0x00005920                cc2420_set_pan_addr
 .text.cc2420_interrupt
                0x0000596c       0x16 contiki-sky.a(cc2420.o)
                0x0000596c                cc2420_interrupt
 .text.cc2420_set_txpower
                0x00005982        0xe contiki-sky.a(cc2420.o)
                0x00005982                cc2420_set_txpower
 .text.cc2420_get_txpower
                0x00005990       0x1e contiki-sky.a(cc2420.o)
                0x00005990                cc2420_get_txpower
 .text.cc2420_transmit
                0x000059ae      0x116 contiki-sky.a(cc2420.o)
 .text.cc2420_send
                0x00005ac4       0x12 contiki-sky.a(cc2420.o)
 .text.cc2420_rssi
                0x00005ad6       0x4c contiki-sky.a(cc2420.o)
                0x00005ad6                cc2420_rssi
 .text.get_value
                0x00005b22      0x104 contiki-sky.a(cc2420.o)
 .text.cc2420_set_cca_threshold
                0x00005c26       0x16 contiki-sky.a(cc2420.o)
                0x00005c26                cc2420_set_cca_threshold
 .text.set_value
                0x00005c3c       0xb8 contiki-sky.a(cc2420.o)
 .text.cc2420_init
                0x00005cf4       0xea contiki-sky.a(cc2420.o)
                0x00005cf4                cc2420_init
 .text.cc2420_port1_interrupt
                0x00005dde       0x62 contiki-sky.a(cc2420-arch.o)
                0x00005dde                __isr_4
                0x00005dde                cc2420_port1_interrupt
 .text.cc2420_arch_init
                0x00005e40       0x1a contiki-sky.a(cc2420-arch.o)
                0x00005e40                cc2420_arch_init
 .text.handle_rxdma_timer
                0x00005e5a       0x3a contiki-sky.a(uart1.o)
 .text.uart1_active
                0x00005e94       0x18 contiki-sky.a(uart1.o)
                0x00005e94                uart1_active
 .text.uart1_set_input
                0x00005eac       0x20 contiki-sky.a(uart1.o)
                0x00005eac                uart1_set_input
 .text.uart1_writeb
                0x00005ecc       0x18 contiki-sky.a(uart1.o)
                0x00005ecc                uart1_writeb
 .text.uart1_init
                0x00005ee4       0xf4 contiki-sky.a(uart1.o)
                0x00005ee4                uart1_init
 .text.slip_arch_writeb
                0x00005fd8        0x6 contiki-sky.a(slip_uart1.o)
                0x00005fd8                slip_arch_writeb
 .text.slip_arch_init
                0x00005fde        0xa contiki-sky.a(slip_uart1.o)
                0x00005fde                slip_arch_init
 .text.process_thread_slip_process
                0x00005fe8      0x220 contiki-sky.a(slip.o)
 .text.slip_set_input_callback
                0x00006208        0x6 contiki-sky.a(slip.o)
                0x00006208                slip_set_input_callback
 .text.slip_send
                0x0000620e       0x5e contiki-sky.a(slip.o)
                0x0000620e                slip_send
 .text.slip_input_byte
                0x0000626c       0xa6 contiki-sky.a(slip.o)
                0x0000626c                slip_input_byte
 .text.msp430_init_dco
                0x00006312       0x82 contiki-sky.a(msp430.o)
                0x00006312                msp430_init_dco
 .text.msp430_add_lpm_req
                0x00006394        0xc contiki-sky.a(msp430.o)
                0x00006394                msp430_add_lpm_req
 .text.msp430_cpu_init
                0x000063a0       0x2a contiki-sky.a(msp430.o)
                0x000063a0                msp430_cpu_init
 .text.splhigh_
                0x000063ca        0x8 contiki-sky.a(msp430.o)
                0x000063ca                splhigh_
 .text.msp430_sync_dco
                0x000063d2       0x6c contiki-sky.a(msp430.o)
                0x000063d2                msp430_sync_dco
 .text.timera1  0x0000643e      0x11e contiki-sky.a(clock.o)
                0x0000643e                __isr_5
                0x0000643e                timera1
 .text.clock_time
                0x0000655c       0x1a contiki-sky.a(clock.o)
                0x0000655c                clock_time
 .text.clock_init
                0x00006576       0x28 contiki-sky.a(clock.o)
                0x00006576                clock_init
 .text.clock_delay
                0x0000659e        0xc contiki-sky.a(clock.o)
                0x0000659e                clock_delay
 .text.clock_seconds
                0x000065aa       0x1a contiki-sky.a(clock.o)
                0x000065aa                clock_seconds
 .text.show_leds
                0x000065c4       0xf0 contiki-sky.a(leds.o)
 .text.leds_init
                0x000066b4        0xa contiki-sky.a(leds.o)
                0x000066b4                leds_init
 .text.leds_on  0x000066be        0xa contiki-sky.a(leds.o)
                0x000066be                leds_on
 .text.leds_off
                0x000066c8        0xe contiki-sky.a(leds.o)
                0x000066c8                leds_off
 .text.leds_arch_init
                0x000066d6        0xe contiki-sky.a(leds-arch.o)
                0x000066d6                leds_arch_init
 .text.leds_arch_set
                0x000066e4       0x38 contiki-sky.a(leds-arch.o)
                0x000066e4                leds_arch_set
 .text.watchdog_interrupt
                0x0000671c        0x6 contiki-sky.a(watchdog.o)
                0x0000671c                __isr_10
                0x0000671c                watchdog_interrupt
 .text.watchdog_start
                0x00006722       0x14 contiki-sky.a(watchdog.o)
                0x00006722                watchdog_start
 .text.watchdog_periodic
                0x00006736       0x12 contiki-sky.a(watchdog.o)
                0x00006736                watchdog_periodic
 .text.watchdog_stop
                0x00006748       0x16 contiki-sky.a(watchdog.o)
                0x00006748                watchdog_stop
 .text.watchdog_init
                0x0000675e       0x12 contiki-sky.a(watchdog.o)
                0x0000675e                watchdog_init
 .text.rtimer_arch_init
                0x00006770        0xe contiki-sky.a(rtimer-arch.o)
                0x00006770                rtimer_arch_init
 .text.rtimer_arch_now
                0x0000677e        0xe contiki-sky.a(rtimer-arch.o)
                0x0000677e                rtimer_arch_now
 .text.timera0  0x0000678c       0x70 contiki-sky.a(rtimer-arch.o)
                0x0000678c                __isr_6
                0x0000678c                timera0
 .text.rtimer_arch_schedule
                0x000067fc        0x6 contiki-sky.a(rtimer-arch.o)
                0x000067fc                rtimer_arch_schedule
 .text.autostart_start
                0x00006802       0x16 contiki-sky.a(autostart.o)
                0x00006802                autostart_start
 .text.process_thread_ctimer_process
                0x00006818       0xa8 contiki-sky.a(ctimer.o)
 .text.ctimer_init
                0x000068c0       0x18 contiki-sky.a(ctimer.o)
                0x000068c0                ctimer_init
 .text.ctimer_set_with_process
                0x000068d8       0x4e contiki-sky.a(ctimer.o)
                0x000068d8                ctimer_set_with_process
 .text.ctimer_set
                0x00006926       0x10 contiki-sky.a(ctimer.o)
                0x00006926                ctimer_set
 .text.ctimer_reset
                0x00006936       0x30 contiki-sky.a(ctimer.o)
                0x00006936                ctimer_reset
 .text.ctimer_restart
                0x00006966       0x30 contiki-sky.a(ctimer.o)
                0x00006966                ctimer_restart
 .text.ctimer_stop
                0x00006996       0x28 contiki-sky.a(ctimer.o)
                0x00006996                ctimer_stop
 .text.energest_init
                0x000069be       0x26 contiki-sky.a(energest.o)
                0x000069be                energest_init
 .text.energest_type_time
                0x000069e4       0x48 contiki-sky.a(energest.o)
                0x000069e4                energest_type_time
 .text.energest_type_set
                0x00006a2c        0xe contiki-sky.a(energest.o)
                0x00006a2c                energest_type_set
 .text.energest_flush
                0x00006a3a       0x48 contiki-sky.a(energest.o)
                0x00006a3a                energest_flush
 .text.update_time
                0x00006a82       0x78 contiki-sky.a(etimer.o)
 .text.etimer_request_poll
                0x00006afa        0xa contiki-sky.a(etimer.o)
                0x00006afa                etimer_request_poll
 .text.process_thread_etimer_process
                0x00006b04       0xcc contiki-sky.a(etimer.o)
 .text.add_timer
                0x00006bd0       0x40 contiki-sky.a(etimer.o)
 .text.etimer_set
                0x00006c10       0x12 contiki-sky.a(etimer.o)
                0x00006c10                etimer_set
 .text.etimer_reset
                0x00006c22       0x12 contiki-sky.a(etimer.o)
                0x00006c22                etimer_reset
 .text.etimer_restart
                0x00006c34       0x12 contiki-sky.a(etimer.o)
                0x00006c34                etimer_restart
 .text.etimer_expired
                0x00006c46        0xe contiki-sky.a(etimer.o)
                0x00006c46                etimer_expired
 .text.etimer_expiration_time
                0x00006c54       0x14 contiki-sky.a(etimer.o)
                0x00006c54                etimer_expiration_time
 .text.etimer_pending
                0x00006c68        0xc contiki-sky.a(etimer.o)
                0x00006c68                etimer_pending
 .text.etimer_next_expiration_time
                0x00006c74       0x16 contiki-sky.a(etimer.o)
                0x00006c74                etimer_next_expiration_time
 .text.etimer_stop
                0x00006c8a       0x3e contiki-sky.a(etimer.o)
                0x00006c8a                etimer_stop
 .text.call_process
                0x00006cc8       0x46 contiki-sky.a(process.o)
 .text.exit_process
                0x00006d0e       0x96 contiki-sky.a(process.o)
 .text.do_poll  0x00006da4       0x30 contiki-sky.a(process.o)
 .text.process_alloc_event
                0x00006dd4        0xe contiki-sky.a(process.o)
                0x00006dd4                process_alloc_event
 .text.process_init
                0x00006de2       0x1c contiki-sky.a(process.o)
                0x00006de2                process_init
 .text.process_run
                0x00006dfe       0x92 contiki-sky.a(process.o)
                0x00006dfe                process_run
 .text.process_nevents
                0x00006e90        0xe contiki-sky.a(process.o)
                0x00006e90                process_nevents
 .text.process_post
                0x00006e9e       0x4e contiki-sky.a(process.o)
                0x00006e9e                process_post
 .text.process_post_synch
                0x00006eec       0x12 contiki-sky.a(process.o)
                0x00006eec                process_post_synch
 .text.process_start
                0x00006efe       0x36 contiki-sky.a(process.o)
                0x00006efe                process_start
 .text.process_poll
                0x00006f34       0x18 contiki-sky.a(process.o)
                0x00006f34                process_poll
 .text.rtimer_init
                0x00006f4c        0x6 contiki-sky.a(rtimer.o)
                0x00006f4c                rtimer_init
 .text.rtimer_set
                0x00006f52       0x24 contiki-sky.a(rtimer.o)
                0x00006f52                rtimer_set
 .text.rtimer_run_next
                0x00006f76       0x26 contiki-sky.a(rtimer.o)
                0x00006f76                rtimer_run_next
 .text.timer_set
                0x00006f9c       0x1c contiki-sky.a(timer.o)
                0x00006f9c                timer_set
 .text.timer_reset
                0x00006fb8        0xe contiki-sky.a(timer.o)
                0x00006fb8                timer_reset
 .text.timer_restart
                0x00006fc6       0x14 contiki-sky.a(timer.o)
                0x00006fc6                timer_restart
 .text.timer_expired
                0x00006fda       0x2a contiki-sky.a(timer.o)
                0x00006fda                timer_expired
 .text.list_init
                0x00007004        0x6 contiki-sky.a(list.o)
                0x00007004                list_init
 .text.list_head
                0x0000700a        0x4 contiki-sky.a(list.o)
                0x0000700a                list_head
 .text.list_tail
                0x0000700e       0x12 contiki-sky.a(list.o)
                0x0000700e                list_tail
 .text.list_remove
                0x00007020       0x34 contiki-sky.a(list.o)
                0x00007020                list_remove
 .text.list_push
                0x00007054       0x1a contiki-sky.a(list.o)
                0x00007054                list_push
 .text.list_add
                0x0000706e       0x2a contiki-sky.a(list.o)
                0x0000706e                list_add
 .text.list_length
                0x00007098       0x10 contiki-sky.a(list.o)
                0x00007098                list_length
 .text.list_item_next
                0x000070a8        0xc contiki-sky.a(list.o)
                0x000070a8                list_item_next
 .text.memb_init
                0x000070b4       0x36 contiki-sky.a(memb.o)
                0x000070b4                memb_init
 .text.memb_alloc
                0x000070ea       0x3e contiki-sky.a(memb.o)
                0x000070ea                memb_alloc
 .text.memb_free
                0x00007128       0x3a contiki-sky.a(memb.o)
                0x00007128                memb_free
 .text.memb_inmemb
                0x00007162       0x2a contiki-sky.a(memb.o)
                0x00007162                memb_inmemb
 .text.memb_numfree
                0x0000718c       0x26 contiki-sky.a(memb.o)
                0x0000718c                memb_numfree
 .text.random_init
                0x000071b2        0x6 contiki-sky.a(random.o)
                0x000071b2                random_init
 .text.random_rand
                0x000071b8        0x6 contiki-sky.a(random.o)
                0x000071b8                random_rand
 .text.clear_fragments
                0x000071be       0x40 contiki-sky.a(sicslowpan.o)
 .text.set_packet_attrs
                0x000071fe       0x46 contiki-sky.a(sicslowpan.o)
 .text.addr_context_lookup_by_number
                0x00007244       0x32 contiki-sky.a(sicslowpan.o)
 .text.compress_addr_64
                0x00007276       0xae contiki-sky.a(sicslowpan.o)
 .text.store_fragment
                0x00007324       0xc8 contiki-sky.a(sicslowpan.o)
 .text.uncompress_addr
                0x000073ec       0xb4 contiki-sky.a(sicslowpan.o)
 .text.sicslowpan_init
                0x000074a0       0x24 contiki-sky.a(sicslowpan.o)
                0x000074a0                sicslowpan_init
 .text.addr_context_lookup_by_prefix
                0x000074c4       0x4c contiki-sky.a(sicslowpan.o)
 .text.packet_sent
                0x00007510       0x22 contiki-sky.a(sicslowpan.o)
 .text.add_fragment
                0x00007532      0x1ec contiki-sky.a(sicslowpan.o)
 .text.input    0x0000771e      0x6dc contiki-sky.a(sicslowpan.o)
 .text.send_packet
                0x00007dfa       0x1a contiki-sky.a(sicslowpan.o)
 .text.output   0x00007e14      0x6bc contiki-sky.a(sicslowpan.o)
 .text.chksum   0x000084d0       0x32 contiki-sky.a(uip6.o)
 .text.upper_layer_chksum
                0x00008502       0x56 contiki-sky.a(uip6.o)
 .text.ext_hdr_options_process
                0x00008558       0xd0 contiki-sky.a(uip6.o)
 .text.uip_add32
                0x00008628       0x68 contiki-sky.a(uip6.o)
                0x00008628                uip_add32
 .text.uip_add_rcv_nxt
                0x00008690       0x2e contiki-sky.a(uip6.o)
 .text.uip_icmp6chksum
                0x000086be        0xa contiki-sky.a(uip6.o)
                0x000086be                uip_icmp6chksum
 .text.uip_tcpchksum
                0x000086c8        0xa contiki-sky.a(uip6.o)
                0x000086c8                uip_tcpchksum
 .text.uip_udpchksum
                0x000086d2        0xa contiki-sky.a(uip6.o)
                0x000086d2                uip_udpchksum
 .text.uip_init
                0x000086dc       0x56 contiki-sky.a(uip6.o)
                0x000086dc                uip_init
 .text.remove_ext_hdr
                0x00008732       0x54 contiki-sky.a(uip6.o)
                0x00008732                remove_ext_hdr
 .text.uip_unlisten
                0x00008786       0x1a contiki-sky.a(uip6.o)
                0x00008786                uip_unlisten
 .text.uip_listen
                0x000087a0       0x1a contiki-sky.a(uip6.o)
                0x000087a0                uip_listen
 .text.uip_process
                0x000087ba      0xe08 contiki-sky.a(uip6.o)
                0x000087ba                uip_process
 .text.uip_htonl
                0x000095c2       0x2e contiki-sky.a(uip6.o)
                0x000095c2                uip_htonl
 .text.uip_send
                0x000095f0       0x48 contiki-sky.a(uip6.o)
                0x000095f0                uip_send
 .text.uip_ds6_list_loop
                0x00009638       0x86 contiki-sky.a(uip-ds6.o)
                0x00009638                uip_ds6_list_loop
 .text.uip_ds6_prefix_add
                0x000096be       0x80 contiki-sky.a(uip-ds6.o)
                0x000096be                uip_ds6_prefix_add
 .text.uip_ds6_is_addr_onlink
                0x0000973e       0x54 contiki-sky.a(uip-ds6.o)
                0x0000973e                uip_ds6_is_addr_onlink
 .text.uip_ds6_addr_lookup
                0x00009792       0x2a contiki-sky.a(uip-ds6.o)
                0x00009792                uip_ds6_addr_lookup
 .text.uip_ds6_get_link_local
                0x000097bc       0x3e contiki-sky.a(uip-ds6.o)
                0x000097bc                uip_ds6_get_link_local
 .text.uip_ds6_maddr_add
                0x000097fa       0x4c contiki-sky.a(uip-ds6.o)
                0x000097fa                uip_ds6_maddr_add
 .text.uip_ds6_addr_add
                0x00009846       0xc4 contiki-sky.a(uip-ds6.o)
                0x00009846                uip_ds6_addr_add
 .text.uip_ds6_maddr_rm
                0x0000990a        0xa contiki-sky.a(uip-ds6.o)
                0x0000990a                uip_ds6_maddr_rm
 .text.uip_ds6_maddr_lookup
                0x00009914       0x2a contiki-sky.a(uip-ds6.o)
                0x00009914                uip_ds6_maddr_lookup
 .text.uip_ds6_addr_rm
                0x0000993e       0x54 contiki-sky.a(uip-ds6.o)
                0x0000993e                uip_ds6_addr_rm
 .text.uip_ds6_periodic
                0x00009992       0x46 contiki-sky.a(uip-ds6.o)
                0x00009992                uip_ds6_periodic
 .text.uip_ds6_set_addr_iid
                0x000099d8       0x14 contiki-sky.a(uip-ds6.o)
                0x000099d8                uip_ds6_set_addr_iid
 .text.get_match_length
                0x000099ec       0x44 contiki-sky.a(uip-ds6.o)
                0x000099ec                get_match_length
 .text.uip_ds6_select_src
                0x00009a30       0xaa contiki-sky.a(uip-ds6.o)
                0x00009a30                uip_ds6_select_src
 .text.uip_ds6_compute_reachable_time
                0x00009ada       0x3e contiki-sky.a(uip-ds6.o)
                0x00009ada                uip_ds6_compute_reachable_time
 .text.uip_ds6_init
                0x00009b18      0x154 contiki-sky.a(uip-ds6.o)
                0x00009b18                uip_ds6_init
 .text.uip_ds6_nbr_rm
                0x00009c6c       0x1e contiki-sky.a(uip-ds6-nbr.o)
                0x00009c6c                uip_ds6_nbr_rm
 .text.uip_ds6_neighbors_init
                0x00009c8a       0x12 contiki-sky.a(uip-ds6-nbr.o)
                0x00009c8a                uip_ds6_neighbors_init
 .text.uip_ds6_nbr_add
                0x00009c9c       0x3e contiki-sky.a(uip-ds6-nbr.o)
                0x00009c9c                uip_ds6_nbr_add
 .text.uip_ds6_nbr_get_ll
                0x00009cda        0xc contiki-sky.a(uip-ds6-nbr.o)
                0x00009cda                uip_ds6_nbr_get_ll
 .text.uip_ds6_nbr_lookup
                0x00009ce6       0x42 contiki-sky.a(uip-ds6-nbr.o)
                0x00009ce6                uip_ds6_nbr_lookup
 .text.uip_ds6_nbr_ll_lookup
                0x00009d28        0xc contiki-sky.a(uip-ds6-nbr.o)
                0x00009d28                uip_ds6_nbr_ll_lookup
 .text.uip_ds6_nbr_ipaddr_from_lladdr
                0x00009d34        0x6 contiki-sky.a(uip-ds6-nbr.o)
                0x00009d34                uip_ds6_nbr_ipaddr_from_lladdr
 .text.uip_ds6_nbr_lladdr_from_ipaddr
                0x00009d3a       0x12 contiki-sky.a(uip-ds6-nbr.o)
                0x00009d3a                uip_ds6_nbr_lladdr_from_ipaddr
 .text.uip_ds6_link_neighbor_callback
                0x00009d4c       0x36 contiki-sky.a(uip-ds6-nbr.o)
                0x00009d4c                uip_ds6_link_neighbor_callback
 .text.call_route_callback
                0x00009d82       0x4c contiki-sky.a(uip-ds6-route.o)
 .text.uip_ds6_route_init
                0x00009dce       0x36 contiki-sky.a(uip-ds6-route.o)
                0x00009dce                uip_ds6_route_init
 .text.uip_ds6_route_nexthop
                0x00009e04       0x1a contiki-sky.a(uip-ds6-route.o)
                0x00009e04                uip_ds6_route_nexthop
 .text.uip_ds6_route_head
                0x00009e1e        0xa contiki-sky.a(uip-ds6-route.o)
                0x00009e1e                uip_ds6_route_head
 .text.uip_ds6_route_next
                0x00009e28        0xe contiki-sky.a(uip-ds6-route.o)
                0x00009e28                uip_ds6_route_next
 .text.uip_ds6_route_is_nexthop
                0x00009e36       0x22 contiki-sky.a(uip-ds6-route.o)
                0x00009e36                uip_ds6_route_is_nexthop
 .text.uip_ds6_route_lookup
                0x00009e58       0x8c contiki-sky.a(uip-ds6-route.o)
                0x00009e58                uip_ds6_route_lookup
 .text.uip_ds6_route_rm
                0x00009ee4       0xa6 contiki-sky.a(uip-ds6-route.o)
                0x00009ee4                uip_ds6_route_rm
 .text.rm_routelist
                0x00009f8a       0x34 contiki-sky.a(uip-ds6-route.o)
 .text.rm_routelist_callback
                0x00009fbe        0x6 contiki-sky.a(uip-ds6-route.o)
 .text.uip_ds6_route_add
                0x00009fc4      0x110 contiki-sky.a(uip-ds6-route.o)
                0x00009fc4                uip_ds6_route_add
 .text.uip_ds6_defrt_rm
                0x0000a0d4       0x48 contiki-sky.a(uip-ds6-route.o)
                0x0000a0d4                uip_ds6_defrt_rm
 .text.uip_ds6_defrt_lookup
                0x0000a11c       0x36 contiki-sky.a(uip-ds6-route.o)
                0x0000a11c                uip_ds6_defrt_lookup
 .text.uip_ds6_defrt_add
                0x0000a152       0x74 contiki-sky.a(uip-ds6-route.o)
                0x0000a152                uip_ds6_defrt_add
 .text.uip_ds6_defrt_choose
                0x0000a1c6       0x3a contiki-sky.a(uip-ds6-route.o)
                0x0000a1c6                uip_ds6_defrt_choose
 .text.uip_ds6_defrt_periodic
                0x0000a200       0x38 contiki-sky.a(uip-ds6-route.o)
                0x0000a200                uip_ds6_defrt_periodic
 .text.echo_reply_input
                0x0000a238       0xb2 contiki-sky.a(uip-icmp6.o)
 .text.echo_request_input
                0x0000a2ea       0xca contiki-sky.a(uip-icmp6.o)
 .text.uip_icmp6_input
                0x0000a3b4       0x48 contiki-sky.a(uip-icmp6.o)
                0x0000a3b4                uip_icmp6_input
 .text.uip_icmp6_register_input_handler
                0x0000a3fc        0xc contiki-sky.a(uip-icmp6.o)
                0x0000a3fc                uip_icmp6_register_input_handler
 .text.uip_icmp6_error_output
                0x0000a408      0x180 contiki-sky.a(uip-icmp6.o)
                0x0000a408                uip_icmp6_error_output
 .text.uip_icmp6_send
                0x0000a588       0x94 contiki-sky.a(uip-icmp6.o)
                0x0000a588                uip_icmp6_send
 .text.uip_icmp6_init
                0x0000a61c       0x12 contiki-sky.a(uip-icmp6.o)
                0x0000a61c                uip_icmp6_init
 .text.uip_nd6_init
                0x0000a62e        0x2 contiki-sky.a(uip-nd6.o)
                0x0000a62e                uip_nd6_init
 .text.psock_send
                0x0000a630       0xae contiki-sky.a(psock.o)
                0x0000a630                psock_send
 .text.psock_datalen
                0x0000a6de        0xc contiki-sky.a(psock.o)
                0x0000a6de                psock_datalen
 .text.psock_newdata
                0x0000a6ea       0x26 contiki-sky.a(psock.o)
                0x0000a6ea                psock_newdata
 .text.psock_readto
                0x0000a710       0xbc contiki-sky.a(psock.o)
                0x0000a710                psock_readto
 .text.psock_init
                0x0000a7cc       0x22 contiki-sky.a(psock.o)
                0x0000a7cc                psock_init
 .text.start_periodic_tcp_timer
                0x0000a7ee       0x16 contiki-sky.a(tcpip.o)
 .text.tcpip_output
                0x0000a804       0x10 contiki-sky.a(tcpip.o)
                0x0000a804                tcpip_output
 .text.tcpip_set_outputfunc
                0x0000a814        0x6 contiki-sky.a(tcpip.o)
                0x0000a814                tcpip_set_outputfunc
 .text.tcp_listen
                0x0000a81a       0x24 contiki-sky.a(tcpip.o)
                0x0000a81a                tcp_listen
 .text.tcp_attach
                0x0000a83e        0xc contiki-sky.a(tcpip.o)
                0x0000a83e                tcp_attach
 .text.tcpip_input
                0x0000a84a       0x16 contiki-sky.a(tcpip.o)
                0x0000a84a                tcpip_input
 .text.tcpip_ipv6_output
                0x0000a860       0xfe contiki-sky.a(tcpip.o)
                0x0000a860                tcpip_ipv6_output
 .text.process_thread_tcpip_process
                0x0000a95e      0x1c0 contiki-sky.a(tcpip.o)
 .text.tcpip_uipcall
                0x0000ab1e       0x62 contiki-sky.a(tcpip.o)
                0x0000ab1e                tcpip_uipcall
 .text.uip_debug_ipaddr_print
                0x0000ab80       0xc8 contiki-sky.a(uip-debug.o)
                0x0000ab80                uip_debug_ipaddr_print
 .text.rpl_get_mode
                0x0000ac48        0x6 contiki-sky.a(rpl.o)
                0x0000ac48                rpl_get_mode
 .text.rpl_purge_routes
                0x0000ac4e       0x96 contiki-sky.a(rpl.o)
                0x0000ac4e                rpl_purge_routes
 .text.rpl_remove_routes
                0x0000ace4       0x22 contiki-sky.a(rpl.o)
                0x0000ace4                rpl_remove_routes
 .text.rpl_remove_routes_by_nexthop
                0x0000ad06       0x46 contiki-sky.a(rpl.o)
                0x0000ad06                rpl_remove_routes_by_nexthop
 .text.rpl_add_route
                0x0000ad4c       0x48 contiki-sky.a(rpl.o)
                0x0000ad4c                rpl_add_route
 .text.rpl_link_neighbor_callback
                0x0000ad94       0x4c contiki-sky.a(rpl.o)
                0x0000ad94                rpl_link_neighbor_callback
 .text.rpl_ipv6_neighbor_callback
                0x0000ade0       0x1e contiki-sky.a(rpl.o)
                0x0000ade0                rpl_ipv6_neighbor_callback
 .text.rpl_purge_dags
                0x0000adfe       0x70 contiki-sky.a(rpl.o)
                0x0000adfe                rpl_purge_dags
 .text.rpl_init
                0x0000ae6e       0x44 contiki-sky.a(rpl.o)
                0x0000ae6e                rpl_init
 .text.lollipop_greater_than
                0x0000aeb2       0x3c contiki-sky.a(rpl-dag.o)
 .text.find_parent_any_dag_any_instance
                0x0000aeee       0x14 contiki-sky.a(rpl-dag.o)
 .text.rpl_set_preferred_parent
                0x0000af02       0x30 contiki-sky.a(rpl-dag.o)
 .text.set_ip_from_prefix
                0x0000af32       0x38 contiki-sky.a(rpl-dag.o)
 .text.check_prefix
                0x0000af6a       0x80 contiki-sky.a(rpl-dag.o)
 .text.rpl_dag_init
                0x0000afea        0xe contiki-sky.a(rpl-dag.o)
                0x0000afea                rpl_dag_init
 .text.rpl_get_parent
                0x0000aff8        0xc contiki-sky.a(rpl-dag.o)
                0x0000aff8                rpl_get_parent
 .text.rpl_rank_via_parent
                0x0000b004       0x2a contiki-sky.a(rpl-dag.o)
                0x0000b004                rpl_rank_via_parent
 .text.rpl_get_parent_lladdr
                0x0000b02e        0xc contiki-sky.a(rpl-dag.o)
                0x0000b02e                rpl_get_parent_lladdr
 .text.rpl_get_parent_ipaddr
                0x0000b03a        0xa contiki-sky.a(rpl-dag.o)
                0x0000b03a                rpl_get_parent_ipaddr
 .text.rpl_get_parent_link_stats
                0x0000b044        0xa contiki-sky.a(rpl-dag.o)
                0x0000b044                rpl_get_parent_link_stats
 .text.rpl_parent_is_fresh
                0x0000b04e        0xa contiki-sky.a(rpl-dag.o)
                0x0000b04e                rpl_parent_is_fresh
 .text.best_parent
                0x0000b058       0x76 contiki-sky.a(rpl-dag.o)
 .text.rpl_parent_is_reachable
                0x0000b0ce       0x4a contiki-sky.a(rpl-dag.o)
                0x0000b0ce                rpl_parent_is_reachable
 .text.rpl_set_prefix
                0x0000b118       0x8e contiki-sky.a(rpl-dag.o)
                0x0000b118                rpl_set_prefix
 .text.rpl_set_default_route
                0x0000b1a6       0x3e contiki-sky.a(rpl-dag.o)
                0x0000b1a6                rpl_set_default_route
 .text.rpl_alloc_instance
                0x0000b1e4       0x34 contiki-sky.a(rpl-dag.o)
                0x0000b1e4                rpl_alloc_instance
 .text.rpl_add_parent
                0x0000b218       0x3e contiki-sky.a(rpl-dag.o)
                0x0000b218                rpl_add_parent
 .text.rpl_find_parent
                0x0000b256       0x1a contiki-sky.a(rpl-dag.o)
                0x0000b256                rpl_find_parent
 .text.rpl_find_parent_any_dag
                0x0000b270       0x22 contiki-sky.a(rpl-dag.o)
                0x0000b270                rpl_find_parent_any_dag
 .text.rpl_select_parent
                0x0000b292       0x66 contiki-sky.a(rpl-dag.o)
                0x0000b292                rpl_select_parent
 .text.rpl_select_dag
                0x0000b2f8      0x1a6 contiki-sky.a(rpl-dag.o)
                0x0000b2f8                rpl_select_dag
 .text.rpl_nullify_parent
                0x0000b49e       0x60 contiki-sky.a(rpl-dag.o)
                0x0000b49e                rpl_nullify_parent
 .text.rpl_remove_parent
                0x0000b4fe       0x16 contiki-sky.a(rpl-dag.o)
                0x0000b4fe                rpl_remove_parent
 .text.nbr_callback
                0x0000b514        0x6 contiki-sky.a(rpl-dag.o)
 .text.remove_parents.constprop.4
                0x0000b51a       0x30 contiki-sky.a(rpl-dag.o)
 .text.rpl_free_dag
                0x0000b54a       0x42 contiki-sky.a(rpl-dag.o)
                0x0000b54a                rpl_free_dag
 .text.rpl_move_parent
                0x0000b58c       0x68 contiki-sky.a(rpl-dag.o)
                0x0000b58c                rpl_move_parent
 .text.rpl_get_any_dag
                0x0000b5f4       0x16 contiki-sky.a(rpl-dag.o)
                0x0000b5f4                rpl_get_any_dag
 .text.rpl_get_instance
                0x0000b60a       0x16 contiki-sky.a(rpl-dag.o)
                0x0000b60a                rpl_get_instance
 .text.rpl_alloc_dag
                0x0000b620       0x64 contiki-sky.a(rpl-dag.o)
                0x0000b620                rpl_alloc_dag
 .text.rpl_repair_root
                0x0000b684       0x4c contiki-sky.a(rpl-dag.o)
                0x0000b684                rpl_repair_root
 .text.rpl_find_of
                0x0000b6d0       0x10 contiki-sky.a(rpl-dag.o)
                0x0000b6d0                rpl_find_of
 .text.rpl_set_root
                0x0000b6e0      0x14e contiki-sky.a(rpl-dag.o)
                0x0000b6e0                rpl_set_root
 .text.rpl_join_instance
                0x0000b82e      0x156 contiki-sky.a(rpl-dag.o)
                0x0000b82e                rpl_join_instance
 .text.rpl_local_repair
                0x0000b984       0x98 contiki-sky.a(rpl-dag.o)
                0x0000b984                rpl_local_repair
 .text.rpl_process_parent_event
                0x0000ba1c       0xc0 contiki-sky.a(rpl-dag.o)
                0x0000ba1c                rpl_process_parent_event
 .text.rpl_recalculate_ranks
                0x0000badc       0x44 contiki-sky.a(rpl-dag.o)
                0x0000badc                rpl_recalculate_ranks
 .text.rpl_add_dag
                0x0000bb20      0x114 contiki-sky.a(rpl-dag.o)
                0x0000bb20                rpl_add_dag
 .text.rpl_process_dio
                0x0000bc34      0x342 contiki-sky.a(rpl-dag.o)
                0x0000bc34                rpl_process_dio
 .text.update_hbh_header
                0x0000bf76       0xcc contiki-sky.a(rpl-ext-header.)
 .text.insert_hbh_header
                0x0000c042       0x9c contiki-sky.a(rpl-ext-header.)
 .text.rpl_verify_hbh_header
                0x0000c0de      0x100 contiki-sky.a(rpl-ext-header.)
                0x0000c0de                rpl_verify_hbh_header
 .text.rpl_remove_header
                0x0000c1de       0x7a contiki-sky.a(rpl-ext-header.)
                0x0000c1de                rpl_remove_header
 .text.rpl_update_header
                0x0000c258       0x54 contiki-sky.a(rpl-ext-header.)
                0x0000c258                rpl_update_header
 .text.get32    0x0000c2ac       0x46 contiki-sky.a(rpl-icmp6.o)
 .text.set32    0x0000c2f2       0x2a contiki-sky.a(rpl-icmp6.o)
 .text.get16    0x0000c31c        0xe contiki-sky.a(rpl-icmp6.o)
 .text.set16    0x0000c32a       0x10 contiki-sky.a(rpl-icmp6.o)
 .text.dao_ack_input
                0x0000c33a        0xa contiki-sky.a(rpl-icmp6.o)
 .text.dio_input
                0x0000c344      0x2a8 contiki-sky.a(rpl-icmp6.o)
 .text.rpl_icmp6_update_nbr_table
                0x0000c5ec       0x30 contiki-sky.a(rpl-icmp6.o)
                0x0000c5ec                rpl_icmp6_update_nbr_table
 .text.dao_input
                0x0000c61c      0x2c6 contiki-sky.a(rpl-icmp6.o)
 .text.dis_output
                0x0000c8e2       0x50 contiki-sky.a(rpl-icmp6.o)
                0x0000c8e2                dis_output
 .text.dio_output
                0x0000c932      0x272 contiki-sky.a(rpl-icmp6.o)
                0x0000c932                dio_output
 .text.dis_input
                0x0000cba4       0x3e contiki-sky.a(rpl-icmp6.o)
 .text.dao_output_target
                0x0000cbe2      0x10e contiki-sky.a(rpl-icmp6.o)
                0x0000cbe2                dao_output_target
 .text.dao_output
                0x0000ccf0       0xb4 contiki-sky.a(rpl-icmp6.o)
                0x0000ccf0                dao_output
 .text.rpl_icmp6_register_handlers
                0x0000cda4       0x22 contiki-sky.a(rpl-icmp6.o)
                0x0000cda4                rpl_icmp6_register_handlers
 .text.reset    0x0000cdc6        0x2 contiki-sky.a(rpl-mrhof.o)
 .text.update_metric_container
                0x0000cdc8        0x6 contiki-sky.a(rpl-mrhof.o)
 .text.parent_link_metric
                0x0000cdce       0x10 contiki-sky.a(rpl-mrhof.o)
 .text.parent_has_usable_link
                0x0000cdde       0x14 contiki-sky.a(rpl-mrhof.o)
 .text.best_dag
                0x0000cdf2       0x2e contiki-sky.a(rpl-mrhof.o)
 .text.parent_path_cost
                0x0000ce20       0x44 contiki-sky.a(rpl-mrhof.o)
 .text.parent_is_acceptable
                0x0000ce64       0x2e contiki-sky.a(rpl-mrhof.o)
 .text.rank_via_parent
                0x0000ce92       0x56 contiki-sky.a(rpl-mrhof.o)
 .text.best_parent
                0x0000cee8       0x82 contiki-sky.a(rpl-mrhof.o)
 .text.handle_unicast_dio_timer
                0x0000cf6a       0x1c contiki-sky.a(rpl-timers.o)
 .text.new_dio_interval
                0x0000cf86       0x92 contiki-sky.a(rpl-timers.o)
 .text.set_dao_lifetime_timer
                0x0000d018       0x8c contiki-sky.a(rpl-timers.o)
 .text.handle_periodic_timer
                0x0000d0a4       0x50 contiki-sky.a(rpl-timers.o)
 .text.schedule_dao
                0x0000d0f4       0x82 contiki-sky.a(rpl-timers.o)
 .text.handle_dio_timer
                0x0000d176       0x88 contiki-sky.a(rpl-timers.o)
 .text.handle_dao_timer
                0x0000d1fe       0x64 contiki-sky.a(rpl-timers.o)
 .text.rpl_reset_periodic_timer
                0x0000d262       0x54 contiki-sky.a(rpl-timers.o)
                0x0000d262                rpl_reset_periodic_timer
 .text.rpl_reset_dio_timer
                0x0000d2b6       0x18 contiki-sky.a(rpl-timers.o)
                0x0000d2b6                rpl_reset_dio_timer
 .text.rpl_schedule_dao
                0x0000d2ce        0xc contiki-sky.a(rpl-timers.o)
                0x0000d2ce                rpl_schedule_dao
 .text.rpl_schedule_unicast_dio_immediately
                0x0000d2da       0x16 contiki-sky.a(rpl-timers.o)
                0x0000d2da                rpl_schedule_unicast_dio_immediately
 .text.get_probing_delay
                0x0000d2f0       0x40 contiki-sky.a(rpl-timers.o)
                0x0000d2f0                get_probing_delay
 .text.get_probing_target
                0x0000d330       0xfa contiki-sky.a(rpl-timers.o)
                0x0000d330                get_probing_target
 .text.rpl_schedule_probing
                0x0000d42a       0x26 contiki-sky.a(rpl-timers.o)
                0x0000d42a                rpl_schedule_probing
 .text.handle_probing_timer
                0x0000d450       0x3c contiki-sky.a(rpl-timers.o)
 .text.input_packet
                0x0000d48c        0x6 contiki-sky.a(csma.o)
 .text.on       0x0000d492        0x6 contiki-sky.a(csma.o)
 .text.off      0x0000d498        0x6 contiki-sky.a(csma.o)
 .text.channel_check_interval
                0x0000d49e       0x10 contiki-sky.a(csma.o)
 .text.transmit_packet_list
                0x0000d4ae       0x24 contiki-sky.a(csma.o)
 .text.schedule_transmission
                0x0000d4d2       0x96 contiki-sky.a(csma.o)
 .text.init     0x0000d568       0x1a contiki-sky.a(csma.o)
 .text.tx_done  0x0000d582       0x94 contiki-sky.a(csma.o)
 .text.send_packet
                0x0000d616      0x164 contiki-sky.a(csma.o)
 .text.packet_sent
                0x0000d77a       0xd6 contiki-sky.a(csma.o)
 .text.create_frame.isra.0
                0x0000d850      0x118 contiki-sky.a(framer-802154.o)
 .text.create   0x0000d968        0x8 contiki-sky.a(framer-802154.o)
 .text.hdr_length
                0x0000d970        0x8 contiki-sky.a(framer-802154.o)
 .text.parse    0x0000d978       0x9e contiki-sky.a(framer-802154.o)
 .text.mac_call_sent_callback
                0x0000da16       0x14 contiki-sky.a(mac.o)
                0x0000da16                mac_call_sent_callback
 .text.linkaddr_copy
                0x0000da2a        0x8 contiki-sky.a(linkaddr.o)
                0x0000da2a                linkaddr_copy
 .text.linkaddr_cmp
                0x0000da32       0x12 contiki-sky.a(linkaddr.o)
                0x0000da32                linkaddr_cmp
 .text.linkaddr_set_node_addr
                0x0000da44        0xc contiki-sky.a(linkaddr.o)
                0x0000da44                linkaddr_set_node_addr
 .text.key_from_index
                0x0000da50       0x18 contiki-sky.a(nbr-table.o)
 .text.item_from_index
                0x0000da68       0x2a contiki-sky.a(nbr-table.o)
 .text.index_from_key
                0x0000da92       0x26 contiki-sky.a(nbr-table.o)
 .text.index_from_item
                0x0000dab8       0x1e contiki-sky.a(nbr-table.o)
 .text.nbr_set_bit
                0x0000dad6       0x58 contiki-sky.a(nbr-table.o)
 .text.index_from_lladdr
                0x0000db2e       0x42 contiki-sky.a(nbr-table.o)
 .text.nbr_get_bit.constprop.0
                0x0000db70       0x2e contiki-sky.a(nbr-table.o)
 .text.remove_key
                0x0000db9e       0x66 contiki-sky.a(nbr-table.o)
 .text.nbr_table_register
                0x0000dc04       0x26 contiki-sky.a(nbr-table.o)
                0x0000dc04                nbr_table_register
 .text.nbr_table_next
                0x0000dc2a       0x3e contiki-sky.a(nbr-table.o)
                0x0000dc2a                nbr_table_next
 .text.nbr_table_head
                0x0000dc68       0x3a contiki-sky.a(nbr-table.o)
                0x0000dc68                nbr_table_head
 .text.nbr_table_add_lladdr
                0x0000dca2      0x110 contiki-sky.a(nbr-table.o)
                0x0000dca2                nbr_table_add_lladdr
 .text.nbr_table_get_from_lladdr
                0x0000ddb2       0x2c contiki-sky.a(nbr-table.o)
                0x0000ddb2                nbr_table_get_from_lladdr
 .text.nbr_table_remove
                0x0000ddde       0x32 contiki-sky.a(nbr-table.o)
                0x0000ddde                nbr_table_remove
 .text.nbr_table_lock
                0x0000de10       0x10 contiki-sky.a(nbr-table.o)
                0x0000de10                nbr_table_lock
 .text.nbr_table_unlock
                0x0000de20       0x10 contiki-sky.a(nbr-table.o)
                0x0000de20                nbr_table_unlock
 .text.nbr_table_get_lladdr
                0x0000de30       0x14 contiki-sky.a(nbr-table.o)
                0x0000de30                nbr_table_get_lladdr
 .text.packetbuf_hdrreduce
                0x0000de44       0x1a contiki-sky.a(packetbuf.o)
                0x0000de44                packetbuf_hdrreduce
 .text.packetbuf_set_datalen
                0x0000de5e        0x6 contiki-sky.a(packetbuf.o)
                0x0000de5e                packetbuf_set_datalen
 .text.packetbuf_hdrptr
                0x0000de64        0x6 contiki-sky.a(packetbuf.o)
                0x0000de64                packetbuf_hdrptr
 .text.packetbuf_datalen
                0x0000de6a        0x6 contiki-sky.a(packetbuf.o)
                0x0000de6a                packetbuf_datalen
 .text.packetbuf_hdrlen
                0x0000de70        0xa contiki-sky.a(packetbuf.o)
                0x0000de70                packetbuf_hdrlen
 .text.packetbuf_dataptr
                0x0000de7a        0xc contiki-sky.a(packetbuf.o)
                0x0000de7a                packetbuf_dataptr
 .text.packetbuf_copyto
                0x0000de86       0x46 contiki-sky.a(packetbuf.o)
                0x0000de86                packetbuf_copyto
 .text.packetbuf_totlen
                0x0000decc        0xc contiki-sky.a(packetbuf.o)
                0x0000decc                packetbuf_totlen
 .text.packetbuf_hdralloc
                0x0000ded8       0x3c contiki-sky.a(packetbuf.o)
                0x0000ded8                packetbuf_hdralloc
 .text.packetbuf_attr_clear
                0x0000df14       0x28 contiki-sky.a(packetbuf.o)
                0x0000df14                packetbuf_attr_clear
 .text.packetbuf_clear
                0x0000df3c       0x12 contiki-sky.a(packetbuf.o)
                0x0000df3c                packetbuf_clear
 .text.packetbuf_copyfrom
                0x0000df4e       0x2e contiki-sky.a(packetbuf.o)
                0x0000df4e                packetbuf_copyfrom
 .text.packetbuf_attr_copyto
                0x0000df7c       0x22 contiki-sky.a(packetbuf.o)
                0x0000df7c                packetbuf_attr_copyto
 .text.packetbuf_attr_copyfrom
                0x0000df9e       0x24 contiki-sky.a(packetbuf.o)
                0x0000df9e                packetbuf_attr_copyfrom
 .text.packetbuf_holds_broadcast
                0x0000dfc2        0xe contiki-sky.a(packetbuf.o)
                0x0000dfc2                packetbuf_holds_broadcast
 .text.queuebuf_init
                0x0000dfd0       0x12 contiki-sky.a(queuebuf.o)
                0x0000dfd0                queuebuf_init
 .text.queuebuf_numfree
                0x0000dfe2        0xa contiki-sky.a(queuebuf.o)
                0x0000dfe2                queuebuf_numfree
 .text.queuebuf_new_from_packetbuf
                0x0000dfec       0x52 contiki-sky.a(queuebuf.o)
                0x0000dfec                queuebuf_new_from_packetbuf
 .text.queuebuf_update_attr_from_packetbuf
                0x0000e03e       0x12 contiki-sky.a(queuebuf.o)
                0x0000e03e                queuebuf_update_attr_from_packetbuf
 .text.queuebuf_update_from_packetbuf
                0x0000e050       0x22 contiki-sky.a(queuebuf.o)
                0x0000e050                queuebuf_update_from_packetbuf
 .text.queuebuf_free
                0x0000e072       0x2a contiki-sky.a(queuebuf.o)
                0x0000e072                queuebuf_free
 .text.queuebuf_to_packetbuf
                0x0000e09c       0x32 contiki-sky.a(queuebuf.o)
                0x0000e09c                queuebuf_to_packetbuf
 .text.queuebuf_attr
                0x0000e0ce        0xe contiki-sky.a(queuebuf.o)
                0x0000e0ce                queuebuf_attr
 .text.duty_cycle
                0x0000e0dc        0x6 contiki-sky.a(contikimac.o)
 .text.init     0x0000e0e2       0x2a contiki-sky.a(contikimac.o)
 .text.on       0x0000e10c       0x1a contiki-sky.a(contikimac.o)
 .text.off      0x0000e126       0x22 contiki-sky.a(contikimac.o)
 .text.recv_burst_off
                0x0000e148        0xa contiki-sky.a(contikimac.o)
 .text.turn_off
                0x0000e152       0x20 contiki-sky.a(contikimac.o)
 .text.turn_on  0x0000e172       0x30 contiki-sky.a(contikimac.o)
 .text.schedule_powercycle_fixed.part.4
                0x0000e1a2       0x32 contiki-sky.a(contikimac.o)
 .text.powercycle_turn_radio_off
                0x0000e1d4       0x30 contiki-sky.a(contikimac.o)
 .text.input_packet
                0x0000e204       0xb6 contiki-sky.a(contikimac.o)
 .text.send_packet.isra.8
                0x0000e2ba      0x20c contiki-sky.a(contikimac.o)
 .text.qsend_list
                0x0000e4c6       0xc6 contiki-sky.a(contikimac.o)
 .text.qsend_packet
                0x0000e58c       0x28 contiki-sky.a(contikimac.o)
 .text.powercycle_wrapper
                0x0000e5b4      0x1ca contiki-sky.a(contikimac.o)
 .text.init     0x0000e77e        0x2 contiki-sky.a(nullsec.o)
 .text.send     0x0000e780        0xa contiki-sky.a(nullsec.o)
 .text.input    0x0000e78a        0x6 contiki-sky.a(nullsec.o)
 .text.update_nbr
                0x0000e790       0xe6 contiki-sky.a(rpl-nbr-policy.)
 .text.handle_periodic_timer
                0x0000e876        0xe contiki-sky.a(rpl-nbr-policy.)
 .text.find_removable_dis
                0x0000e884       0x16 contiki-sky.a(rpl-nbr-policy.)
                0x0000e884                find_removable_dis
 .text.find_removable_dio
                0x0000e89a       0x3e contiki-sky.a(rpl-nbr-policy.)
                0x0000e89a                find_removable_dio
 .text.find_removable_dao
                0x0000e8d8       0x34 contiki-sky.a(rpl-nbr-policy.)
                0x0000e8d8                find_removable_dao
 .text.rpl_nbr_policy_find_removable
                0x0000e90c       0x30 contiki-sky.a(rpl-nbr-policy.)
                0x0000e90c                rpl_nbr_policy_find_removable
 .text.periodic
                0x0000e93c       0x28 contiki-sky.a(link-stats.o)
 .text.link_stats_from_lladdr
                0x0000e964        0xc contiki-sky.a(link-stats.o)
                0x0000e964                link_stats_from_lladdr
 .text.link_stats_is_fresh
                0x0000e970       0x32 contiki-sky.a(link-stats.o)
                0x0000e970                link_stats_is_fresh
 .text.link_stats_packet_sent
                0x0000e9a2       0xd6 contiki-sky.a(link-stats.o)
                0x0000e9a2                link_stats_packet_sent
 .text.link_stats_input_callback
                0x0000ea78       0xb2 contiki-sky.a(link-stats.o)
                0x0000ea78                link_stats_input_callback
 .text.link_stats_init
                0x0000eb2a       0x22 contiki-sky.a(link-stats.o)
                0x0000eb2a                link_stats_init
 .text.spi_init
                0x0000eb4c       0x30 contiki-sky.a(spi.o)
                0x0000eb4c                spi_init
 .text.compower_accumulate
                0x0000eb7c       0x72 contiki-sky.a(compower.o)
                0x0000eb7c                compower_accumulate
 .text.compower_clear
                0x0000ebee       0x12 contiki-sky.a(compower.o)
                0x0000ebee                compower_clear
 .text.compower_attrconv
                0x0000ec00       0x10 contiki-sky.a(compower.o)
                0x0000ec00                compower_attrconv
 .text.stimer_set
                0x0000ec10       0x1c contiki-sky.a(stimer.o)
                0x0000ec10                stimer_set
 .text.stimer_expired
                0x0000ec2c       0x30 contiki-sky.a(stimer.o)
                0x0000ec2c                stimer_expired
 .text.frame802154_get_pan_id
                0x0000ec5c        0x6 contiki-sky.a(frame802154.o)
                0x0000ec5c                frame802154_get_pan_id
 .text.frame802154_has_panid
                0x0000ec62       0x78 contiki-sky.a(frame802154.o)
                0x0000ec62                frame802154_has_panid
 .text.field_len
                0x0000ecda       0xac contiki-sky.a(frame802154.o)
 .text.frame802154_is_broadcast_addr
                0x0000ed86       0x28 contiki-sky.a(frame802154.o)
                0x0000ed86                frame802154_is_broadcast_addr
 .text.frame802154_hdrlen
                0x0000edae       0x32 contiki-sky.a(frame802154.o)
                0x0000edae                frame802154_hdrlen
 .text.frame802154_create
                0x0000ede0      0x16a contiki-sky.a(frame802154.o)
                0x0000ede0                frame802154_create
 .text.frame802154_parse
                0x0000ef4a      0x200 contiki-sky.a(frame802154.o)
                0x0000ef4a                frame802154_parse
 .text.mac_sequence_is_duplicate
                0x0000f14a       0x76 contiki-sky.a(mac-sequence.o)
                0x0000f14a                mac_sequence_is_duplicate
 .text.mac_sequence_register_seqno
                0x0000f1c0       0x80 contiki-sky.a(mac-sequence.o)
                0x0000f1c0                mac_sequence_register_seqno
 .text.libgcc   0x0000f240       0x2c /usr/local/bin/../lib/gcc/msp430/4.7.2/mmpy-16/libgcc.a(_mulsi3.o)
                0x0000f240                __mulsi3
 .text.libgcc   0x0000f26c       0x22 /usr/local/bin/../lib/gcc/msp430/4.7.2/mmpy-16/libgcc.a(_udivmod16.o)
                0x0000f26c                __udivhi3
                0x0000f26c                __ext_udivmod16
                0x0000f286                __umodhi3
 .text.libgcc   0x0000f28e       0x3a /usr/local/bin/../lib/gcc/msp430/4.7.2/mmpy-16/libgcc.a(_divmod16.o)
                0x0000f28e                __ext_divmod16
                0x0000f28e                __divhi3
                0x0000f2c0                __modhi3
 .text.libgcc   0x0000f2c8       0x40 /usr/local/bin/../lib/gcc/msp430/4.7.2/mmpy-16/libgcc.a(_udivmod32.o)
                0x0000f2c8                __udivsi3
                0x0000f2c8                __ext_udivmod32
                0x0000f2fe                __umodsi3
 .text.libgcc   0x0000f308       0x4c /usr/local/bin/../lib/gcc/msp430/4.7.2/mmpy-16/libgcc.a(_divmod32.o)
                0x0000f308                __ext_divmod32
                0x0000f308                __divsi3
                0x0000f34a                __modsi3
 .text.printf   0x0000f354       0x10 /usr/local/bin/../lib/gcc/msp430/4.7.2/../../../../msp430/lib/mmpy-16/libc.a(printf.o)
                0x0000f354                printf
 .text.append   0x0000f364       0x22 /usr/local/bin/../lib/gcc/msp430/4.7.2/../../../../msp430/lib/mmpy-16/libc.a(sprintf.o)
 .text.call_vuprintf
                0x0000f386       0x3a /usr/local/bin/../lib/gcc/msp430/4.7.2/../../../../msp430/lib/mmpy-16/libc.a(sprintf.o)
 .text.snprintf
                0x0000f3c0       0x1a /usr/local/bin/../lib/gcc/msp430/4.7.2/../../../../msp430/lib/mmpy-16/libc.a(sprintf.o)
                0x0000f3c0                snprintf
 .text.print_field
                0x0000f3da      0x194 /usr/local/bin/../lib/gcc/msp430/4.7.2/../../../../msp430/lib/mmpy-16/libc.a(vuprintf.o)
 .text.vuprintf
                0x0000f56e      0x63e /usr/local/bin/../lib/gcc/msp430/4.7.2/../../../../msp430/lib/mmpy-16/libc.a(vuprintf.o)
                0x0000f56e                vuprintf
 .text.puts     0x0000fbac       0x2c /usr/local/bin/../lib/gcc/msp430/4.7.2/../../../../msp430/lib/mmpy-16/libc.a(puts.o)
                0x0000fbac                puts
 .text.rand     0x0000fbd8       0x26 /usr/local/bin/../lib/gcc/msp430/4.7.2/../../../../msp430/lib/mmpy-16/libc.a(rand.o)
                0x0000fbd8                rand
 .text.srand    0x0000fbfe        0xa /usr/local/bin/../lib/gcc/msp430/4.7.2/../../../../msp430/lib/mmpy-16/libc.a(rand.o)
                0x0000fbfe                srand
 .text.strncmp  0x0000fc08       0x2a /usr/local/bin/../lib/gcc/msp430/4.7.2/../../../../msp430/lib/mmpy-16/libc.a(strncmp.o)
                0x0000fc08                strncmp
 .text.memcmp   0x0000fc32       0x30 /usr/local/bin/../lib/gcc/msp430/4.7.2/../../../../msp430/lib/mmpy-16/libc.a(memcmp.o)
                0x0000fc32                memcmp
 .text.strcpy   0x0000fc62       0x14 /usr/local/bin/../lib/gcc/msp430/4.7.2/../../../../msp430/lib/mmpy-16/libc.a(strcpy.o)
                0x0000fc62                strcpy
 .text.strncpy  0x0000fc76       0x2a /usr/local/bin/../lib/gcc/msp430/4.7.2/../../../../msp430/lib/mmpy-16/libc.a(strncpy.o)
                0x0000fc76                strncpy
 .text.memcpy   0x0000fca0       0xfa /usr/local/bin/../lib/gcc/msp430/4.7.2/../../../../msp430/lib/mmpy-16/libc.a(memcpy.o)
                0x0000fca0                memcpy
 .text.memmove  0x0000fd9a       0xfa /usr/local/bin/../lib/gcc/msp430/4.7.2/../../../../msp430/lib/mmpy-16/libc.a(memmove.o)
                0x0000fd9a                memmove
 .text.memset   0x0000fe94       0x6a /usr/local/bin/../lib/gcc/msp430/4.7.2/../../../../msp430/lib/mmpy-16/libc.a(memset.o)
                0x0000fe94                memset
 .text.libgcc   0x0000fefe       0xf0 /usr/local/bin/../lib/gcc/msp430/4.7.2/mmpy-16/libgcc.a(_udivmod64.o)
                0x0000fefe                __xabi_udivmod64
                0x0000ff5c                __udivdi3
                0x0000ff82                __umoddi3
                0x0000ffb0                __udivmoddi4
 .text.crt0     0x0000ffee        0x2 /usr/local/bin/../lib/gcc/msp430/4.7.2/mmpy-16/libcrt0.a(_unexpected_.o)
                0x0000ffee                _unexpected_
 *(.near.text .near.text.*)

.rodata         0x0000fff0      0x561
                0x0000fff0                . = ALIGN (0x2)
 *(.rodata .rodata.* .gnu.linkonce.r.*)
 .rodata        0x0000fff0       0xc8 border-router.co
                0x00010090                autostart_processes
 .rodata        0x000100b8       0xa6 obj_sky/slip-bridge.o
                0x0001015a                rpl_interface
 .rodata        0x0001015e      0x139 obj_sky/httpd-simple.o
                0x000101b7                http_index_html
                0x000101c3                http_get
                0x000101c8                http_header_404
                0x00010225                http_header_200
                0x0001027b                http_content_type_html
 .rodata        0x00010297      0x120 obj_sky/contiki-sky-main.o
 *fill*         0x000103b7        0x1 00
 .rodata        0x000103b8       0x10 contiki-sky.a(button-sensor.o)
                0x000103c0                button_sensor
 .rodata        0x000103c8        0x8 contiki-sky.a(sensors.o)
 .rodata.get_value
                0x000103d0       0x24 contiki-sky.a(cc2420.o)
 .rodata.set_value
                0x000103f4       0x10 contiki-sky.a(cc2420.o)
 .rodata        0x00010404       0x3e contiki-sky.a(cc2420.o)
                0x00010404                cc2420_aes_128_driver
                0x00010408                cc2420_driver
 .rodata        0x00010442       0x21 contiki-sky.a(slip.o)
 .rodata        0x00010463        0xf contiki-sky.a(ctimer.o)
 .rodata        0x00010472        0xc contiki-sky.a(etimer.o)
 .rodata        0x0001047e       0x24 contiki-sky.a(sicslowpan.o)
                0x0001048a                sicslowpan_driver
                0x00010490                llprefix
                0x00010492                unc_mxconf
                0x00010496                unc_ctxconf
                0x0001049a                unc_llconf
 *fill*         0x000104a2        0x2 00
 .rodata.uip_process
                0x000104a4       0x20 contiki-sky.a(uip6.o)
 .rodata        0x000104c4        0xd contiki-sky.a(tcpip.o)
 .rodata        0x000104d1       0x28 contiki-sky.a(uip-debug.o)
 *fill*         0x000104f9        0x1 00
 .rodata        0x000104fa       0x14 contiki-sky.a(csma.o)
                0x00010500                csma_driver
 .rodata        0x0001050e        0x6 contiki-sky.a(framer-802154.o)
                0x0001050e                framer_802154
 .rodata        0x00010514        0x8 contiki-sky.a(linkaddr.o)
                0x00010514                linkaddr_null
 .rodata        0x0001051c       0x1c contiki-sky.a(contikimac.o)
                0x00010528                contikimac_driver
 .rodata        0x00010538       0x10 contiki-sky.a(nullsec.o)
                0x00010540                nullsec_driver
 .rodata        0x00010548        0x2 contiki-sky.a(frame802154.o)
 .rodata.vuprintf
                0x0001054a        0x7 /usr/local/bin/../lib/gcc/msp430/4.7.2/../../../../msp430/lib/mmpy-16/libc.a(vuprintf.o)
 *(.near.rodata .near.rodata.*)
                0x00010552                . = ALIGN (0x2)
                0x00010552                _etext = .

.data           0x00001100      0x10c load address 0x00010552
                0x00001100                . = ALIGN (0x2)
                0x00001100                __data_start = .
 *(.data .data.* .gnu.linkonce.d.*)
 .data          0x00001100       0x14 border-router.co
                0x00001100                webserver_nogui_process
                0x0000110a                border_router_process
 .data          0x00001114        0x8 obj_sky/httpd-simple.o
 .data          0x0000111c        0x4 contiki-sky.a(contiki-sky-pla)
                0x0000111c                sensors
 .data          0x00001120        0xa contiki-sky.a(sensors.o)
                0x00001120                sensors_process
 .data          0x0000112a        0xc contiki-sky.a(cc2420.o)
                0x0000112a                cc2420_process
 .data          0x00001136        0xa contiki-sky.a(slip.o)
                0x00001136                slip_process
 .data          0x00001140        0x2 contiki-sky.a(msp430.o)
 .data          0x00001142        0xa contiki-sky.a(ctimer.o)
                0x00001142                ctimer_process
 .data          0x0000114c        0xa contiki-sky.a(etimer.o)
                0x0000114c                etimer_process
 .data          0x00001156        0xa contiki-sky.a(uip-ds6-nbr.o)
                0x00001156                ds6_neighbors
 .data          0x00001160       0x22 contiki-sky.a(uip-ds6-route.o)
                0x00001160                nbr_routes
 .data          0x00001182        0xc contiki-sky.a(uip-icmp6.o)
 .data          0x0000118e        0xa contiki-sky.a(tcpip.o)
                0x0000118e                tcpip_process
 .data          0x00001198        0xa contiki-sky.a(rpl-dag.o)
                0x00001198                rpl_parents
 .data          0x000011a2       0x1a contiki-sky.a(rpl-icmp6.o)
 .data          0x000011bc       0x12 contiki-sky.a(rpl-mrhof.o)
                0x000011bc                rpl_mrhof
 .data          0x000011ce       0x18 contiki-sky.a(csma.o)
 .data          0x000011e6        0x8 contiki-sky.a(nbr-table.o)
 .data          0x000011ee       0x10 contiki-sky.a(queuebuf.o)
 .data          0x000011fe        0x8 contiki-sky.a(link-stats.o)
 .data          0x00001206        0x2 contiki-sky.a(frame802154.o)
 .data.next     0x00001208        0x4 /usr/local/bin/../lib/gcc/msp430/4.7.2/../../../../msp430/lib/mmpy-16/libc.a(rand.o)
 *(.near.data .near.data.*)
                0x0000120c                . = ALIGN (0x2)
                0x0000120c                _edata = .
                0x00010552                __data_load_start = LOADADDR (.data)
                0x0000010c                __data_size = SIZEOF (.data)

.bss            0x0000120c     0x1f9e load address 0x0001065e
                0x0000120c                __bss_start = .
 *(.bss .bss.*)
 .bss           0x0000120c      0x124 border-router.co
 .bss           0x00001330       0x12 obj_sky/slip-bridge.o
 .bss           0x00001342       0xae obj_sky/httpd-simple.o
 .bss           0x000013f0        0xc obj_sky/contiki-sky-main.o
 .bss           0x000013fc        0x8 contiki-sky.a(button-sensor.o)
 .bss           0x00001404        0x2 contiki-sky.a(node-id.o)
                0x00001404                node_id
 .bss           0x00001406        0x6 contiki-sky.a(sensors.o)
 .bss           0x0000140c        0xa contiki-sky.a(cc2420.o)
 .bss           0x00001416       0x9a contiki-sky.a(uart1.o)
 .bss           0x000014b0      0x10a contiki-sky.a(slip.o)
 .bss           0x000015ba        0xa contiki-sky.a(clock.o)
 .bss           0x000015c4        0x1 contiki-sky.a(leds.o)
 *fill*         0x000015c5        0x1 00
 .bss           0x000015c6        0x2 contiki-sky.a(watchdog.o)
 .bss           0x000015c8        0x4 contiki-sky.a(ctimer.o)
 .bss           0x000015cc        0x6 contiki-sky.a(etimer.o)
 .bss           0x000015d2       0x38 contiki-sky.a(process.o)
                0x000015d2                process_current
                0x000015d4                process_list
 .bss           0x0000160a        0x2 contiki-sky.a(rtimer.o)
 .bss           0x0000160c      0x6e6 contiki-sky.a(sicslowpan.o)
 .bss           0x00001cf2        0xa contiki-sky.a(uip6.o)
                0x00001cf2                uip_ext_opt_offset
                0x00001cf3                uip_ext_len
                0x00001cf4                uip_ext_bitmap
 .bss           0x00001cfc       0x18 contiki-sky.a(uip-ds6.o)
 .bss           0x00001d14      0x120 contiki-sky.a(uip-ds6-nbr.o)
 .bss           0x00001e34      0x2e2 contiki-sky.a(uip-ds6-route.o)
 .bss           0x00002116       0x14 contiki-sky.a(uip-icmp6.o)
 .bss           0x0000212a       0x30 contiki-sky.a(tcpip.o)
 .bss           0x0000215a        0x2 contiki-sky.a(rpl.o)
 .bss           0x0000215c       0x60 contiki-sky.a(rpl-dag.o)
 .bss           0x000021bc       0x18 contiki-sky.a(rpl-timers.o)
 .bss           0x000021d4       0xc0 contiki-sky.a(csma.o)
 .bss           0x00002294        0x2 contiki-sky.a(framer-802154.o)
 .bss           0x00002296       0xe4 contiki-sky.a(nbr-table.o)
 .bss           0x0000237a       0x86 contiki-sky.a(packetbuf.o)
 .bss           0x00002400      0x5a0 contiki-sky.a(queuebuf.o)
 .bss           0x000029a0       0x32 contiki-sky.a(contikimac.o)
 .bss           0x000029d2       0x20 contiki-sky.a(rpl-nbr-policy.)
 .bss           0x000029f2       0xa0 contiki-sky.a(link-stats.o)
 .bss           0x00002a92        0x8 contiki-sky.a(compower.o)
 .bss           0x00002a9a       0xe0 contiki-sky.a(mac-sequence.o)
 .bss.destination_
                0x00002b7a        0x2 /usr/local/bin/../lib/gcc/msp430/4.7.2/../../../../msp430/lib/mmpy-16/libc.a(sprintf.o)
 .bss.available_
                0x00002b7c        0x2 /usr/local/bin/../lib/gcc/msp430/4.7.2/../../../../msp430/lib/mmpy-16/libc.a(sprintf.o)
 *(.near.bss .near.bss.*)
 *(COMMON)
 COMMON         0x00002b7e        0x2 contiki-sky.a(contiki-sky-pla)
                0x00002b7e                sensors_flags
 COMMON         0x00002b80        0x8 contiki-sky.a(ds2411.o)
                0x00002b80                ds2411_id
 COMMON         0x00002b88        0x1 contiki-sky.a(sensors.o)
                0x00002b88                sensors_event
 *fill*         0x00002b89        0x1 00
 COMMON         0x00002b8a       0x10 contiki-sky.a(cc2420.o)
                0x00002b8a                cc2420_last_rssi
                0x00002b8c                cc2420_sfd_start_time
                0x00002b8e                cc2420_time_of_departure
                0x00002b90                cc2420_time_of_arrival
                0x00002b92                cc2420_last_correlation
                0x00002b94                cc2420_authority_level_of_sender
                0x00002b96                cc2420_sfd_counter
                0x00002b98                cc2420_sfd_end_time
 COMMON         0x00002b9a        0x1 contiki-sky.a(slip.o)
                0x00002b9a                slip_active
 *fill*         0x00002b9b        0x1 00
 COMMON         0x00002b9c        0x2 contiki-sky.a(msp430.o)
                0x00002b9c                msp430_dco_required
 COMMON         0x00002b9e       0x56 contiki-sky.a(energest.o)
                0x00002b9e                energest_total_time
                0x00002bce                energest_total_count
                0x00002bd0                energest_current_mode
                0x00002bdc                energest_current_time
 COMMON         0x00002bf4        0x1 contiki-sky.a(process.o)
                0x00002bf4                process_maxevents
 *fill*         0x00002bf5        0x1 00
 COMMON         0x00002bf6      0x304 contiki-sky.a(uip6.o)
                0x00002bf6                uip_len
                0x00002bf8                uip_sappdata
                0x00002bfa                uip_acc32
                0x00002bfe                uip_lladdr
                0x00002c06                uip_aligned_buf
                0x00002cf6                uip_flags
                0x00002cf8                uip_next_hdr
                0x00002cfa                uip_udp_conn
                0x00002cfc                uip_appdata
                0x00002cfe                uip_conn
                0x00002d00                uip_conns
                0x00002db0                uip_listenports
                0x00002dc0                uip_slen
                0x00002dc2                uip_udp_conns
 COMMON         0x00002efa      0x15c contiki-sky.a(uip-ds6.o)
                0x00002efa                uip_ds6_timer_ra
                0x00002f02                uip_ds6_if
                0x00002fee                uip_ds6_netif_addr_list_offset
                0x00002fef                uip_ds6_addr_size
                0x00002ff0                uip_ds6_prefix_list
                0x0000304a                uip_ds6_timer_periodic
 COMMON         0x00003056        0x1 contiki-sky.a(tcpip.o)
                0x00003056                tcpip_event
 *fill*         0x00003057        0x1 00
 COMMON         0x00003058      0x100 contiki-sky.a(rpl-dag.o)
                0x00003058                default_instance
                0x0000305a                instance_table
 COMMON         0x00003158        0x8 contiki-sky.a(linkaddr.o)
                0x00003158                linkaddr_node_addr
 COMMON         0x00003160       0x2e contiki-sky.a(packetbuf.o)
                0x00003160                packetbuf_addrs
                0x00003170                packetbuf_attrs
 COMMON         0x0000318e       0x14 contiki-sky.a(link-stats.o)
                0x0000318e                periodic_timer
 COMMON         0x000031a2        0x8 contiki-sky.a(compower.o)
                0x000031a2                compower_idle_activity
                0x000031aa                . = ALIGN (0x2)
                0x000031aa                __bss_end = .
                0x00001f9e                __bss_size = SIZEOF (.bss)

.noinit         0x000031aa        0x2 load address 0x0001065e
                0x000031aa                . = ALIGN (0x2)
                0x000031aa                __noinit_start = .
 *(.noinit .noinit.*)
 .noinit.crt0   0x000031aa        0x2 /usr/local/bin/../lib/gcc/msp430/4.7.2/mmpy-16/libcrt0.a(__watchdog_support.o)
                0x000031aa                __wdt_clear_value
                0x000031ac                . = ALIGN (0x2)
                0x000031ac                __noinit_end = .
                0x000031ac                . = ALIGN (0x2)
                0x000031ac                _end = .

.infomem        0x00001000        0x0
                0x00001000                . = ALIGN (0x2)
 *(.infomem .infomem.*)

.infomemnobits  0x00001000        0x0
                0x00001000                . = ALIGN (0x2)
 *(.infomemnobits .infomemnobits.*)

.infoa          0x00001080        0x0
                0x00001080                . = ALIGN (0x2)
 *(.infoa .infoa.*)

.infob          0x00001000        0x0
                0x00001000                . = ALIGN (0x2)
 *(.infob .infob.*)

.infoc          0x00000000        0x0
                0x00000000                . = ALIGN (0x2)
 *(.infoc .infoc.*)

.infod          0x00000000        0x0
                0x00000000                . = ALIGN (0x2)
 *(.infod .infod.*)
                0x0000ffff                PROVIDE (__vte_0, 0xffff)
                0x0000ffff                PROVIDE (__vte_1, 0xffff)
                0x0000ffff                PROVIDE (__vte_2, 0xffff)
                0x0000ffff                PROVIDE (__vte_3, 0xffff)
                0x0000ffff                PROVIDE (__vte_4, 0xffff)
                0x0000ffff                PROVIDE (__vte_5, 0xffff)
                0x0000ffff                PROVIDE (__vte_6, 0xffff)
                0x0000ffff                PROVIDE (__vte_7, 0xffff)
                0x0000ffff                PROVIDE (__vte_8, 0xffff)
                0x0000ffff                PROVIDE (__vte_9, 0xffff)
                0x0000ffff                PROVIDE (__vte_10, 0xffff)
                0x0000ffff                PROVIDE (__vte_11, 0xffff)
                0x0000ffff                PROVIDE (__vte_12, 0xffff)
                0x0000ffff                PROVIDE (__vte_13, 0xffff)
                0x0000ffff                PROVIDE (__vte_14, 0xffff)
                0x0000ffff                PROVIDE (__vte_15, 0xffff)
                0x0000ffff                PROVIDE (__vte_16, 0xffff)
                0x0000ffff                PROVIDE (__vte_17, 0xffff)
                0x0000ffff                PROVIDE (__vte_18, 0xffff)
                0x0000ffff                PROVIDE (__vte_19, 0xffff)
                0x0000ffff                PROVIDE (__vte_20, 0xffff)
                0x0000ffff                PROVIDE (__vte_21, 0xffff)
                0x0000ffff                PROVIDE (__vte_22, 0xffff)
                0x0000ffff                PROVIDE (__vte_23, 0xffff)
                0x0000ffff                PROVIDE (__vte_24, 0xffff)
                0x0000ffff                PROVIDE (__vte_25, 0xffff)
                0x0000ffff                PROVIDE (__vte_26, 0xffff)
                0x0000ffff                PROVIDE (__vte_27, 0xffff)
                0x0000ffff                PROVIDE (__vte_28, 0xffff)
                0x0000ffff                PROVIDE (__vte_29, 0xffff)
                0x0000ffff                PROVIDE (__vte_30, 0xffff)
                0x0000ffff                PROVIDE (__vte_31, 0xffff)

.vectors        0x0000ffe0       0x20
                0x0000ffe0                __vectors_start = .
 *(.vectors*)
 .vectors       0x0000ffe0       0x20 /usr/local/bin/../lib/gcc/msp430/4.7.2/mmpy-16/crt0ivtbl16.o
                0x0000ffe0                __ivtbl_16
                0x00010000                _vectors_end = .

.fartext        0x00000000        0x0
                0x00000000                . = ALIGN (0x2)
 *(.fartext .fartext.*)

.far.text       0x00000000        0x0
                0x00000000                . = ALIGN (0x2)
 *(.far.text .far.text.*)

.far.rodata     0x00000000        0x0
                0x00000000                . = ALIGN (0x2)
 *(.far.rodata .far.rodata.*)
                0x00000000                . = ALIGN (0x2)
                0x00000000                _efartext = .

.far.data       0x00000000        0x0
                0x00000000                . = ALIGN (0x2)
                0x00000000                __far_data_start = .
 *(.far.data .far.data.*)
                0x00000000                . = ALIGN (0x2)
                0x00000000                _efardata = .
                0x00000000                __far_data_load_start = LOADADDR (.far.data)
                0x00000000                __far_data_size = SIZEOF (.far.data)

.far.bss        0x00000000        0x0
                0x00000000                . = ALIGN (0x2)
                0x00000000                __far_bss_start = .
 *(.far.bss .far.bss.*)
                0x00000000                . = ALIGN (0x2)
                0x00000000                __far_bss_end = .
                0x00000000                __far_bss_size = SIZEOF (.far.bss)
                0x00000000                . = ALIGN (0x2)
                0x00000000                _far_end = .

.profiler
 *(.profiler)

.stab           0x00000000    0x2d558
 *(.stab)
 .stab          0x00000000     0x1f80 border-router.co
 .stab          0x00001f80      0x894 obj_sky/slip-bridge.o
                               0x123c (size before relaxing)
 .stab          0x00002814      0xa68 obj_sky/httpd-simple.o
                               0x1bb4 (size before relaxing)
 .stab          0x0000327c     0x1158 obj_sky/contiki-sky-main.o
                               0x1b18 (size before relaxing)
 .stab          0x000043d4      0x24c contiki-sky.a(contiki-sky-pla)
                                0x5ac (size before relaxing)
 .stab          0x00004620      0x468 contiki-sky.a(button-sensor.o)
                                0x7d4 (size before relaxing)
 .stab          0x00004a88      0x618 contiki-sky.a(ds2411.o)